Archive member included because of file (symbol)

contiki-z1.a(servreg-hack.o)  unicast-sender.co (servreg_hack_init)
contiki-z1.a(contiki-z1-plat)
                              obj_z1/contiki-z1-main.o (init_platform)
contiki-z1.a(msp430.o)        obj_z1/contiki-z1-main.o (splhigh_)
contiki-z1.a(leds.o)          obj_z1/contiki-z1-main.o (leds_init)
contiki-z1.a(watchdog.o)      obj_z1/contiki-z1-main.o (watchdog_start)
contiki-z1.a(xmem.o)          obj_z1/contiki-z1-main.o (xmem_init)
contiki-z1.a(spi.o)           contiki-z1.a(xmem.o) (spi_init)
contiki-z1.a(cc2420.o)        obj_z1/contiki-z1-main.o (cc2420_set_pan_addr)
contiki-z1.a(cc2420-arch.o)   contiki-z1.a(cc2420.o) (cc2420_arch_init)
contiki-z1.a(node-id.o)       obj_z1/contiki-z1-main.o (node_id_restore)
contiki-z1.a(sensors.o)       contiki-z1.a(contiki-z1-plat) (sensors_process)
contiki-z1.a(uart0.o)         obj_z1/contiki-z1-main.o (uart0_active)
contiki-z1.a(uart0-putchar.o)
                              unicast-sender.co (putchar)
contiki-z1.a(z1-sensors.o)    contiki-z1.a(sensors.o) (sensors_flags)
contiki-z1.a(adxl345.o)       obj_z1/contiki-z1-main.o (adxl345)
contiki-z1.a(tmp102.o)        contiki-z1.a(z1-sensors.o) (tmp102)
contiki-z1.a(clock.o)         obj_z1/contiki-z1-main.o (clock_init)
contiki-z1.a(leds-arch.o)     contiki-z1.a(leds.o) (leds_arch_init)
contiki-z1.a(rtimer-arch.o)   obj_z1/contiki-z1-main.o (rtimer_arch_now)
contiki-z1.a(ctimer.o)        obj_z1/contiki-z1-main.o (ctimer_init)
contiki-z1.a(autostart.o)     obj_z1/contiki-z1-main.o (autostart_start)
contiki-z1.a(energest.o)      obj_z1/contiki-z1-main.o (energest_init)
contiki-z1.a(etimer.o)        contiki-z1.a(clock.o) (etimer_request_poll)
contiki-z1.a(process.o)       contiki-z1.a(servreg-hack.o) (process_current)
contiki-z1.a(rtimer.o)        obj_z1/contiki-z1-main.o (rtimer_init)
contiki-z1.a(timer.o)         contiki-z1.a(servreg-hack.o) (timer_set)
contiki-z1.a(memb.o)          contiki-z1.a(servreg-hack.o) (memb_init)
contiki-z1.a(list.o)          contiki-z1.a(servreg-hack.o) (list_init)
contiki-z1.a(random.o)        obj_z1/contiki-z1-main.o (random_init)
contiki-z1.a(uip-ds6.o)       unicast-sender.co (uip_ds6_if)
contiki-z1.a(uip-ds6-route.o)
                              contiki-z1.a(uip-ds6.o) (uip_ds6_route_init)
contiki-z1.a(uip6.o)          contiki-z1.a(servreg-hack.o) (uip_appdata)
contiki-z1.a(uip-ds6-nbr.o)   contiki-z1.a(uip-ds6.o) (uip_ds6_neighbors_init)
contiki-z1.a(uip-nd6.o)       contiki-z1.a(uip6.o) (uip_nd6_init)
contiki-z1.a(sicslowpan.o)    obj_z1/contiki-z1-main.o (sicslowpan_driver)
contiki-z1.a(uip-udp-packet.)
                              contiki-z1.a(servreg-hack.o) (uip_udp_packet_send)
contiki-z1.a(tcpip.o)         contiki-z1.a(sicslowpan.o) (tcpip_set_outputfunc)
contiki-z1.a(simple-udp.o)    unicast-sender.co (simple_udp_sendto)
contiki-z1.a(uip-debug.o)     unicast-sender.co (uip_debug_ipaddr_print)
contiki-z1.a(rpl-ext-header.)
                              contiki-z1.a(uip6.o) (rpl_verify_hbh_header)
contiki-z1.a(rpl.o)           contiki-z1.a(uip-ds6-nbr.o) (rpl_link_neighbor_callback)
contiki-z1.a(rpl-dag.o)       contiki-z1.a(rpl-ext-header.) (rpl_parents)
contiki-z1.a(queuebuf.o)      obj_z1/contiki-z1-main.o (queuebuf_init)
contiki-z1.a(nbr-table.o)     contiki-z1.a(uip-ds6-route.o) (nbr_table_register)
contiki-z1.a(packetbuf.o)     contiki-z1.a(cc2420.o) (packetbuf_set_datalen)
contiki-z1.a(linkaddr.o)      obj_z1/contiki-z1-main.o (linkaddr_copy)
contiki-z1.a(link-stats.o)    contiki-z1.a(rpl-dag.o) (link_stats_from_lladdr)
contiki-z1.a(framer-802154.o)
                              contiki-z1.a(sicslowpan.o) (framer_802154)
contiki-z1.a(csma.o)          obj_z1/contiki-z1-main.o (csma_driver)
contiki-z1.a(frame802154.o)   contiki-z1.a(framer-802154.o) (frame802154_get_pan_id)
contiki-z1.a(mac.o)           contiki-z1.a(csma.o) (mac_call_sent_callback)
contiki-z1.a(contikimac.o)    obj_z1/contiki-z1-main.o (contikimac_driver)
contiki-z1.a(nullsec.o)       contiki-z1.a(sicslowpan.o) (nullsec_driver)
contiki-z1.a(i2cmaster.o)     contiki-z1.a(adxl345.o) (i2c_receiveinit)
contiki-z1.a(button-sensor.o)
                              contiki-z1.a(z1-sensors.o) (button_sensor)
contiki-z1.a(stimer.o)        contiki-z1.a(uip-ds6.o) (stimer_set)
contiki-z1.a(uip-icmp6.o)     contiki-z1.a(uip6.o) (uip_icmp6_input)
contiki-z1.a(rpl-icmp6.o)     contiki-z1.a(rpl-dag.o) (rpl_icmp6_update_nbr_table)
contiki-z1.a(rpl-control.o)   contiki-z1.a(rpl-dag.o) (rpl_default_lifetime)
contiki-z1.a(rpl-timers.o)    contiki-z1.a(rpl.o) (rpl_reset_periodic_timer)
contiki-z1.a(rpl-nbr-policy.)
                              contiki-z1.a(nbr-table.o) (rpl_nbr_policy_find_removable)
contiki-z1.a(rpl-mrhof.o)     contiki-z1.a(rpl-dag.o) (rpl_mrhof)
contiki-z1.a(net-debug.o)     contiki-z1.a(rpl-icmp6.o) (net_debug_lladdr_print)
contiki-z1.a(mac-sequence.o)  contiki-z1.a(contikimac.o) (mac_sequence_is_duplicate)
[...]
Memory Configuration

Name             Origin             Length             Attributes
sfr              0x0000000000000000 0x0000000000000010
peripheral_8bit  0x0000000000000010 0x00000000000000f0
peripheral_16bit 0x0000000000000100 0x0000000000000100
ram_mirror       0x0000000000000200 0x0000000000000800 xw
infomem          0x0000000000001000 0x0000000000000100
infod            0x0000000000001000 0x0000000000000040
infoc            0x0000000000001040 0x0000000000000040
infob            0x0000000000001080 0x0000000000000040
infoa            0x00000000000010c0 0x0000000000000040
ram              0x0000000000001100 0x0000000000002000 xw
rom              0x0000000000003100 0x000000000000cebe xr
vectors          0x000000000000ffc0 0x0000000000000040
far_rom          0x0000000000010000 0x000000000000a000
bsl              0x0000000000000000 0x0000000000000000
ram2             0x0000000000000000 0x0000000000000000 xw
usbram           0x0000000000000000 0x0000000000000000 xw
*default*        0x0000000000000000 0xffffffffffffffff

Linker script and memory map

LOAD /opt/msp430-47-expr/bin/../lib/gcc/msp430/4.7.0/mcpu-430x/mmpy-16/msr20/mc20/crt0ivtbl32.o
                0x0000000000000041                __P1SEL2 = 0x41
                0x0000000000000045                __P5SEL2 = 0x45
LOAD unicast-sender.co
LOAD obj_z1/contiki-z1-main.o
LOAD contiki-z1.a
LOAD /opt/msp430-47-expr/bin/../lib/gcc/msp430/4.7.0/mcpu-430x/mmpy-16/msr20/mc20/libgcc.a
LOAD /opt/msp430-47-expr/bin/../lib/gcc/msp430/4.7.0/../../../../msp430/lib/mcpu-430x/mmpy-16/msr20/mc20/libc.a
LOAD /opt/msp430-47-expr/bin/../lib/gcc/msp430/4.7.0/mcpu-430x/mmpy-16/msr20/mc20/libgcc.a
LOAD /opt/msp430-47-expr/bin/../lib/gcc/msp430/4.7.0/mcpu-430x/mmpy-16/msr20/mc20/libcrt0.a
                0x0000000000000040                PROVIDE (__info_segment_size, 0x40)
                0x0000000000001000                PROVIDE (__infod, 0x1000)
                0x0000000000001040                PROVIDE (__infoc, 0x1040)
                0x0000000000001080                PROVIDE (__infob, 0x1080)
                0x00000000000010c0                PROVIDE (__infoa, 0x10c0)
                0x0000000000000000                __IE1 = 0x0
                0x0000000000000002                __IFG1 = 0x2
                0x0000000000000001                __IE2 = 0x1
                0x0000000000000003                __IFG2 = 0x3
                0x0000000000000006                __UC1IE = 0x6
                0x0000000000000007                __UC1IFG = 0x7
                0x00000000000001a0                __ADC12CTL0 = 0x1a0
                0x00000000000001a2                __ADC12CTL1 = 0x1a2
                0x00000000000001a4                __ADC12IFG = 0x1a4
                0x00000000000001a6                __ADC12IE = 0x1a6
                0x00000000000001a8                __ADC12IV = 0x1a8
                0x0000000000000140                __ADC12MEM0 = 0x140
                0x0000000000000142                __ADC12MEM1 = 0x142
                0x0000000000000144                __ADC12MEM2 = 0x144
                0x0000000000000146                __ADC12MEM3 = 0x146
                0x0000000000000148                __ADC12MEM4 = 0x148
                0x000000000000014a                __ADC12MEM5 = 0x14a
                0x000000000000014c                __ADC12MEM6 = 0x14c
                0x000000000000014e                __ADC12MEM7 = 0x14e
                0x0000000000000150                __ADC12MEM8 = 0x150
                0x0000000000000152                __ADC12MEM9 = 0x152
                0x0000000000000154                __ADC12MEM10 = 0x154
                0x0000000000000156                __ADC12MEM11 = 0x156
                0x0000000000000158                __ADC12MEM12 = 0x158
                0x000000000000015a                __ADC12MEM13 = 0x15a
                0x000000000000015c                __ADC12MEM14 = 0x15c
                0x000000000000015e                __ADC12MEM15 = 0x15e
                0x0000000000000080                __ADC12MCTL0 = 0x80
                0x0000000000000081                __ADC12MCTL1 = 0x81
                0x0000000000000082                __ADC12MCTL2 = 0x82
                0x0000000000000083                __ADC12MCTL3 = 0x83
                0x0000000000000084                __ADC12MCTL4 = 0x84
                0x0000000000000085                __ADC12MCTL5 = 0x85
                0x0000000000000086                __ADC12MCTL6 = 0x86
                0x0000000000000087                __ADC12MCTL7 = 0x87
                0x0000000000000088                __ADC12MCTL8 = 0x88
                0x0000000000000089                __ADC12MCTL9 = 0x89
                0x000000000000008a                __ADC12MCTL10 = 0x8a
                0x000000000000008b                __ADC12MCTL11 = 0x8b
                0x000000000000008c                __ADC12MCTL12 = 0x8c
                0x000000000000008d                __ADC12MCTL13 = 0x8d
                0x000000000000008e                __ADC12MCTL14 = 0x8e
                0x000000000000008f                __ADC12MCTL15 = 0x8f
                0x0000000000000056                __DCOCTL = 0x56
                0x0000000000000057                __BCSCTL1 = 0x57
                0x0000000000000058                __BCSCTL2 = 0x58
                0x0000000000000053                __BCSCTL3 = 0x53
                0x0000000000000059                __CACTL1 = 0x59
                0x000000000000005a                __CACTL2 = 0x5a
                0x000000000000005b                __CAPD = 0x5b
                0x00000000000001c0                __DAC12_0CTL = 0x1c0
                0x00000000000001c2                __DAC12_1CTL = 0x1c2
                0x00000000000001c8                __DAC12_0DAT = 0x1c8
                0x00000000000001ca                __DAC12_1DAT = 0x1ca
                0x0000000000000122                __DMACTL0 = 0x122
                0x0000000000000124                __DMACTL1 = 0x124
                0x0000000000000126                __DMAIV = 0x126
                0x00000000000001d0                __DMA0CTL = 0x1d0
                0x00000000000001dc                __DMA1CTL = 0x1dc
                0x00000000000001e8                __DMA2CTL = 0x1e8
                0x00000000000001d2                __DMA0SA = 0x1d2
                0x00000000000001d2                __DMA0SAL = 0x1d2
                0x00000000000001d6                __DMA0DA = 0x1d6
                0x00000000000001d6                __DMA0DAL = 0x1d6
                0x00000000000001da                __DMA0SZ = 0x1da
                0x00000000000001de                __DMA1SA = 0x1de
                0x00000000000001de                __DMA1SAL = 0x1de
                0x00000000000001e2                __DMA1DA = 0x1e2
                0x00000000000001e2                __DMA1DAL = 0x1e2
                0x00000000000001e6                __DMA1SZ = 0x1e6
                0x00000000000001ea                __DMA2SA = 0x1ea
                0x00000000000001ea                __DMA2SAL = 0x1ea
                0x00000000000001ee                __DMA2DA = 0x1ee
                0x00000000000001ee                __DMA2DAL = 0x1ee
                0x00000000000001f2                __DMA2SZ = 0x1f2
                0x0000000000000128                __FCTL1 = 0x128
                0x000000000000012a                __FCTL2 = 0x12a
                0x000000000000012c                __FCTL3 = 0x12c
                0x00000000000001be                __FCTL4 = 0x1be
                0x0000000000000130                __MPY = 0x130
                0x0000000000000132                __MPYS = 0x132
                0x0000000000000134                __MAC = 0x134
                0x0000000000000136                __MACS = 0x136
                0x0000000000000138                __OP2 = 0x138
                0x000000000000013a                __RESLO = 0x13a
                0x000000000000013c                __RESHI = 0x13c
                0x000000000000013e                __SUMEXT = 0x13e
                0x0000000000000020                __P1IN = 0x20
                0x0000000000000021                __P1OUT = 0x21
                0x0000000000000022                __P1DIR = 0x22
                0x0000000000000023                __P1IFG = 0x23
                0x0000000000000024                __P1IES = 0x24
                0x0000000000000025                __P1IE = 0x25
                0x0000000000000026                __P1SEL = 0x26
                0x0000000000000027                __P1REN = 0x27
                0x0000000000000028                __P2IN = 0x28
                0x0000000000000029                __P2OUT = 0x29
                0x000000000000002a                __P2DIR = 0x2a
                0x000000000000002b                __P2IFG = 0x2b
                0x000000000000002c                __P2IES = 0x2c
                0x000000000000002d                __P2IE = 0x2d
                0x000000000000002e                __P2SEL = 0x2e
                0x000000000000002f                __P2REN = 0x2f
                0x0000000000000018                __P3IN = 0x18
                0x0000000000000019                __P3OUT = 0x19
                0x000000000000001a                __P3DIR = 0x1a
                0x000000000000001b                __P3SEL = 0x1b
                0x0000000000000010                __P3REN = 0x10
                0x000000000000001c                __P4IN = 0x1c
                0x000000000000001d                __P4OUT = 0x1d
                0x000000000000001e                __P4DIR = 0x1e
                0x000000000000001f                __P4SEL = 0x1f
                0x0000000000000011                __P4REN = 0x11
                0x0000000000000030                __P5IN = 0x30
                0x0000000000000031                __P5OUT = 0x31
                0x0000000000000032                __P5DIR = 0x32
                0x0000000000000033                __P5SEL = 0x33
                0x0000000000000012                __P5REN = 0x12
                0x0000000000000034                __P6IN = 0x34
                0x0000000000000035                __P6OUT = 0x35
                0x0000000000000036                __P6DIR = 0x36
                0x0000000000000037                __P6SEL = 0x37
                0x0000000000000013                __P6REN = 0x13
                0x0000000000000038                __P7IN = 0x38
                0x000000000000003a                __P7OUT = 0x3a
                0x000000000000003c                __P7DIR = 0x3c
                0x000000000000003e                __P7SEL = 0x3e
                0x0000000000000014                __P7REN = 0x14
                0x0000000000000039                __P8IN = 0x39
                0x000000000000003b                __P8OUT = 0x3b
                0x000000000000003d                __P8DIR = 0x3d
                0x000000000000003f                __P8SEL = 0x3f
                0x0000000000000015                __P8REN = 0x15
                0x0000000000000038                __PAIN = 0x38
                0x000000000000003a                __PAOUT = 0x3a
                0x000000000000003c                __PADIR = 0x3c
                0x000000000000003e                __PASEL = 0x3e
                0x0000000000000014                __PAREN = 0x14
                0x0000000000000055                __SVSCTL = 0x55
                0x000000000000012e                __TAIV = 0x12e
                0x0000000000000160                __TACTL = 0x160
                0x0000000000000162                __TACCTL0 = 0x162
                0x0000000000000164                __TACCTL1 = 0x164
                0x0000000000000166                __TACCTL2 = 0x166
                0x0000000000000170                __TAR = 0x170
                0x0000000000000172                __TACCR0 = 0x172
                0x0000000000000174                __TACCR1 = 0x174
                0x0000000000000176                __TACCR2 = 0x176
                0x000000000000011e                __TBIV = 0x11e
                0x0000000000000180                __TBCTL = 0x180
                0x0000000000000182                __TBCCTL0 = 0x182
                0x0000000000000184                __TBCCTL1 = 0x184
                0x0000000000000186                __TBCCTL2 = 0x186
                0x0000000000000188                __TBCCTL3 = 0x188
                0x000000000000018a                __TBCCTL4 = 0x18a
                0x000000000000018c                __TBCCTL5 = 0x18c
                0x000000000000018e                __TBCCTL6 = 0x18e
                0x0000000000000190                __TBR = 0x190
                0x0000000000000192                __TBCCR0 = 0x192
                0x0000000000000194                __TBCCR1 = 0x194
                0x0000000000000196                __TBCCR2 = 0x196
                0x0000000000000198                __TBCCR3 = 0x198
                0x000000000000019a                __TBCCR4 = 0x19a
                0x000000000000019c                __TBCCR5 = 0x19c
                0x000000000000019e                __TBCCR6 = 0x19e
                0x0000000000000060                __UCA0CTL0 = 0x60
                0x0000000000000061                __UCA0CTL1 = 0x61
                0x0000000000000062                __UCA0BR0 = 0x62
                0x0000000000000063                __UCA0BR1 = 0x63
                0x0000000000000064                __UCA0MCTL = 0x64
                0x0000000000000065                __UCA0STAT = 0x65
                0x0000000000000066                __UCA0RXBUF = 0x66
                0x0000000000000067                __UCA0TXBUF = 0x67
                0x000000000000005d                __UCA0ABCTL = 0x5d
                0x000000000000005e                __UCA0IRTCTL = 0x5e
                0x000000000000005f                __UCA0IRRCTL = 0x5f
                0x0000000000000068                __UCB0CTL0 = 0x68
                0x0000000000000069                __UCB0CTL1 = 0x69
                0x000000000000006a                __UCB0BR0 = 0x6a
                0x000000000000006b                __UCB0BR1 = 0x6b
                0x000000000000006c                __UCB0I2CIE = 0x6c
                0x000000000000006d                __UCB0STAT = 0x6d
                0x000000000000006e                __UCB0RXBUF = 0x6e
                0x000000000000006f                __UCB0TXBUF = 0x6f
                0x0000000000000118                __UCB0I2COA = 0x118
                0x000000000000011a                __UCB0I2CSA = 0x11a
                0x00000000000000d0                __UCA1CTL0 = 0xd0
                0x00000000000000d1                __UCA1CTL1 = 0xd1
                0x00000000000000d2                __UCA1BR0 = 0xd2
                0x00000000000000d3                __UCA1BR1 = 0xd3
                0x00000000000000d4                __UCA1MCTL = 0xd4
                0x00000000000000d5                __UCA1STAT = 0xd5
                0x00000000000000d6                __UCA1RXBUF = 0xd6
                0x00000000000000d7                __UCA1TXBUF = 0xd7
                0x00000000000000cd                __UCA1ABCTL = 0xcd
                0x00000000000000ce                __UCA1IRTCTL = 0xce
                0x00000000000000cf                __UCA1IRRCTL = 0xcf
                0x00000000000000d8                __UCB1CTL0 = 0xd8
                0x00000000000000d9                __UCB1CTL1 = 0xd9
                0x00000000000000da                __UCB1BR0 = 0xda
                0x00000000000000db                __UCB1BR1 = 0xdb
                0x00000000000000dc                __UCB1I2CIE = 0xdc
                0x00000000000000dd                __UCB1STAT = 0xdd
                0x00000000000000de                __UCB1RXBUF = 0xde
                0x00000000000000df                __UCB1TXBUF = 0xdf
                0x000000000000017c                __UCB1I2COA = 0x17c
                0x000000000000017e                __UCB1I2CSA = 0x17e
                0x0000000000000120                __WDTCTL = 0x120
                0x00000000000010c0                __TLV_CHECKSUM = 0x10c0
                0x00000000000010f6                __TLV_DCO_30_TAG = 0x10f6
                0x00000000000010f7                __TLV_DCO_30_LEN = 0x10f7
                0x00000000000010da                __TLV_ADC12_1_TAG = 0x10da
                0x00000000000010db                __TLV_ADC12_1_LEN = 0x10db
                0x00000000000010f8                __CALDCO_16MHZ = 0x10f8
                0x00000000000010f9                __CALBC1_16MHZ = 0x10f9
                0x00000000000010fa                __CALDCO_12MHZ = 0x10fa
                0x00000000000010fb                __CALBC1_12MHZ = 0x10fb
                0x00000000000010fc                __CALDCO_8MHZ = 0x10fc
                0x00000000000010fd                __CALBC1_8MHZ = 0x10fd
                0x00000000000010fe                __CALDCO_1MHZ = 0x10fe
                0x00000000000010ff                __CALBC1_1MHZ = 0x10ff

.hash
 *(.hash)

.dynsym
 *(.dynsym)

.dynstr
 *(.dynstr)

.gnu.version
 *(.gnu.version)

.gnu.version_d
 *(.gnu.version_d)

.gnu.version_r
 *(.gnu.version_r)

.rel.init
 *(.rel.init)

.rela.init
 *(.rela.init)

.rel.fini
 *(.rel.fini)

.rela.fini
 *(.rela.fini)

.rel.text
 *(.rel.text .rel.text.* .rel.gnu.linkonce.t.*)

.rela.text
 *(.rela.text .rela.text.* .rela.gnu.linkonce.t.*)

.rel.rodata
 *(.rel.rodata .rel.rodata.* .rel.gnu.linkonce.r.*)

.rela.rodata
 *(.rela.rodata .rela.rodata.* .rela.gnu.linkonce.r.*)

.rel.data
 *(.rel.data .rel.data.* .rel.gnu.linkonce.d.*)

.rela.data
 *(.rela.data .rela.data.* .rela.gnu.linkonce.d.*)

.rel.bss
 *(.rel.bss .rel.bss.* .rel.gnu.linkonce.b.*)

.rela.bss
 *(.rela.bss .rela.bss.* .rela.gnu.linkonce.b.*)

.rel.ctors
 *(.rel.ctors)

.rela.ctors
 *(.rela.ctors)

.rel.dtors
 *(.rel.dtors)

.rela.dtors
 *(.rela.dtors)

.rel.got
 *(.rel.got)

.rela.got
 *(.rela.got)

.rel.plt
 *(.rel.plt)

.rela.plt
 *(.rela.plt)

.text           0x0000000000003100     0xb3f2
                0x0000000000003100                . = ALIGN (0x2)
 *(.init .init.*)
 *(.init0)
 .init0         0x0000000000003100        0x0 /opt/msp430-47-expr/bin/../lib/gcc/msp430/4.7.0/mcpu-430x/mmpy-16/msr20/mc20/libcrt0.a(_reset_vector__.o)
                0x0000000000003100                _reset_vector__
 *(.init1)
 .init1         0x0000000000003100        0xc /opt/msp430-47-expr/bin/../lib/gcc/msp430/4.7.0/mcpu-430x/mmpy-16/msr20/mc20/libcrt0.a(__watchdog_support.o)
                0x0000000000003100                __watchdog_support
 *(.init2)
 .init2         0x000000000000310c        0x4 /opt/msp430-47-expr/bin/../lib/gcc/msp430/4.7.0/mcpu-430x/mmpy-16/msr20/mc20/libcrt0.a(__init_stack.o)
                0x000000000000310c                __init_stack
 *(.init3)
 .init3         0x0000000000003110        0x0 /opt/msp430-47-expr/bin/../lib/gcc/msp430/4.7.0/mcpu-430x/mmpy-16/msr20/mc20/libcrt0.a(__low_level_init.o)
                0x0000000000003110                __low_level_init
 *(.init4)
 .init4         0x0000000000003110       0x18 /opt/msp430-47-expr/bin/../lib/gcc/msp430/4.7.0/mcpu-430x/mmpy-16/msr20/mc20/libcrt0.a(_copy_data.o)
                0x0000000000003110                __do_copy_data
 .init4         0x0000000000003128       0x16 /opt/msp430-47-expr/bin/../lib/gcc/msp430/4.7.0/mcpu-430x/mmpy-16/msr20/mc20/libcrt0.a(_clear_bss.o)
                0x0000000000003128                __do_clear_bss
 *(.init5)
 *(.init6)
 *(.init7)
 *(.init8)
 *(.init9)
 .init9         0x000000000000313e      0x348 obj_z1/contiki-z1-main.o
                0x000000000000313e                main
 *(.fini9)
 .fini9         0x0000000000003486        0x0 /opt/msp430-47-expr/bin/../lib/gcc/msp430/4.7.0/mcpu-430x/mmpy-16/msr20/mc20/libcrt0.a(__stop_progExec__.o)
                0x0000000000003486                __stop_progExec__
 *(.fini8)
 *(.fini7)
 *(.fini6)
 *(.fini5)
 *(.fini4)
 *(.fini3)
 *(.fini2)
 *(.fini1)
 *(.fini0)
 .fini0         0x0000000000003486        0x6 /opt/msp430-47-expr/bin/../lib/gcc/msp430/4.7.0/mcpu-430x/mmpy-16/msr20/mc20/libcrt0.a(_endless_loop__.o)
                0x0000000000003486                _endless_loop__
 *(.fini .fini.*)
                0x000000000000348c                . = ALIGN (0x2)
                0x000000000000348c                __ctors_start = .
 *(.ctors)
                0x000000000000348c                __ctors_end = .
                0x000000000000348c                __dtors_start = .
 *(.dtors)
                0x000000000000348c                __dtors_end = .
                0x000000000000348c                . = ALIGN (0x2)
 *(.text .text.* .gnu.linkonce.t.*)
 .text          0x000000000000348c        0x4 /opt/msp430-47-expr/bin/../lib/gcc/msp430/4.7.0/mcpu-430x/mmpy-16/msr20/mc20/crt0ivtbl32.o
                0x000000000000348c                __isr_14
                0x000000000000348c                __isr_4
                0x000000000000348c                __isr_29
                0x000000000000348c                __isr_11
                0x000000000000348c                __isr_5
                0x000000000000348c                __isr_2
                0x000000000000348c                __isr_10
                0x000000000000348c                __isr_7
                0x000000000000348c                __isr_0
                0x000000000000348c                __isr_28
                0x000000000000348c                __isr_8
                0x000000000000348c                __isr_20
                0x000000000000348c                __isr_3
                0x000000000000348c                __isr_12
                0x000000000000348c                __isr_13
                0x000000000000348c                __isr_27
                0x000000000000348c                __isr_9
                0x000000000000348c                __isr_30
                0x000000000000348c                __isr_6
                0x000000000000348c                __isr_22
                0x000000000000348c                __isr_1
                0x000000000000348c                __isr_15
                0x000000000000348c                __isr_21
 .text.libgcc   0x0000000000003490       0x26 /opt/msp430-47-expr/bin/../lib/gcc/msp430/4.7.0/mcpu-430x/mmpy-16/msr20/mc20/libgcc.a(_mulsi3.o)
                0x0000000000003490                __mulsi3
 .text.libgcc   0x00000000000034b6       0x22 /opt/msp430-47-expr/bin/../lib/gcc/msp430/4.7.0/mcpu-430x/mmpy-16/msr20/mc20/libgcc.a(_udivmod16.o)
                0x00000000000034b6                __udivhi3
                0x00000000000034b6                __ext_udivmod16
                0x00000000000034d0                __umodhi3
 .text.libgcc   0x00000000000034d8       0x3a /opt/msp430-47-expr/bin/../lib/gcc/msp430/4.7.0/mcpu-430x/mmpy-16/msr20/mc20/libgcc.a(_divmod16.o)
                0x00000000000034d8                __ext_divmod16
                0x00000000000034d8                __divhi3
                0x000000000000350a                __modhi3
 .text.libgcc   0x0000000000003512       0x38 /opt/msp430-47-expr/bin/../lib/gcc/msp430/4.7.0/mcpu-430x/mmpy-16/msr20/mc20/libgcc.a(_udivmod32.o)
                0x0000000000003512                __udivsi3
                0x0000000000003512                __ext_udivmod32
                0x0000000000003540                __umodsi3
 .text.libgcc   0x000000000000354a       0x4c /opt/msp430-47-expr/bin/../lib/gcc/msp430/4.7.0/mcpu-430x/mmpy-16/msr20/mc20/libgcc.a(_divmod32.o)
                0x000000000000354a                __ext_divmod32
                0x000000000000354a                __divsi3
                0x000000000000358c                __modsi3
 .text.libgcc   0x0000000000003596       0xbc /opt/msp430-47-expr/bin/../lib/gcc/msp430/4.7.0/mcpu-430x/mmpy-16/msr20/mc20/libgcc.a(_udivmod64.o)
                0x0000000000003596                __xabi_udivmod64
                0x00000000000035e8                __udivdi3
                0x0000000000003602                __umoddi3
                0x0000000000003624                __udivmoddi4
 .text.crt0     0x0000000000003652        0x2 /opt/msp430-47-expr/bin/../lib/gcc/msp430/4.7.0/mcpu-430x/mmpy-16/msr20/mc20/libcrt0.a(_unexpected_.o)
                0x0000000000003652                _unexpected_
 *(.near.text .near.text.*)
 .near.text.watchdog_interrupt
                0x0000000000003654        0x6 contiki-z1.a(watchdog.o)
                0x0000000000003654                __isr_26
                0x0000000000003654                watchdog_interrupt
 .near.text.uart0_rx_interrupt
                0x000000000000365a       0x64 contiki-z1.a(uart0.o)
                0x000000000000365a                __isr_23
                0x000000000000365a                uart0_rx_interrupt
 .near.text.port1_isr
                0x00000000000036be       0xbe contiki-z1.a(adxl345.o)
                0x00000000000036be                port1_isr
                0x00000000000036be                __isr_18
 .near.text.timera1
                0x000000000000377c      0x10a contiki-z1.a(clock.o)
                0x000000000000377c                __isr_24
                0x000000000000377c                timera1
 .near.text.timera0
                0x0000000000003886       0x5c contiki-z1.a(rtimer-arch.o)
                0x0000000000003886                __isr_25
                0x0000000000003886                timera0
 .near.text.i2c_tx_interrupt
                0x00000000000038e2       0x84 contiki-z1.a(i2cmaster.o)
                0x00000000000038e2                __isr_16
                0x00000000000038e2                i2c_tx_interrupt
 .near.text.i2c_rx_interrupt
                0x0000000000003966       0x14 contiki-z1.a(i2cmaster.o)
                0x0000000000003966                i2c_rx_interrupt
                0x0000000000003966                __isr_17
 .near.text.irq_p2
                0x000000000000397a       0x76 contiki-z1.a(button-sensor.o)
                0x000000000000397a                irq_p2
                0x000000000000397a                __isr_19
 .any.text.receiver
                0x00000000000039f0       0x16 unicast-sender.co
 .any.text.process_thread_unicast_sender_process
                0x0000000000003a06      0x1b2 unicast-sender.co
 .any.text.purge_registrations
                0x0000000000003bb8       0x7a contiki-z1.a(servreg-hack.o)
 .any.text.servreg_hack_init
                0x0000000000003c32       0x2e contiki-z1.a(servreg-hack.o)
                0x0000000000003c32                servreg_hack_init
 .any.text.servreg_hack_list_head
                0x0000000000003c60        0xe contiki-z1.a(servreg-hack.o)
                0x0000000000003c60                servreg_hack_list_head
 .any.text.process_thread_servreg_hack_process
                0x0000000000003c6e      0x216 contiki-z1.a(servreg-hack.o)
 .any.text.servreg_hack_lookup
                0x0000000000003e84       0x2a contiki-z1.a(servreg-hack.o)
                0x0000000000003e84                servreg_hack_lookup
 .any.text.init_platform
                0x0000000000003eae        0xc contiki-z1.a(contiki-z1-plat)
                0x0000000000003eae                init_platform
 .any.text.msp430_init_dco
                0x0000000000003eba       0x28 contiki-z1.a(msp430.o)
                0x0000000000003eba                msp430_init_dco
 .any.text.splhigh_
                0x0000000000003ee2        0x8 contiki-z1.a(msp430.o)
                0x0000000000003ee2                splhigh_
 .any.text.msp430_sync_dco
                0x0000000000003eea       0x6e contiki-z1.a(msp430.o)
                0x0000000000003eea                msp430_sync_dco
 .any.text.msp430_cpu_init
                0x0000000000003f58       0x2e contiki-z1.a(msp430.o)
                0x0000000000003f58                msp430_cpu_init
 .any.text.show_leds
                0x0000000000003f86       0xe8 contiki-z1.a(leds.o)
 .any.text.leds_init
                0x000000000000406e        0xa contiki-z1.a(leds.o)
                0x000000000000406e                leds_init
 .any.text.leds_on
                0x0000000000004078        0xa contiki-z1.a(leds.o)
                0x0000000000004078                leds_on
 .any.text.leds_off
                0x0000000000004082        0xe contiki-z1.a(leds.o)
                0x0000000000004082                leds_off
 .any.text.watchdog_start
                0x0000000000004090       0x14 contiki-z1.a(watchdog.o)
                0x0000000000004090                watchdog_start
 .any.text.watchdog_periodic
                0x00000000000040a4       0x12 contiki-z1.a(watchdog.o)
                0x00000000000040a4                watchdog_periodic
 .any.text.watchdog_stop
                0x00000000000040b6       0x16 contiki-z1.a(watchdog.o)
                0x00000000000040b6                watchdog_stop
 .any.text.watchdog_init
                0x00000000000040cc       0x12 contiki-z1.a(watchdog.o)
                0x00000000000040cc                watchdog_init
 .any.text.wait_ready
                0x00000000000040de       0x46 contiki-z1.a(xmem.o)
 .any.text.xmem_init
                0x0000000000004124       0x1e contiki-z1.a(xmem.o)
                0x0000000000004124                xmem_init
 .any.text.xmem_pread
                0x0000000000004142       0xc2 contiki-z1.a(xmem.o)
                0x0000000000004142                xmem_pread
 .any.text.spi_init
                0x0000000000004204       0x32 contiki-z1.a(spi.o)
                0x0000000000004204                spi_init
 .any.text.get_object
                0x0000000000004236        0x4 contiki-z1.a(cc2420.o)
 .any.text.set_object
                0x000000000000423a        0x4 contiki-z1.a(cc2420.o)
 .any.text.strobe
                0x000000000000423e       0x1a contiki-z1.a(cc2420.o)
 .any.text.getreg
                0x0000000000004258       0x46 contiki-z1.a(cc2420.o)
 .any.text.setreg
                0x000000000000429e       0x44 contiki-z1.a(cc2420.o)
 .any.text.write_ram
                0x00000000000042e2       0x72 contiki-z1.a(cc2420.o)
 .any.text.write_fifo_buf
                0x0000000000004354       0x38 contiki-z1.a(cc2420.o)
 .any.text.get_status
                0x000000000000438c       0x1e contiki-z1.a(cc2420.o)
 .any.text.set_txpower
                0x00000000000043aa       0x24 contiki-z1.a(cc2420.o)
 .any.text.cc2420_receiving_packet
                0x00000000000043ce        0xa contiki-z1.a(cc2420.o)
 .any.text.pending_packet
                0x00000000000043d8        0xa contiki-z1.a(cc2420.o)
 .any.text.on   0x00000000000043e2       0x26 contiki-z1.a(cc2420.o)
 .any.text.wait_for_transmission
                0x0000000000004408       0x22 contiki-z1.a(cc2420.o)
 .any.text.wait_for_status
                0x000000000000442a       0x24 contiki-z1.a(cc2420.o)
 .any.text.getrxdata
                0x000000000000444e       0x4c contiki-z1.a(cc2420.o)
 .any.text.flushrx
                0x000000000000449a       0x1a contiki-z1.a(cc2420.o)
 .any.text.off  0x00000000000044b4       0x5a contiki-z1.a(cc2420.o)
 .any.text.RELEASE_LOCK
                0x000000000000450e       0x28 contiki-z1.a(cc2420.o)
 .any.text.set_frame_filtering
                0x0000000000004536       0x30 contiki-z1.a(cc2420.o)
 .any.text.set_auto_ack
                0x0000000000004566       0x30 contiki-z1.a(cc2420.o)
 .any.text.set_poll_mode
                0x0000000000004596       0x2c contiki-z1.a(cc2420.o)
 .any.text.cc2420_prepare
                0x00000000000045c2       0x38 contiki-z1.a(cc2420.o)
 .any.text.cc2420_on
                0x00000000000045fa       0x22 contiki-z1.a(cc2420.o)
                0x00000000000045fa                cc2420_on
 .any.text.cc2420_off
                0x000000000000461c       0x30 contiki-z1.a(cc2420.o)
                0x000000000000461c                cc2420_off
 .any.text.cc2420_cca
                0x000000000000464c       0x54 contiki-z1.a(cc2420.o)
 .any.text.cc2420_read
                0x00000000000046a0       0xb8 contiki-z1.a(cc2420.o)
 .any.text.process_thread_cc2420_process
                0x0000000000004758       0x5c contiki-z1.a(cc2420.o)
 .any.text.cc2420_set_channel
                0x00000000000047b4       0x3a contiki-z1.a(cc2420.o)
                0x00000000000047b4                cc2420_set_channel
 .any.text.cc2420_set_pan_addr
                0x00000000000047ee       0x4c contiki-z1.a(cc2420.o)
                0x00000000000047ee                cc2420_set_pan_addr
 .any.text.cc2420_interrupt
                0x000000000000483a       0x16 contiki-z1.a(cc2420.o)
                0x000000000000483a                cc2420_interrupt
 .any.text.cc2420_set_txpower
                0x0000000000004850        0xe contiki-z1.a(cc2420.o)
                0x0000000000004850                cc2420_set_txpower
 .any.text.cc2420_get_txpower
                0x000000000000485e       0x1e contiki-z1.a(cc2420.o)
                0x000000000000485e                cc2420_get_txpower
 .any.text.cc2420_transmit
                0x000000000000487c      0x10e contiki-z1.a(cc2420.o)
 .any.text.cc2420_send
                0x000000000000498a       0x12 contiki-z1.a(cc2420.o)
 .any.text.cc2420_rssi
                0x000000000000499c       0x48 contiki-z1.a(cc2420.o)
                0x000000000000499c                cc2420_rssi
 .any.text.get_value
                0x00000000000049e4      0x104 contiki-z1.a(cc2420.o)
 .any.text.cc2420_set_cca_threshold
                0x0000000000004ae8       0x16 contiki-z1.a(cc2420.o)
                0x0000000000004ae8                cc2420_set_cca_threshold
 .any.text.set_value
                0x0000000000004afe       0xb2 contiki-z1.a(cc2420.o)
 .any.text.cc2420_init
                0x0000000000004bb0       0xea contiki-z1.a(cc2420.o)
                0x0000000000004bb0                cc2420_init
 .any.text.cc2420_arch_init
                0x0000000000004c9a       0x1a contiki-z1.a(cc2420-arch.o)
                0x0000000000004c9a                cc2420_arch_init
 .any.text.node_id_restore
                0x0000000000004cb4       0x4c contiki-z1.a(node-id.o)
                0x0000000000004cb4                node_id_restore
 .any.text.process_thread_sensors_process
                0x0000000000004d00       0xc2 contiki-z1.a(sensors.o)
 .any.text.sensors_changed
                0x0000000000004dc2       0x2a contiki-z1.a(sensors.o)
                0x0000000000004dc2                sensors_changed
 .any.text.uart0_active
                0x0000000000004dec        0xe contiki-z1.a(uart0.o)
                0x0000000000004dec                uart0_active
 .any.text.uart0_writeb
                0x0000000000004dfa       0x16 contiki-z1.a(uart0.o)
                0x0000000000004dfa                uart0_writeb
 .any.text.uart0_init
                0x0000000000004e10       0x4e contiki-z1.a(uart0.o)
                0x0000000000004e10                uart0_init
 .any.text.putchar
                0x0000000000004e5e       0x10 contiki-z1.a(uart0-putchar.o)
                0x0000000000004e5e                putchar
 .any.text.status
                0x0000000000004e6e       0x12 contiki-z1.a(adxl345.o)
 .any.text.accm_write_reg
                0x0000000000004e80       0x2e contiki-z1.a(adxl345.o)
 .any.text.accm_write_stream
                0x0000000000004eae       0x2a contiki-z1.a(adxl345.o)
 .any.text.accm_read_reg
                0x0000000000004ed8       0x54 contiki-z1.a(adxl345.o)
 .any.text.process_thread_accmeter_process
                0x0000000000004f2c       0x56 contiki-z1.a(adxl345.o)
 .any.text.accm_read_axis.part.0
                0x0000000000004f82       0x5a contiki-z1.a(adxl345.o)
 .any.text.value
                0x0000000000004fdc       0x1e contiki-z1.a(adxl345.o)
 .any.text.accm_init
                0x0000000000004ffa       0x78 contiki-z1.a(adxl345.o)
                0x0000000000004ffa                accm_init
 .any.text.accm_stop
                0x0000000000005072       0x32 contiki-z1.a(adxl345.o)
                0x0000000000005072                accm_stop
 .any.text.configure
                0x00000000000050a4       0x26 contiki-z1.a(adxl345.o)
 .any.text.status
                0x00000000000050ca       0x12 contiki-z1.a(tmp102.o)
 .any.text.tmp102_init
                0x00000000000050dc       0x24 contiki-z1.a(tmp102.o)
                0x00000000000050dc                tmp102_init
 .any.text.tmp102_stop
                0x0000000000005100        0xa contiki-z1.a(tmp102.o)
                0x0000000000005100                tmp102_stop
 .any.text.configure
                0x000000000000510a       0x26 contiki-z1.a(tmp102.o)
 .any.text.tmp102_read_reg
                0x0000000000005130       0x5e contiki-z1.a(tmp102.o)
                0x0000000000005130                tmp102_read_reg
 .any.text.tmp102_read_temp_x100
                0x000000000000518e       0x58 contiki-z1.a(tmp102.o)
                0x000000000000518e                tmp102_read_temp_x100
 .any.text.value
                0x00000000000051e6        0x6 contiki-z1.a(tmp102.o)
 .any.text.clock_time
                0x00000000000051ec       0x1a contiki-z1.a(clock.o)
                0x00000000000051ec                clock_time
 .any.text.clock_init
                0x0000000000005206       0x28 contiki-z1.a(clock.o)
                0x0000000000005206                clock_init
 .any.text.clock_delay
                0x000000000000522e        0xc contiki-z1.a(clock.o)
                0x000000000000522e                clock_delay
 .any.text.clock_wait
                0x000000000000523a       0x24 contiki-z1.a(clock.o)
                0x000000000000523a                clock_wait
 .any.text.clock_seconds
                0x000000000000525e       0x1a contiki-z1.a(clock.o)
                0x000000000000525e                clock_seconds
 .any.text.leds_arch_init
                0x0000000000005278        0xe contiki-z1.a(leds-arch.o)
                0x0000000000005278                leds_arch_init
 .any.text.leds_arch_set
                0x0000000000005286       0x38 contiki-z1.a(leds-arch.o)
                0x0000000000005286                leds_arch_set
 .any.text.rtimer_arch_init
                0x00000000000052be        0xe contiki-z1.a(rtimer-arch.o)
                0x00000000000052be                rtimer_arch_init
 .any.text.rtimer_arch_now
                0x00000000000052cc        0xe contiki-z1.a(rtimer-arch.o)
                0x00000000000052cc                rtimer_arch_now
 .any.text.rtimer_arch_schedule
                0x00000000000052da        0x6 contiki-z1.a(rtimer-arch.o)
                0x00000000000052da                rtimer_arch_schedule
 .any.text.process_thread_ctimer_process
                0x00000000000052e0       0xa0 contiki-z1.a(ctimer.o)
 .any.text.ctimer_init
                0x0000000000005380       0x18 contiki-z1.a(ctimer.o)
                0x0000000000005380                ctimer_init
 .any.text.ctimer_set_with_process
                0x0000000000005398       0x4a contiki-z1.a(ctimer.o)
                0x0000000000005398                ctimer_set_with_process
 .any.text.ctimer_set
                0x00000000000053e2       0x10 contiki-z1.a(ctimer.o)
                0x00000000000053e2                ctimer_set
 .any.text.ctimer_reset
                0x00000000000053f2       0x2c contiki-z1.a(ctimer.o)
                0x00000000000053f2                ctimer_reset
 .any.text.ctimer_restart
                0x000000000000541e       0x2c contiki-z1.a(ctimer.o)
                0x000000000000541e                ctimer_restart
 .any.text.ctimer_stop
                0x000000000000544a       0x28 contiki-z1.a(ctimer.o)
                0x000000000000544a                ctimer_stop
 .any.text.autostart_start
                0x0000000000005472       0x16 contiki-z1.a(autostart.o)
                0x0000000000005472                autostart_start
 .any.text.energest_init
                0x0000000000005488       0x24 contiki-z1.a(energest.o)
                0x0000000000005488                energest_init
 .any.text.energest_type_time
                0x00000000000054ac       0x3c contiki-z1.a(energest.o)
                0x00000000000054ac                energest_type_time
 .any.text.energest_type_set
                0x00000000000054e8        0xc contiki-z1.a(energest.o)
                0x00000000000054e8                energest_type_set
 .any.text.energest_flush
                0x00000000000054f4       0x38 contiki-z1.a(energest.o)
                0x00000000000054f4                energest_flush
 .any.text.update_time
                0x000000000000552c       0x70 contiki-z1.a(etimer.o)
 .any.text.etimer_request_poll
                0x000000000000559c        0xa contiki-z1.a(etimer.o)
                0x000000000000559c                etimer_request_poll
 .any.text.process_thread_etimer_process
                0x00000000000055a6       0xc4 contiki-z1.a(etimer.o)
 .any.text.add_timer
                0x000000000000566a       0x40 contiki-z1.a(etimer.o)
 .any.text.etimer_set
                0x00000000000056aa       0x12 contiki-z1.a(etimer.o)
                0x00000000000056aa                etimer_set
 .any.text.etimer_reset
                0x00000000000056bc       0x12 contiki-z1.a(etimer.o)
                0x00000000000056bc                etimer_reset
 .any.text.etimer_restart
                0x00000000000056ce       0x12 contiki-z1.a(etimer.o)
                0x00000000000056ce                etimer_restart
 .any.text.etimer_expired
                0x00000000000056e0        0xe contiki-z1.a(etimer.o)
                0x00000000000056e0                etimer_expired
 .any.text.etimer_expiration_time
                0x00000000000056ee       0x14 contiki-z1.a(etimer.o)
                0x00000000000056ee                etimer_expiration_time
 .any.text.etimer_pending
                0x0000000000005702        0xc contiki-z1.a(etimer.o)
                0x0000000000005702                etimer_pending
 .any.text.etimer_next_expiration_time
                0x000000000000570e       0x16 contiki-z1.a(etimer.o)
                0x000000000000570e                etimer_next_expiration_time
 .any.text.etimer_stop
                0x0000000000005724       0x3e contiki-z1.a(etimer.o)
                0x0000000000005724                etimer_stop
 .any.text.call_process
                0x0000000000005762       0x40 contiki-z1.a(process.o)
 .any.text.exit_process
                0x00000000000057a2       0x88 contiki-z1.a(process.o)
 .any.text.do_poll
                0x000000000000582a       0x30 contiki-z1.a(process.o)
 .any.text.process_alloc_event
                0x000000000000585a        0xe contiki-z1.a(process.o)
                0x000000000000585a                process_alloc_event
 .any.text.process_init
                0x0000000000005868       0x1c contiki-z1.a(process.o)
                0x0000000000005868                process_init
 .any.text.process_run
                0x0000000000005884       0x8c contiki-z1.a(process.o)
                0x0000000000005884                process_run
 .any.text.process_nevents
                0x0000000000005910        0xe contiki-z1.a(process.o)
                0x0000000000005910                process_nevents
 .any.text.process_post
                0x000000000000591e       0x4a contiki-z1.a(process.o)
                0x000000000000591e                process_post
 .any.text.process_post_synch
                0x0000000000005968       0x12 contiki-z1.a(process.o)
                0x0000000000005968                process_post_synch
 .any.text.process_start
                0x000000000000597a       0x36 contiki-z1.a(process.o)
                0x000000000000597a                process_start
 .any.text.process_poll
                0x00000000000059b0       0x18 contiki-z1.a(process.o)
                0x00000000000059b0                process_poll
 .any.text.rtimer_init
                0x00000000000059c8        0x6 contiki-z1.a(rtimer.o)
                0x00000000000059c8                rtimer_init
 .any.text.rtimer_set
                0x00000000000059ce       0x24 contiki-z1.a(rtimer.o)
                0x00000000000059ce                rtimer_set
 .any.text.rtimer_run_next
                0x00000000000059f2       0x26 contiki-z1.a(rtimer.o)
                0x00000000000059f2                rtimer_run_next
 .any.text.timer_set
                0x0000000000005a18       0x1c contiki-z1.a(timer.o)
                0x0000000000005a18                timer_set
 .any.text.timer_reset
                0x0000000000005a34        0xe contiki-z1.a(timer.o)
                0x0000000000005a34                timer_reset
 .any.text.timer_restart
                0x0000000000005a42       0x14 contiki-z1.a(timer.o)
                0x0000000000005a42                timer_restart
 .any.text.timer_expired
                0x0000000000005a56       0x2a contiki-z1.a(timer.o)
                0x0000000000005a56                timer_expired
 .any.text.memb_init
                0x0000000000005a80       0x36 contiki-z1.a(memb.o)
                0x0000000000005a80                memb_init
 .any.text.memb_alloc
                0x0000000000005ab6       0x3e contiki-z1.a(memb.o)
                0x0000000000005ab6                memb_alloc
 .any.text.memb_free
                0x0000000000005af4       0x3a contiki-z1.a(memb.o)
                0x0000000000005af4                memb_free
 .any.text.memb_inmemb
                0x0000000000005b2e       0x2a contiki-z1.a(memb.o)
                0x0000000000005b2e                memb_inmemb
 .any.text.memb_numfree
                0x0000000000005b58       0x26 contiki-z1.a(memb.o)
                0x0000000000005b58                memb_numfree
 .any.text.list_init
                0x0000000000005b7e        0x6 contiki-z1.a(list.o)
                0x0000000000005b7e                list_init
 .any.text.list_head
                0x0000000000005b84        0x4 contiki-z1.a(list.o)
                0x0000000000005b84                list_head
 .any.text.list_tail
                0x0000000000005b88       0x12 contiki-z1.a(list.o)
                0x0000000000005b88                list_tail
 .any.text.list_remove
                0x0000000000005b9a       0x34 contiki-z1.a(list.o)
                0x0000000000005b9a                list_remove
 .any.text.list_push
                0x0000000000005bce       0x16 contiki-z1.a(list.o)
                0x0000000000005bce                list_push
 .any.text.list_add
                0x0000000000005be4       0x26 contiki-z1.a(list.o)
                0x0000000000005be4                list_add
 .any.text.list_length
                0x0000000000005c0a       0x10 contiki-z1.a(list.o)
                0x0000000000005c0a                list_length
 .any.text.list_item_next
                0x0000000000005c1a        0xc contiki-z1.a(list.o)
                0x0000000000005c1a                list_item_next
 .any.text.random_init
                0x0000000000005c26        0x6 contiki-z1.a(random.o)
                0x0000000000005c26                random_init
 .any.text.random_rand
                0x0000000000005c2c        0x6 contiki-z1.a(random.o)
                0x0000000000005c2c                random_rand
 .any.text.uip_ds6_list_loop
                0x0000000000005c32       0x66 contiki-z1.a(uip-ds6.o)
                0x0000000000005c32                uip_ds6_list_loop
 .any.text.uip_ds6_prefix_add
                0x0000000000005c98       0x70 contiki-z1.a(uip-ds6.o)
                0x0000000000005c98                uip_ds6_prefix_add
 .any.text.uip_ds6_is_addr_onlink
                0x0000000000005d08       0x42 contiki-z1.a(uip-ds6.o)
                0x0000000000005d08                uip_ds6_is_addr_onlink
 .any.text.uip_ds6_addr_lookup
                0x0000000000005d4a       0x2a contiki-z1.a(uip-ds6.o)
                0x0000000000005d4a                uip_ds6_addr_lookup
 .any.text.uip_ds6_get_link_local
                0x0000000000005d74       0x3e contiki-z1.a(uip-ds6.o)
                0x0000000000005d74                uip_ds6_get_link_local
 .any.text.uip_ds6_maddr_add
                0x0000000000005db2       0x48 contiki-z1.a(uip-ds6.o)
                0x0000000000005db2                uip_ds6_maddr_add
 .any.text.uip_ds6_addr_add
                0x0000000000005dfa       0xb4 contiki-z1.a(uip-ds6.o)
                0x0000000000005dfa                uip_ds6_addr_add
 .any.text.uip_ds6_maddr_rm
                0x0000000000005eae        0xa contiki-z1.a(uip-ds6.o)
                0x0000000000005eae                uip_ds6_maddr_rm
 .any.text.uip_ds6_maddr_lookup
                0x0000000000005eb8       0x2a contiki-z1.a(uip-ds6.o)
                0x0000000000005eb8                uip_ds6_maddr_lookup
 .any.text.uip_ds6_addr_rm
                0x0000000000005ee2       0x54 contiki-z1.a(uip-ds6.o)
                0x0000000000005ee2                uip_ds6_addr_rm
 .any.text.uip_ds6_periodic
                0x0000000000005f36       0x46 contiki-z1.a(uip-ds6.o)
                0x0000000000005f36                uip_ds6_periodic
 .any.text.uip_ds6_set_addr_iid
                0x0000000000005f7c       0x14 contiki-z1.a(uip-ds6.o)
                0x0000000000005f7c                uip_ds6_set_addr_iid
 .any.text.get_match_length
                0x0000000000005f90       0x3c contiki-z1.a(uip-ds6.o)
                0x0000000000005f90                get_match_length
 .any.text.uip_ds6_select_src
                0x0000000000005fcc       0x9a contiki-z1.a(uip-ds6.o)
                0x0000000000005fcc                uip_ds6_select_src
 .any.text.uip_ds6_compute_reachable_time
                0x0000000000006066       0x36 contiki-z1.a(uip-ds6.o)
                0x0000000000006066                uip_ds6_compute_reachable_time
 .any.text.uip_ds6_init
                0x000000000000609c      0x138 contiki-z1.a(uip-ds6.o)
                0x000000000000609c                uip_ds6_init
 .any.text.call_route_callback
                0x00000000000061d4       0x40 contiki-z1.a(uip-ds6-route.o)
 .any.text.uip_ds6_route_init
                0x0000000000006214       0x36 contiki-z1.a(uip-ds6-route.o)
                0x0000000000006214                uip_ds6_route_init
 .any.text.uip_ds6_route_nexthop
                0x000000000000624a       0x1a contiki-z1.a(uip-ds6-route.o)
                0x000000000000624a                uip_ds6_route_nexthop
 .any.text.uip_ds6_route_head
                0x0000000000006264        0xa contiki-z1.a(uip-ds6-route.o)
                0x0000000000006264                uip_ds6_route_head
 .any.text.uip_ds6_route_next
                0x000000000000626e        0xe contiki-z1.a(uip-ds6-route.o)
                0x000000000000626e                uip_ds6_route_next
 .any.text.uip_ds6_route_is_nexthop
                0x000000000000627c       0x22 contiki-z1.a(uip-ds6-route.o)
                0x000000000000627c                uip_ds6_route_is_nexthop
 .any.text.uip_ds6_route_lookup
                0x000000000000629e       0x6e contiki-z1.a(uip-ds6-route.o)
                0x000000000000629e                uip_ds6_route_lookup
 .any.text.uip_ds6_route_rm
                0x000000000000630c       0xa2 contiki-z1.a(uip-ds6-route.o)
                0x000000000000630c                uip_ds6_route_rm
 .any.text.rm_routelist
                0x00000000000063ae       0x34 contiki-z1.a(uip-ds6-route.o)
 .any.text.rm_routelist_callback
                0x00000000000063e2        0x6 contiki-z1.a(uip-ds6-route.o)
 .any.text.uip_ds6_route_add
                0x00000000000063e8       0xfc contiki-z1.a(uip-ds6-route.o)
                0x00000000000063e8                uip_ds6_route_add
 .any.text.uip_ds6_defrt_rm
                0x00000000000064e4       0x44 contiki-z1.a(uip-ds6-route.o)
                0x00000000000064e4                uip_ds6_defrt_rm
 .any.text.uip_ds6_defrt_lookup
                0x0000000000006528       0x32 contiki-z1.a(uip-ds6-route.o)
                0x0000000000006528                uip_ds6_defrt_lookup
 .any.text.uip_ds6_defrt_add
                0x000000000000655a       0x68 contiki-z1.a(uip-ds6-route.o)
                0x000000000000655a                uip_ds6_defrt_add
 .any.text.uip_ds6_defrt_choose
                0x00000000000065c2       0x36 contiki-z1.a(uip-ds6-route.o)
                0x00000000000065c2                uip_ds6_defrt_choose
 .any.text.uip_ds6_defrt_periodic
                0x00000000000065f8       0x38 contiki-z1.a(uip-ds6-route.o)
                0x00000000000065f8                uip_ds6_defrt_periodic
 .any.text.chksum
                0x0000000000006630       0x32 contiki-z1.a(uip6.o)
 .any.text.upper_layer_chksum
                0x0000000000006662       0x56 contiki-z1.a(uip6.o)
 .any.text.ext_hdr_options_process
                0x00000000000066b8       0xc2 contiki-z1.a(uip6.o)
 .any.text.uip_add32
                0x000000000000677a       0x60 contiki-z1.a(uip6.o)
                0x000000000000677a                uip_add32
 .any.text.uip_add_rcv_nxt
                0x00000000000067da       0x2e contiki-z1.a(uip6.o)
 .any.text.uip_icmp6chksum
                0x0000000000006808        0xa contiki-z1.a(uip6.o)
                0x0000000000006808                uip_icmp6chksum
 .any.text.uip_tcpchksum
                0x0000000000006812        0xa contiki-z1.a(uip6.o)
                0x0000000000006812                uip_tcpchksum
 .any.text.uip_udpchksum
                0x000000000000681c        0xa contiki-z1.a(uip6.o)
                0x000000000000681c                uip_udpchksum
 .any.text.uip_init
                0x0000000000006826       0x56 contiki-z1.a(uip6.o)
                0x0000000000006826                uip_init
 .any.text.remove_ext_hdr
                0x000000000000687c       0x50 contiki-z1.a(uip6.o)
                0x000000000000687c                remove_ext_hdr
 .any.text.uip_udp_new
                0x00000000000068cc       0xa2 contiki-z1.a(uip6.o)
                0x00000000000068cc                uip_udp_new
 .any.text.uip_unlisten
                0x000000000000696e       0x1a contiki-z1.a(uip6.o)
                0x000000000000696e                uip_unlisten
 .any.text.uip_process
                0x0000000000006988      0xd94 contiki-z1.a(uip6.o)
                0x0000000000006988                uip_process
 .any.text.uip_htonl
                0x000000000000771c       0x2a contiki-z1.a(uip6.o)
                0x000000000000771c                uip_htonl
 .any.text.uip_ds6_nbr_rm
                0x0000000000007746       0x1e contiki-z1.a(uip-ds6-nbr.o)
                0x0000000000007746                uip_ds6_nbr_rm
 .any.text.uip_ds6_neighbors_init
                0x0000000000007764       0x12 contiki-z1.a(uip-ds6-nbr.o)
                0x0000000000007764                uip_ds6_neighbors_init
 .any.text.uip_ds6_nbr_add
                0x0000000000007776       0x36 contiki-z1.a(uip-ds6-nbr.o)
                0x0000000000007776                uip_ds6_nbr_add
 .any.text.uip_ds6_nbr_get_ll
                0x00000000000077ac        0xc contiki-z1.a(uip-ds6-nbr.o)
                0x00000000000077ac                uip_ds6_nbr_get_ll
 .any.text.uip_ds6_nbr_num
                0x00000000000077b8       0x24 contiki-z1.a(uip-ds6-nbr.o)
                0x00000000000077b8                uip_ds6_nbr_num
 .any.text.uip_ds6_nbr_lookup
                0x00000000000077dc       0x3e contiki-z1.a(uip-ds6-nbr.o)
                0x00000000000077dc                uip_ds6_nbr_lookup
 .any.text.uip_ds6_nbr_ll_lookup
                0x000000000000781a        0xc contiki-z1.a(uip-ds6-nbr.o)
                0x000000000000781a                uip_ds6_nbr_ll_lookup
 .any.text.uip_ds6_nbr_ipaddr_from_lladdr
                0x0000000000007826        0x6 contiki-z1.a(uip-ds6-nbr.o)
                0x0000000000007826                uip_ds6_nbr_ipaddr_from_lladdr
 .any.text.uip_ds6_nbr_lladdr_from_ipaddr
                0x000000000000782c       0x12 contiki-z1.a(uip-ds6-nbr.o)
                0x000000000000782c                uip_ds6_nbr_lladdr_from_ipaddr
 .any.text.uip_ds6_link_neighbor_callback
                0x000000000000783e       0x32 contiki-z1.a(uip-ds6-nbr.o)
                0x000000000000783e                uip_ds6_link_neighbor_callback
 .any.text.uip_nd6_init
                0x0000000000007870        0x2 contiki-z1.a(uip-nd6.o)
                0x0000000000007870                uip_nd6_init
 .any.text.clear_fragments
                0x0000000000007872       0x38 contiki-z1.a(sicslowpan.o)
 .any.text.set_packet_attrs
                0x00000000000078aa       0x46 contiki-z1.a(sicslowpan.o)
 .any.text.addr_context_lookup_by_number
                0x00000000000078f0       0x30 contiki-z1.a(sicslowpan.o)
 .any.text.compress_addr_64
                0x0000000000007920       0x9a contiki-z1.a(sicslowpan.o)
 .any.text.store_fragment
                0x00000000000079ba       0x6e contiki-z1.a(sicslowpan.o)
 .any.text.uncompress_addr
                0x0000000000007a28       0x96 contiki-z1.a(sicslowpan.o)
 .any.text.sicslowpan_init
                0x0000000000007abe       0x24 contiki-z1.a(sicslowpan.o)
                0x0000000000007abe                sicslowpan_init
 .any.text.addr_context_lookup_by_prefix
                0x0000000000007ae2       0x4a contiki-z1.a(sicslowpan.o)
 .any.text.packet_sent
                0x0000000000007b2c       0x22 contiki-z1.a(sicslowpan.o)
 .any.text.add_fragment
                0x0000000000007b4e      0x160 contiki-z1.a(sicslowpan.o)
 .any.text.input
                0x0000000000007cae      0x60e contiki-z1.a(sicslowpan.o)
 .any.text.send_packet
                0x00000000000082bc       0x1a contiki-z1.a(sicslowpan.o)
 .any.text.output
                0x00000000000082d6      0x67c contiki-z1.a(sicslowpan.o)
 .any.text.uip_udp_packet_send
                0x0000000000008952       0x2a contiki-z1.a(uip-udp-packet.)
                0x0000000000008952                uip_udp_packet_send
 .any.text.uip_udp_packet_sendto
                0x000000000000897c       0x56 contiki-z1.a(uip-udp-packet.)
                0x000000000000897c                uip_udp_packet_sendto
 .any.text.start_periodic_tcp_timer
                0x00000000000089d2       0x16 contiki-z1.a(tcpip.o)
 .any.text.tcpip_output
                0x00000000000089e8       0x10 contiki-z1.a(tcpip.o)
                0x00000000000089e8                tcpip_output
 .any.text.tcpip_set_outputfunc
                0x00000000000089f8        0x6 contiki-z1.a(tcpip.o)
                0x00000000000089f8                tcpip_set_outputfunc
 .any.text.udp_new
                0x00000000000089fe       0x1a contiki-z1.a(tcpip.o)
                0x00000000000089fe                udp_new
 .any.text.udp_broadcast_new
                0x0000000000008a18       0x46 contiki-z1.a(tcpip.o)
                0x0000000000008a18                udp_broadcast_new
 .any.text.tcpip_input
                0x0000000000008a5e       0x16 contiki-z1.a(tcpip.o)
                0x0000000000008a5e                tcpip_input
 .any.text.tcpip_ipv6_output
                0x0000000000008a74       0xcc contiki-z1.a(tcpip.o)
                0x0000000000008a74                tcpip_ipv6_output
 .any.text.process_thread_tcpip_process
                0x0000000000008b40      0x1a8 contiki-z1.a(tcpip.o)
 .any.text.tcpip_uipcall
                0x0000000000008ce8       0x62 contiki-z1.a(tcpip.o)
                0x0000000000008ce8                tcpip_uipcall
 .any.text.process_thread_simple_udp_process
                0x0000000000008d4a       0x9e contiki-z1.a(simple-udp.o)
 .any.text.simple_udp_sendto
                0x0000000000008de8       0x28 contiki-z1.a(simple-udp.o)
                0x0000000000008de8                simple_udp_sendto
 .any.text.simple_udp_register
                0x0000000000008e10       0x88 contiki-z1.a(simple-udp.o)
                0x0000000000008e10                simple_udp_register
 .any.text.uip_debug_ipaddr_print
                0x0000000000008e98       0xbc contiki-z1.a(uip-debug.o)
                0x0000000000008e98                uip_debug_ipaddr_print
 .any.text.update_hbh_header
                0x0000000000008f54       0xcc contiki-z1.a(rpl-ext-header.)
 .any.text.insert_hbh_header
                0x0000000000009020       0x94 contiki-z1.a(rpl-ext-header.)
 .any.text.rpl_verify_hbh_header
                0x00000000000090b4       0xf4 contiki-z1.a(rpl-ext-header.)
                0x00000000000090b4                rpl_verify_hbh_header
 .any.text.rpl_remove_header
                0x00000000000091a8       0x76 contiki-z1.a(rpl-ext-header.)
                0x00000000000091a8                rpl_remove_header
 .any.text.rpl_update_header
                0x000000000000921e       0x54 contiki-z1.a(rpl-ext-header.)
                0x000000000000921e                rpl_update_header
 .any.text.rpl_get_mode
                0x0000000000009272        0x6 contiki-z1.a(rpl.o)
                0x0000000000009272                rpl_get_mode
 .any.text.rpl_purge_routes
                0x0000000000009278       0xb8 contiki-z1.a(rpl.o)
                0x0000000000009278                rpl_purge_routes
 .any.text.rpl_remove_routes
                0x0000000000009330       0x22 contiki-z1.a(rpl.o)
                0x0000000000009330                rpl_remove_routes
 .any.text.rpl_remove_routes_by_nexthop
                0x0000000000009352       0x3e contiki-z1.a(rpl.o)
                0x0000000000009352                rpl_remove_routes_by_nexthop
 .any.text.rpl_add_route
                0x0000000000009390       0x84 contiki-z1.a(rpl.o)
                0x0000000000009390                rpl_add_route
 .any.text.rpl_link_neighbor_callback
                0x0000000000009414       0x5a contiki-z1.a(rpl.o)
                0x0000000000009414                rpl_link_neighbor_callback
 .any.text.rpl_ipv6_neighbor_callback
                0x000000000000946e       0x4e contiki-z1.a(rpl.o)
                0x000000000000946e                rpl_ipv6_neighbor_callback
 .any.text.rpl_purge_dags
                0x00000000000094bc       0x7a contiki-z1.a(rpl.o)
                0x00000000000094bc                rpl_purge_dags
 .any.text.rpl_init
                0x0000000000009536       0x4c contiki-z1.a(rpl.o)
                0x0000000000009536                rpl_init
 .any.text.lollipop_greater_than
                0x0000000000009582       0x3c contiki-z1.a(rpl-dag.o)
 .any.text.find_parent_any_dag_any_instance
                0x00000000000095be       0x14 contiki-z1.a(rpl-dag.o)
 .any.text.set_ip_from_prefix
                0x00000000000095d2       0x30 contiki-z1.a(rpl-dag.o)
 .any.text.check_prefix
                0x0000000000009602       0xa4 contiki-z1.a(rpl-dag.o)
 .any.text.add_nbr_from_dio
                0x00000000000096a6       0x32 contiki-z1.a(rpl-dag.o)
 .any.text.rpl_dag_init
                0x00000000000096d8        0xe contiki-z1.a(rpl-dag.o)
                0x00000000000096d8                rpl_dag_init
 .any.text.rpl_get_parent
                0x00000000000096e6        0xc contiki-z1.a(rpl-dag.o)
                0x00000000000096e6                rpl_get_parent
 .any.text.rpl_get_parent_link_metric
                0x00000000000096f2       0x2a contiki-z1.a(rpl-dag.o)
                0x00000000000096f2                rpl_get_parent_link_metric
 .any.text.rpl_rank_via_parent
                0x000000000000971c       0x2a contiki-z1.a(rpl-dag.o)
                0x000000000000971c                rpl_rank_via_parent
 .any.text.rpl_get_parent_lladdr
                0x0000000000009746        0xc contiki-z1.a(rpl-dag.o)
                0x0000000000009746                rpl_get_parent_lladdr
 .any.text.rpl_get_parent_ipaddr
                0x0000000000009752        0xa contiki-z1.a(rpl-dag.o)
                0x0000000000009752                rpl_get_parent_ipaddr
 .any.text.rpl_set_preferred_parent
                0x000000000000975c       0x80 contiki-z1.a(rpl-dag.o)
 .any.text.rpl_get_parent_link_stats
                0x00000000000097dc        0xa contiki-z1.a(rpl-dag.o)
                0x00000000000097dc                rpl_get_parent_link_stats
 .any.text.rpl_print_neighbor_list
                0x00000000000097e6      0x10e contiki-z1.a(rpl-dag.o)
                0x00000000000097e6                rpl_print_neighbor_list
 .any.text.rpl_parent_is_fresh
                0x00000000000098f4        0xa contiki-z1.a(rpl-dag.o)
                0x00000000000098f4                rpl_parent_is_fresh
 .any.text.best_parent
                0x00000000000098fe       0x66 contiki-z1.a(rpl-dag.o)
 .any.text.rpl_parent_is_reachable
                0x0000000000009964       0x4a contiki-z1.a(rpl-dag.o)
                0x0000000000009964                rpl_parent_is_reachable
 .any.text.rpl_set_prefix
                0x00000000000099ae       0x8e contiki-z1.a(rpl-dag.o)
                0x00000000000099ae                rpl_set_prefix
 .any.text.rpl_set_default_route
                0x0000000000009a3c       0x70 contiki-z1.a(rpl-dag.o)
                0x0000000000009a3c                rpl_set_default_route
 .any.text.rpl_alloc_instance
                0x0000000000009aac       0x34 contiki-z1.a(rpl-dag.o)
                0x0000000000009aac                rpl_alloc_instance
 .any.text.rpl_add_parent
                0x0000000000009ae0       0x66 contiki-z1.a(rpl-dag.o)
                0x0000000000009ae0                rpl_add_parent
 .any.text.rpl_find_parent
                0x0000000000009b46       0x1a contiki-z1.a(rpl-dag.o)
                0x0000000000009b46                rpl_find_parent
 .any.text.rpl_find_parent_any_dag
                0x0000000000009b60       0x22 contiki-z1.a(rpl-dag.o)
                0x0000000000009b60                rpl_find_parent_any_dag
 .any.text.rpl_select_parent
                0x0000000000009b82       0x62 contiki-z1.a(rpl-dag.o)
                0x0000000000009b82                rpl_select_parent
 .any.text.rpl_select_dag
                0x0000000000009be4      0x1e4 contiki-z1.a(rpl-dag.o)
                0x0000000000009be4                rpl_select_dag
 .any.text.rpl_nullify_parent
                0x0000000000009dc8       0x9a contiki-z1.a(rpl-dag.o)
                0x0000000000009dc8                rpl_nullify_parent
 .any.text.rpl_remove_parent
                0x0000000000009e62       0x34 contiki-z1.a(rpl-dag.o)
                0x0000000000009e62                rpl_remove_parent
 .any.text.nbr_callback
                0x0000000000009e96        0x6 contiki-z1.a(rpl-dag.o)
 .any.text.remove_parents.constprop.4
                0x0000000000009e9c       0x38 contiki-z1.a(rpl-dag.o)
 .any.text.rpl_free_dag
                0x0000000000009ed4       0x5c contiki-z1.a(rpl-dag.o)
                0x0000000000009ed4                rpl_free_dag
 .any.text.rpl_move_parent
                0x0000000000009f30       0xa6 contiki-z1.a(rpl-dag.o)
                0x0000000000009f30                rpl_move_parent
 .any.text.rpl_get_any_dag
                0x0000000000009fd6       0x16 contiki-z1.a(rpl-dag.o)
                0x0000000000009fd6                rpl_get_any_dag
 .any.text.rpl_get_instance
                0x0000000000009fec       0x16 contiki-z1.a(rpl-dag.o)
                0x0000000000009fec                rpl_get_instance
 .any.text.rpl_alloc_dag
                0x000000000000a002       0x60 contiki-z1.a(rpl-dag.o)
                0x000000000000a002                rpl_alloc_dag
 .any.text.rpl_repair_root
                0x000000000000a062       0x70 contiki-z1.a(rpl-dag.o)
                0x000000000000a062                rpl_repair_root
 .any.text.rpl_find_of
                0x000000000000a0d2       0x10 contiki-z1.a(rpl-dag.o)
                0x000000000000a0d2                rpl_find_of
 .any.text.rpl_join_instance
                0x000000000000a0e2      0x1c8 contiki-z1.a(rpl-dag.o)
                0x000000000000a0e2                rpl_join_instance
 .any.text.rpl_local_repair
                0x000000000000a2aa       0x9a contiki-z1.a(rpl-dag.o)
                0x000000000000a2aa                rpl_local_repair
 .any.text.rpl_process_parent_event
                0x000000000000a344      0x17c contiki-z1.a(rpl-dag.o)
                0x000000000000a344                rpl_process_parent_event
 .any.text.rpl_recalculate_ranks
                0x000000000000a4c0       0x5a contiki-z1.a(rpl-dag.o)
                0x000000000000a4c0                rpl_recalculate_ranks
 .any.text.rpl_add_dag
                0x000000000000a51a      0x16c contiki-z1.a(rpl-dag.o)
                0x000000000000a51a                rpl_add_dag
 .any.text.rpl_process_dio
                0x000000000000a686      0x478 contiki-z1.a(rpl-dag.o)
                0x000000000000a686                rpl_process_dio
 .any.text.queuebuf_init
                0x000000000000aafe       0x12 contiki-z1.a(queuebuf.o)
                0x000000000000aafe                queuebuf_init
 .any.text.queuebuf_numfree
                0x000000000000ab10        0xa contiki-z1.a(queuebuf.o)
                0x000000000000ab10                queuebuf_numfree
 .any.text.queuebuf_new_from_packetbuf
                0x000000000000ab1a       0x4e contiki-z1.a(queuebuf.o)
                0x000000000000ab1a                queuebuf_new_from_packetbuf
 .any.text.queuebuf_update_attr_from_packetbuf
                0x000000000000ab68       0x12 contiki-z1.a(queuebuf.o)
                0x000000000000ab68                queuebuf_update_attr_from_packetbuf
 .any.text.queuebuf_update_from_packetbuf
                0x000000000000ab7a       0x22 contiki-z1.a(queuebuf.o)
                0x000000000000ab7a                queuebuf_update_from_packetbuf
 .any.text.queuebuf_free
                0x000000000000ab9c       0x2a contiki-z1.a(queuebuf.o)
                0x000000000000ab9c                queuebuf_free
 .any.text.queuebuf_to_packetbuf
                0x000000000000abc6       0x32 contiki-z1.a(queuebuf.o)
                0x000000000000abc6                queuebuf_to_packetbuf
 .any.text.queuebuf_attr
                0x000000000000abf8        0xe contiki-z1.a(queuebuf.o)
                0x000000000000abf8                queuebuf_attr
 .any.text.key_from_index
                0x000000000000ac06       0x18 contiki-z1.a(nbr-table.o)
 .any.text.item_from_index
                0x000000000000ac1e       0x2a contiki-z1.a(nbr-table.o)
 .any.text.index_from_key
                0x000000000000ac48       0x26 contiki-z1.a(nbr-table.o)
 .any.text.index_from_item
                0x000000000000ac6e       0x1e contiki-z1.a(nbr-table.o)
 .any.text.nbr_set_bit
                0x000000000000ac8c       0x50 contiki-z1.a(nbr-table.o)
 .any.text.index_from_lladdr
                0x000000000000acdc       0x3e contiki-z1.a(nbr-table.o)
 .any.text.nbr_get_bit.constprop.0
                0x000000000000ad1a       0x2c contiki-z1.a(nbr-table.o)
 .any.text.remove_key
                0x000000000000ad46       0x56 contiki-z1.a(nbr-table.o)
 .any.text.nbr_table_register
                0x000000000000ad9c       0x26 contiki-z1.a(nbr-table.o)
                0x000000000000ad9c                nbr_table_register
 .any.text.nbr_table_next
                0x000000000000adc2       0x3a contiki-z1.a(nbr-table.o)
                0x000000000000adc2                nbr_table_next
 .any.text.nbr_table_head
                0x000000000000adfc       0x36 contiki-z1.a(nbr-table.o)
                0x000000000000adfc                nbr_table_head
 .any.text.nbr_table_add_lladdr
                0x000000000000ae32       0xfc contiki-z1.a(nbr-table.o)
                0x000000000000ae32                nbr_table_add_lladdr
 .any.text.nbr_table_get_from_lladdr
                0x000000000000af2e       0x28 contiki-z1.a(nbr-table.o)
                0x000000000000af2e                nbr_table_get_from_lladdr
 .any.text.nbr_table_remove
                0x000000000000af56       0x2a contiki-z1.a(nbr-table.o)
                0x000000000000af56                nbr_table_remove
 .any.text.nbr_table_lock
                0x000000000000af80       0x10 contiki-z1.a(nbr-table.o)
                0x000000000000af80                nbr_table_lock
 .any.text.nbr_table_unlock
                0x000000000000af90       0x10 contiki-z1.a(nbr-table.o)
                0x000000000000af90                nbr_table_unlock
 .any.text.nbr_table_get_lladdr
                0x000000000000afa0       0x14 contiki-z1.a(nbr-table.o)
                0x000000000000afa0                nbr_table_get_lladdr
 .any.text.packetbuf_hdrreduce
                0x000000000000afb4       0x1a contiki-z1.a(packetbuf.o)
                0x000000000000afb4                packetbuf_hdrreduce
 .any.text.packetbuf_set_datalen
                0x000000000000afce        0x6 contiki-z1.a(packetbuf.o)
                0x000000000000afce                packetbuf_set_datalen
 .any.text.packetbuf_hdrptr
                0x000000000000afd4        0x6 contiki-z1.a(packetbuf.o)
                0x000000000000afd4                packetbuf_hdrptr
 .any.text.packetbuf_datalen
                0x000000000000afda        0x6 contiki-z1.a(packetbuf.o)
                0x000000000000afda                packetbuf_datalen
 .any.text.packetbuf_hdrlen
                0x000000000000afe0        0xa contiki-z1.a(packetbuf.o)
                0x000000000000afe0                packetbuf_hdrlen
 .any.text.packetbuf_dataptr
                0x000000000000afea        0xc contiki-z1.a(packetbuf.o)
                0x000000000000afea                packetbuf_dataptr
 .any.text.packetbuf_copyto
                0x000000000000aff6       0x3a contiki-z1.a(packetbuf.o)
                0x000000000000aff6                packetbuf_copyto
 .any.text.packetbuf_totlen
                0x000000000000b030        0xc contiki-z1.a(packetbuf.o)
                0x000000000000b030                packetbuf_totlen
 .any.text.packetbuf_hdralloc
                0x000000000000b03c       0x3c contiki-z1.a(packetbuf.o)
                0x000000000000b03c                packetbuf_hdralloc
 .any.text.packetbuf_attr_clear
                0x000000000000b078       0x28 contiki-z1.a(packetbuf.o)
                0x000000000000b078                packetbuf_attr_clear
 .any.text.packetbuf_clear
                0x000000000000b0a0       0x12 contiki-z1.a(packetbuf.o)
                0x000000000000b0a0                packetbuf_clear
 .any.text.packetbuf_copyfrom
                0x000000000000b0b2       0x2a contiki-z1.a(packetbuf.o)
                0x000000000000b0b2                packetbuf_copyfrom
 .any.text.packetbuf_attr_copyto
                0x000000000000b0dc       0x22 contiki-z1.a(packetbuf.o)
                0x000000000000b0dc                packetbuf_attr_copyto
 .any.text.packetbuf_attr_copyfrom
                0x000000000000b0fe       0x24 contiki-z1.a(packetbuf.o)
                0x000000000000b0fe                packetbuf_attr_copyfrom
 .any.text.packetbuf_holds_broadcast
                0x000000000000b122        0xe contiki-z1.a(packetbuf.o)
                0x000000000000b122                packetbuf_holds_broadcast
 .any.text.linkaddr_copy
                0x000000000000b130        0x8 contiki-z1.a(linkaddr.o)
                0x000000000000b130                linkaddr_copy
 .any.text.linkaddr_cmp
                0x000000000000b138       0x12 contiki-z1.a(linkaddr.o)
                0x000000000000b138                linkaddr_cmp
 .any.text.linkaddr_set_node_addr
                0x000000000000b14a        0xc contiki-z1.a(linkaddr.o)
                0x000000000000b14a                linkaddr_set_node_addr
 .any.text.periodic
                0x000000000000b156       0x2c contiki-z1.a(link-stats.o)
 .any.text.link_stats_from_lladdr
                0x000000000000b182        0xc contiki-z1.a(link-stats.o)
                0x000000000000b182                link_stats_from_lladdr
 .any.text.link_stats_is_fresh
                0x000000000000b18e       0x32 contiki-z1.a(link-stats.o)
                0x000000000000b18e                link_stats_is_fresh
 .any.text.link_stats_packet_sent
                0x000000000000b1c0       0xc4 contiki-z1.a(link-stats.o)
                0x000000000000b1c0                link_stats_packet_sent
 .any.text.link_stats_input_callback
                0x000000000000b284       0xa8 contiki-z1.a(link-stats.o)
                0x000000000000b284                link_stats_input_callback
 .any.text.link_stats_init
                0x000000000000b32c       0x22 contiki-z1.a(link-stats.o)
                0x000000000000b32c                link_stats_init
 .any.text.create_frame.isra.0
                0x000000000000b34e      0x114 contiki-z1.a(framer-802154.o)
 .any.text.create
                0x000000000000b462        0x8 contiki-z1.a(framer-802154.o)
 .any.text.hdr_length
                0x000000000000b46a        0x8 contiki-z1.a(framer-802154.o)
 .any.text.parse
                0x000000000000b472       0x9a contiki-z1.a(framer-802154.o)
 .any.text.input_packet
                0x000000000000b50c        0xe contiki-z1.a(csma.o)
 .any.text.on   0x000000000000b51a        0x6 contiki-z1.a(csma.o)
 .any.text.off  0x000000000000b520        0x6 contiki-z1.a(csma.o)
 .any.text.channel_check_interval
                0x000000000000b526       0x10 contiki-z1.a(csma.o)
 .any.text.transmit_packet_list
                0x000000000000b536       0x24 contiki-z1.a(csma.o)
 .any.text.schedule_transmission
                0x000000000000b55a       0xb6 contiki-z1.a(csma.o)
 .any.text.init
                0x000000000000b610       0x1a contiki-z1.a(csma.o)
 .any.text.tx_done
                0x000000000000b62a       0x86 contiki-z1.a(csma.o)
 .any.text.send_packet
                0x000000000000b6b0      0x172 contiki-z1.a(csma.o)
 .any.text.packet_sent
                0x000000000000b822      0x10a contiki-z1.a(csma.o)
 .any.text.frame802154_get_pan_id
                0x000000000000b92c        0x6 contiki-z1.a(frame802154.o)
                0x000000000000b92c                frame802154_get_pan_id
 .any.text.frame802154_has_panid
                0x000000000000b932       0x78 contiki-z1.a(frame802154.o)
                0x000000000000b932                frame802154_has_panid
 .any.text.field_len
                0x000000000000b9aa       0xa8 contiki-z1.a(frame802154.o)
 .any.text.frame802154_is_broadcast_addr
                0x000000000000ba52       0x28 contiki-z1.a(frame802154.o)
                0x000000000000ba52                frame802154_is_broadcast_addr
 .any.text.frame802154_hdrlen
                0x000000000000ba7a       0x32 contiki-z1.a(frame802154.o)
                0x000000000000ba7a                frame802154_hdrlen
 .any.text.frame802154_create
                0x000000000000baac      0x136 contiki-z1.a(frame802154.o)
                0x000000000000baac                frame802154_create
 .any.text.frame802154_parse
                0x000000000000bbe2      0x1be contiki-z1.a(frame802154.o)
                0x000000000000bbe2                frame802154_parse
 .any.text.mac_call_sent_callback
                0x000000000000bda0       0x14 contiki-z1.a(mac.o)
                0x000000000000bda0                mac_call_sent_callback
 .any.text.duty_cycle
                0x000000000000bdb4       0x2e contiki-z1.a(contikimac.o)
 .any.text.init
                0x000000000000bde2       0x2e contiki-z1.a(contikimac.o)
 .any.text.on   0x000000000000be10       0x1a contiki-z1.a(contikimac.o)
 .any.text.off  0x000000000000be2a       0x22 contiki-z1.a(contikimac.o)
 .any.text.recv_burst_off
                0x000000000000be4c        0xa contiki-z1.a(contikimac.o)
 .any.text.powercycle_turn_radio_off
                0x000000000000be56       0x14 contiki-z1.a(contikimac.o)
 .any.text.turn_off
                0x000000000000be6a       0x20 contiki-z1.a(contikimac.o)
 .any.text.turn_on
                0x000000000000be8a       0x30 contiki-z1.a(contikimac.o)
 .any.text.schedule_powercycle_fixed.part.5
                0x000000000000beba       0x32 contiki-z1.a(contikimac.o)
 .any.text.input_packet
                0x000000000000beec       0x94 contiki-z1.a(contikimac.o)
 .any.text.send_packet.part.8
                0x000000000000bf80      0x232 contiki-z1.a(contikimac.o)
 .any.text.qsend_packet
                0x000000000000c1b2       0x48 contiki-z1.a(contikimac.o)
 .any.text.qsend_list
                0x000000000000c1fa       0xdc contiki-z1.a(contikimac.o)
 .any.text.powercycle_wrapper
                0x000000000000c2d6      0x1c2 contiki-z1.a(contikimac.o)
 .any.text.init
                0x000000000000c498        0x2 contiki-z1.a(nullsec.o)
 .any.text.send
                0x000000000000c49a        0xa contiki-z1.a(nullsec.o)
 .any.text.input
                0x000000000000c4a4        0x6 contiki-z1.a(nullsec.o)
 .any.text.i2c_receiveinit
                0x000000000000c4aa       0x36 contiki-z1.a(i2cmaster.o)
                0x000000000000c4aa                i2c_receiveinit
 .any.text.i2c_transmitinit
                0x000000000000c4e0       0x30 contiki-z1.a(i2cmaster.o)
                0x000000000000c4e0                i2c_transmitinit
 .any.text.i2c_receive_n
                0x000000000000c510       0x3e contiki-z1.a(i2cmaster.o)
                0x000000000000c510                i2c_receive_n
 .any.text.i2c_busy
                0x000000000000c54e        0xa contiki-z1.a(i2cmaster.o)
                0x000000000000c54e                i2c_busy
 .any.text.i2c_enable
                0x000000000000c558       0x22 contiki-z1.a(i2cmaster.o)
                0x000000000000c558                i2c_enable
 .any.text.i2c_transmit_n
                0x000000000000c57a       0x14 contiki-z1.a(i2cmaster.o)
                0x000000000000c57a                i2c_transmit_n
 .any.text.status
                0x000000000000c58e       0x18 contiki-z1.a(button-sensor.o)
 .any.text.value
                0x000000000000c5a6       0x20 contiki-z1.a(button-sensor.o)
 .any.text.configure
                0x000000000000c5c6       0x4e contiki-z1.a(button-sensor.o)
 .any.text.stimer_set
                0x000000000000c614       0x1c contiki-z1.a(stimer.o)
                0x000000000000c614                stimer_set
 .any.text.stimer_expired
                0x000000000000c630       0x30 contiki-z1.a(stimer.o)
                0x000000000000c630                stimer_expired
 .any.text.echo_reply_input
                0x000000000000c660       0xaa contiki-z1.a(uip-icmp6.o)
 .any.text.echo_request_input
                0x000000000000c70a       0xca contiki-z1.a(uip-icmp6.o)
 .any.text.uip_icmp6_input
                0x000000000000c7d4       0x44 contiki-z1.a(uip-icmp6.o)
                0x000000000000c7d4                uip_icmp6_input
 .any.text.uip_icmp6_register_input_handler
                0x000000000000c818        0xc contiki-z1.a(uip-icmp6.o)
                0x000000000000c818                uip_icmp6_register_input_handler
 .any.text.uip_icmp6_error_output
                0x000000000000c824      0x16e contiki-z1.a(uip-icmp6.o)
                0x000000000000c824                uip_icmp6_error_output
 .any.text.uip_icmp6_send
                0x000000000000c992       0x84 contiki-z1.a(uip-icmp6.o)
                0x000000000000c992                uip_icmp6_send
 .any.text.uip_icmp6_init
                0x000000000000ca16       0x12 contiki-z1.a(uip-icmp6.o)
                0x000000000000ca16                uip_icmp6_init
 .any.text.get32
                0x000000000000ca28       0x3e contiki-z1.a(rpl-icmp6.o)
 .any.text.set32
                0x000000000000ca66       0x2a contiki-z1.a(rpl-icmp6.o)
 .any.text.get16
                0x000000000000ca90        0xe contiki-z1.a(rpl-icmp6.o)
 .any.text.set16
                0x000000000000ca9e       0x10 contiki-z1.a(rpl-icmp6.o)
 .any.text.dao_ack_input
                0x000000000000caae        0xa contiki-z1.a(rpl-icmp6.o)
 .any.text.dio_input
                0x000000000000cab8      0x3d0 contiki-z1.a(rpl-icmp6.o)
 .any.text.rpl_icmp6_update_nbr_table
                0x000000000000ce88       0x5c contiki-z1.a(rpl-icmp6.o)
                0x000000000000ce88                rpl_icmp6_update_nbr_table
 .any.text.dao_input
                0x000000000000cee4      0x454 contiki-z1.a(rpl-icmp6.o)
 .any.text.dis_output
                0x000000000000d338       0x70 contiki-z1.a(rpl-icmp6.o)
                0x000000000000d338                dis_output
 .any.text.dio_output
                0x000000000000d3a8      0x2b4 contiki-z1.a(rpl-icmp6.o)
                0x000000000000d3a8                dio_output
 .any.text.dis_input
                0x000000000000d65c       0x96 contiki-z1.a(rpl-icmp6.o)
 .any.text.dao_output_target
                0x000000000000d6f2      0x16c contiki-z1.a(rpl-icmp6.o)
                0x000000000000d6f2                dao_output_target
 .any.text.dao_output
                0x000000000000d85e       0xa8 contiki-z1.a(rpl-icmp6.o)
                0x000000000000d85e                dao_output
 .any.text.rpl_icmp6_register_handlers
                0x000000000000d906       0x22 contiki-z1.a(rpl-icmp6.o)
                0x000000000000d906                rpl_icmp6_register_handlers
 .any.text.handle_unicast_dio_timer
                0x000000000000d928       0x1c contiki-z1.a(rpl-timers.o)
 .any.text.new_dio_interval
                0x000000000000d944       0x8a contiki-z1.a(rpl-timers.o)
 .any.text.set_dao_lifetime_timer
                0x000000000000d9ce       0x84 contiki-z1.a(rpl-timers.o)
 .any.text.handle_periodic_timer
                0x000000000000da52       0x50 contiki-z1.a(rpl-timers.o)
 .any.text.schedule_dao
                0x000000000000daa2       0x72 contiki-z1.a(rpl-timers.o)
 .any.text.handle_dio_timer
                0x000000000000db14       0x88 contiki-z1.a(rpl-timers.o)
 .any.text.handle_dao_timer
                0x000000000000db9c       0x64 contiki-z1.a(rpl-timers.o)
 .any.text.rpl_reset_periodic_timer
                0x000000000000dc00       0x54 contiki-z1.a(rpl-timers.o)
                0x000000000000dc00                rpl_reset_periodic_timer
 .any.text.rpl_reset_dio_timer
                0x000000000000dc54       0x18 contiki-z1.a(rpl-timers.o)
                0x000000000000dc54                rpl_reset_dio_timer
 .any.text.rpl_schedule_dao
                0x000000000000dc6c        0xc contiki-z1.a(rpl-timers.o)
                0x000000000000dc6c                rpl_schedule_dao
 .any.text.rpl_schedule_unicast_dio_immediately
                0x000000000000dc78       0x16 contiki-z1.a(rpl-timers.o)
                0x000000000000dc78                rpl_schedule_unicast_dio_immediately
 .any.text.get_probing_delay
                0x000000000000dc8e       0x40 contiki-z1.a(rpl-timers.o)
                0x000000000000dc8e                get_probing_delay
 .any.text.get_probing_target
                0x000000000000dcce       0xe2 contiki-z1.a(rpl-timers.o)
                0x000000000000dcce                get_probing_target
 .any.text.rpl_schedule_probing
                0x000000000000ddb0       0x26 contiki-z1.a(rpl-timers.o)
                0x000000000000ddb0                rpl_schedule_probing
 .any.text.handle_probing_timer
                0x000000000000ddd6       0x34 contiki-z1.a(rpl-timers.o)
 .any.text.update_nbr
                0x000000000000de0a       0xda contiki-z1.a(rpl-nbr-policy.)
 .any.text.handle_periodic_timer
                0x000000000000dee4        0xe contiki-z1.a(rpl-nbr-policy.)
 .any.text.find_removable_dis
                0x000000000000def2       0x16 contiki-z1.a(rpl-nbr-policy.)
                0x000000000000def2                find_removable_dis
 .any.text.find_removable_dio
                0x000000000000df08       0x3c contiki-z1.a(rpl-nbr-policy.)
                0x000000000000df08                find_removable_dio
 .any.text.find_removable_dao
                0x000000000000df44       0x34 contiki-z1.a(rpl-nbr-policy.)
                0x000000000000df44                find_removable_dao
 .any.text.rpl_nbr_policy_find_removable
                0x000000000000df78       0x30 contiki-z1.a(rpl-nbr-policy.)
                0x000000000000df78                rpl_nbr_policy_find_removable
 .any.text.reset
                0x000000000000dfa8        0x2 contiki-z1.a(rpl-mrhof.o)
 .any.text.update_metric_container
                0x000000000000dfaa        0x6 contiki-z1.a(rpl-mrhof.o)
 .any.text.parent_link_metric
                0x000000000000dfb0       0x10 contiki-z1.a(rpl-mrhof.o)
 .any.text.parent_has_usable_link
                0x000000000000dfc0       0x14 contiki-z1.a(rpl-mrhof.o)
 .any.text.best_dag
                0x000000000000dfd4       0x2e contiki-z1.a(rpl-mrhof.o)
 .any.text.parent_path_cost
                0x000000000000e002       0x40 contiki-z1.a(rpl-mrhof.o)
 .any.text.parent_is_acceptable
                0x000000000000e042       0x2a contiki-z1.a(rpl-mrhof.o)
 .any.text.rank_via_parent
                0x000000000000e06c       0x4e contiki-z1.a(rpl-mrhof.o)
 .any.text.best_parent
                0x000000000000e0ba       0x76 contiki-z1.a(rpl-mrhof.o)
 .any.text.net_debug_lladdr_print
                0x000000000000e130       0x3c contiki-z1.a(net-debug.o)
                0x000000000000e130                net_debug_lladdr_print
 .any.text.mac_sequence_is_duplicate
                0x000000000000e16c       0x60 contiki-z1.a(mac-sequence.o)
                0x000000000000e16c                mac_sequence_is_duplicate
 .any.text.mac_sequence_register_seqno
                0x000000000000e1cc       0x76 contiki-z1.a(mac-sequence.o)
                0x000000000000e1cc                mac_sequence_register_seqno
 .any.text.send_packet
                0x000000000000e242       0x44 contiki-z1.a(phase.o)
 .any.text.phase_update
                0x000000000000e286       0x8c contiki-z1.a(phase.o)
                0x000000000000e286                phase_update
 .any.text.phase_wait
                0x000000000000e312       0xee contiki-z1.a(phase.o)
                0x000000000000e312                phase_wait
 .any.text.phase_init
                0x000000000000e400       0x14 contiki-z1.a(phase.o)
                0x000000000000e400                phase_init
 .any.text.printf
                0x000000000000e414       0x10 /opt/msp430-47-expr/bin/../lib/gcc/msp430/4.7.0/../../../../msp430/lib/mcpu-430x/mmpy-16/msr20/mc20/libc.a(printf.o)
                0x000000000000e414                printf
 .any.text.append
                0x000000000000e424       0x22 /opt/msp430-47-expr/bin/../lib/gcc/msp430/4.7.0/../../../../msp430/lib/mcpu-430x/mmpy-16/msr20/mc20/libc.a(sprintf.o)
 .any.text.call_vuprintf
                0x000000000000e446       0x36 /opt/msp430-47-expr/bin/../lib/gcc/msp430/4.7.0/../../../../msp430/lib/mcpu-430x/mmpy-16/msr20/mc20/libc.a(sprintf.o)
 .any.text.sprintf
                0x000000000000e47c       0x1a /opt/msp430-47-expr/bin/../lib/gcc/msp430/4.7.0/../../../../msp430/lib/mcpu-430x/mmpy-16/msr20/mc20/libc.a(sprintf.o)
                0x000000000000e47c                sprintf
 .any.text.puts
                0x000000000000e496       0x2c /opt/msp430-47-expr/bin/../lib/gcc/msp430/4.7.0/../../../../msp430/lib/mcpu-430x/mmpy-16/msr20/mc20/libc.a(puts.o)
                0x000000000000e496                puts
 .any.text.rand
                0x000000000000e4c2       0x26 /opt/msp430-47-expr/bin/../lib/gcc/msp430/4.7.0/../../../../msp430/lib/mcpu-430x/mmpy-16/msr20/mc20/libc.a(rand.o)
                0x000000000000e4c2                rand
 .any.text.srand
                0x000000000000e4e8        0xa /opt/msp430-47-expr/bin/../lib/gcc/msp430/4.7.0/../../../../msp430/lib/mcpu-430x/mmpy-16/msr20/mc20/libc.a(rand.o)
                0x000000000000e4e8                srand

.rodata         0x000000000000e4f4     0x193e
                0x000000000000e4f4                . = ALIGN (0x2)
 *(.rodata .rodata.* .gnu.linkonce.r.*)
 .rodata.receiver
                0x000000000000e4f4       0x36 unicast-sender.co
 .rodata.process_thread_unicast_sender_process
                0x000000000000e52a       0x46 unicast-sender.co
 .rodata.autostart_processes
                0x000000000000e570        0x4 unicast-sender.co
                0x000000000000e570                autostart_processes
 .rodata        0x000000000000e574       0x1f unicast-sender.co
 .rodata        0x000000000000e593      0x10b obj_z1/contiki-z1-main.o
 .rodata.servreg_hack_register
                0x000000000000e69e       0x84 contiki-z1.a(servreg-hack.o)
 .rodata        0x000000000000e722       0x15 contiki-z1.a(servreg-hack.o)
 *fill*         0x000000000000e737        0x1 00
 .rodata.get_value
                0x000000000000e738       0x44 contiki-z1.a(cc2420.o)
 .rodata.set_value
                0x000000000000e77c       0x20 contiki-z1.a(cc2420.o)
 .rodata.cc2420_driver
                0x000000000000e79c       0x38 contiki-z1.a(cc2420.o)
                0x000000000000e79c                cc2420_driver
 .rodata        0x000000000000e7d4        0xe contiki-z1.a(cc2420.o)
 .rodata.output_power
                0x000000000000e7e2       0x10 contiki-z1.a(cc2420.o)
 .rodata        0x000000000000e7f2        0x8 contiki-z1.a(sensors.o)
 .rodata        0x000000000000e7fa       0x25 contiki-z1.a(adxl345.o)
 *fill*         0x000000000000e81f        0x1 00
 .rodata.adxl345
                0x000000000000e820        0xe contiki-z1.a(adxl345.o)
                0x000000000000e820                adxl345
 .rodata        0x000000000000e82e        0xe contiki-z1.a(tmp102.o)
 .rodata.tmp102
                0x000000000000e83c        0xe contiki-z1.a(tmp102.o)
                0x000000000000e83c                tmp102
 .rodata        0x000000000000e84a        0xf contiki-z1.a(ctimer.o)
 .rodata        0x000000000000e859        0xc contiki-z1.a(etimer.o)
 *fill*         0x000000000000e865        0x3 00
 .rodata.uip_process
                0x000000000000e868       0x40 contiki-z1.a(uip6.o)
 .rodata        0x000000000000e8a8        0xb contiki-z1.a(sicslowpan.o)
 *fill*         0x000000000000e8b3        0x1 00
 .rodata.sicslowpan_driver
                0x000000000000e8b4        0xa contiki-z1.a(sicslowpan.o)
                0x000000000000e8b4                sicslowpan_driver
 .rodata.llprefix
                0x000000000000e8be        0x2 contiki-z1.a(sicslowpan.o)
                0x000000000000e8be                llprefix
 .rodata.unc_mxconf
                0x000000000000e8c0        0x4 contiki-z1.a(sicslowpan.o)
                0x000000000000e8c0                unc_mxconf
 .rodata.unc_ctxconf
                0x000000000000e8c4        0x4 contiki-z1.a(sicslowpan.o)
                0x000000000000e8c4                unc_ctxconf
 .rodata.unc_llconf
                0x000000000000e8c8        0x4 contiki-z1.a(sicslowpan.o)
                0x000000000000e8c8                unc_llconf
 .rodata.ttl_values
                0x000000000000e8cc        0x4 contiki-z1.a(sicslowpan.o)
 .rodata        0x000000000000e8d0        0xd contiki-z1.a(tcpip.o)