Archive member included because of file (symbol)

contiki-z1.a(param-repo.o)    coral.co (param_repo_add_parameter)
contiki-z1.a(contiki-z1-plat)
                              obj_z1/contiki-z1-main.o (init_platform)
contiki-z1.a(msp430.o)        obj_z1/contiki-z1-main.o (splhigh_)
contiki-z1.a(leds.o)          obj_z1/contiki-z1-main.o (leds_init)
contiki-z1.a(watchdog.o)      obj_z1/contiki-z1-main.o (watchdog_start)
contiki-z1.a(xmem.o)          obj_z1/contiki-z1-main.o (xmem_init)
contiki-z1.a(spi.o)           contiki-z1.a(xmem.o) (spi_init)
contiki-z1.a(cc2420.o)        obj_z1/contiki-z1-main.o (cc2420_set_pan_addr)
contiki-z1.a(cc2420-arch.o)   contiki-z1.a(cc2420.o) (cc2420_arch_init)
contiki-z1.a(node-id.o)       obj_z1/contiki-z1-main.o (node_id_restore)
contiki-z1.a(sensors.o)       coral.co (sensors_event)
contiki-z1.a(button-sensor.o)
                              coral.co (button_sensor)
contiki-z1.a(uart0.o)         obj_z1/contiki-z1-main.o (uart0_active)
contiki-z1.a(uart0-putchar.o)
                              obj_z1/contiki-z1-main.o (putchar)
contiki-z1.a(z1-sensors.o)    contiki-z1.a(sensors.o) (sensors_flags)
contiki-z1.a(adxl345.o)       obj_z1/contiki-z1-main.o (adxl345)
contiki-z1.a(tmp102.o)        contiki-z1.a(z1-sensors.o) (tmp102)
contiki-z1.a(clock.o)         obj_z1/contiki-z1-main.o (clock_init)
contiki-z1.a(leds-arch.o)     contiki-z1.a(leds.o) (leds_arch_init)
contiki-z1.a(rtimer-arch.o)   obj_z1/contiki-z1-main.o (rtimer_arch_now)
contiki-z1.a(ctimer.o)        obj_z1/contiki-z1-main.o (ctimer_init)
contiki-z1.a(autostart.o)     obj_z1/contiki-z1-main.o (autostart_start)
contiki-z1.a(energest.o)      obj_z1/contiki-z1-main.o (energest_init)
contiki-z1.a(etimer.o)        contiki-z1.a(clock.o) (etimer_request_poll)
contiki-z1.a(process.o)       contiki-z1.a(ctimer.o) (process_current)
contiki-z1.a(rtimer.o)        obj_z1/contiki-z1-main.o (rtimer_init)
contiki-z1.a(timer.o)         contiki-z1.a(button-sensor.o) (timer_set)
contiki-z1.a(serial-line.o)   obj_z1/contiki-z1-main.o (serial_line_input_byte)
contiki-z1.a(list.o)          contiki-z1.a(ctimer.o) (list_init)
contiki-z1.a(random.o)        obj_z1/contiki-z1-main.o (random_init)
contiki-z1.a(ringbuf.o)       contiki-z1.a(serial-line.o) (ringbuf_init)
contiki-z1.a(rime.o)          obj_z1/contiki-z1-main.o (rime_driver)
contiki-z1.a(broadcast-annou)
                              contiki-z1.a(rime.o) (broadcast_announcement_init)
contiki-z1.a(announcement.o)  contiki-z1.a(rime.o) (announcement_init)
contiki-z1.a(chameleon.o)     contiki-z1.a(rime.o) (chameleon_init)
contiki-z1.a(channel.o)       contiki-z1.a(chameleon.o) (channel_init)
contiki-z1.a(broadcast.o)     coral.co (broadcast_open)
contiki-z1.a(mesh.o)          coral.co (data_packet_resend)
contiki-z1.a(unicast.o)       coral.co (unicast_open)
contiki-z1.a(abc.o)           contiki-z1.a(broadcast.o) (abc_open)
contiki-z1.a(route.o)         coral.co (route_init)
contiki-z1.a(queuebuf.o)      contiki-z1.a(rime.o) (queuebuf_init)
contiki-z1.a(packetbuf.o)     contiki-z1.a(cc2420.o) (packetbuf_set_datalen)
contiki-z1.a(linkaddr.o)      obj_z1/contiki-z1-main.o (linkaddr_copy)
contiki-z1.a(csma.o)          obj_z1/contiki-z1-main.o (csma_driver)
contiki-z1.a(mac.o)           contiki-z1.a(csma.o) (mac_call_sent_callback)
contiki-z1.a(macstats.o)      contiki-z1.a(csma.o) (macstats_event_process)
contiki-z1.a(contikimac.o)    obj_z1/contiki-z1-main.o (contikimac_driver)
contiki-z1.a(contikimac-fram)
                              contiki-z1.a(contikimac.o) (contikimac_framer)
contiki-z1.a(nullsec.o)       contiki-z1.a(rime.o) (nullsec_driver)
contiki-z1.a(i2cmaster.o)     contiki-z1.a(adxl345.o) (i2c_receiveinit)
contiki-z1.a(compower.o)      contiki-z1.a(contikimac.o) (compower_idle_activity)
contiki-z1.a(memb.o)          contiki-z1.a(route.o) (memb_init)
contiki-z1.a(chameleon-bitop)
                              contiki-z1.a(chameleon.o) (chameleon_bitopt)
contiki-z1.a(multihop.o)      contiki-z1.a(mesh.o) (multihop_open)
contiki-z1.a(mac-sequence.o)  contiki-z1.a(contikimac.o) (mac_sequence_is_duplicate)
contiki-z1.a(framer-802154.o)
                              contiki-z1.a(contikimac-fram) (framer_802154)
contiki-z1.a(frame802154.o)   contiki-z1.a(framer-802154.o) (frame802154_get_pan_id)
contiki-z1.a(phase.o)         contiki-z1.a(contikimac.o) (phase_update)
contiki-z1.a(nbr-table.o)     contiki-z1.a(phase.o) (nbr_table_register)
/opt/msp430-47-expr/bin/../lib/gcc/msp430/4.7.0/mcpu-430x/mmpy-16/msr20/mc20/libgcc.a(_udivmod16.o)
                              contiki-z1.a(phase.o) (__umodhi3)
/opt/msp430-47-expr/bin/../lib/gcc/msp430/4.7.0/mcpu-430x/mmpy-16/msr20/mc20/libgcc.a(_divmod16.o)
                              contiki-z1.a(tmp102.o) (__divhi3)
/opt/msp430-47-expr/bin/../lib/gcc/msp430/4.7.0/mcpu-430x/mmpy-16/msr20/mc20/libgcc.a(_udivmod32.o)
                              obj_z1/contiki-z1-main.o (__udivsi3)
[...]
Memory Configuration

Name             Origin             Length             Attributes
sfr              0x0000000000000000 0x0000000000000010
peripheral_8bit  0x0000000000000010 0x00000000000000f0
peripheral_16bit 0x0000000000000100 0x0000000000000100
ram_mirror       0x0000000000000200 0x0000000000000800 xw
infomem          0x0000000000001000 0x0000000000000100
infod            0x0000000000001000 0x0000000000000040
infoc            0x0000000000001040 0x0000000000000040
infob            0x0000000000001080 0x0000000000000040
infoa            0x00000000000010c0 0x0000000000000040
ram              0x0000000000001100 0x0000000000002000 xw
rom              0x0000000000003100 0x000000000000cebe xr
vectors          0x000000000000ffc0 0x0000000000000040
far_rom          0x0000000000010000 0x000000000000a000
bsl              0x0000000000000000 0x0000000000000000
ram2             0x0000000000000000 0x0000000000000000 xw
usbram           0x0000000000000000 0x0000000000000000 xw
*default*        0x0000000000000000 0xffffffffffffffff

Linker script and memory map

LOAD /opt/msp430-47-expr/bin/../lib/gcc/msp430/4.7.0/mcpu-430x/mmpy-16/msr20/mc20/crt0ivtbl32.o
                0x0000000000000041                __P1SEL2 = 0x41
                0x0000000000000045                __P5SEL2 = 0x45
LOAD coral.co
LOAD obj_z1/contiki-z1-main.o
LOAD contiki-z1.a
LOAD /opt/msp430-47-expr/bin/../lib/gcc/msp430/4.7.0/mcpu-430x/mmpy-16/msr20/mc20/libgcc.a
LOAD /opt/msp430-47-expr/bin/../lib/gcc/msp430/4.7.0/../../../../msp430/lib/mcpu-430x/mmpy-16/msr20/mc20/libc.a
LOAD /opt/msp430-47-expr/bin/../lib/gcc/msp430/4.7.0/mcpu-430x/mmpy-16/msr20/mc20/libgcc.a
LOAD /opt/msp430-47-expr/bin/../lib/gcc/msp430/4.7.0/mcpu-430x/mmpy-16/msr20/mc20/libcrt0.a
                0x0000000000000040                PROVIDE (__info_segment_size, 0x40)
                0x0000000000001000                PROVIDE (__infod, 0x1000)
                0x0000000000001040                PROVIDE (__infoc, 0x1040)
                0x0000000000001080                PROVIDE (__infob, 0x1080)
                0x00000000000010c0                PROVIDE (__infoa, 0x10c0)
                0x0000000000000000                __IE1 = 0x0
                0x0000000000000002                __IFG1 = 0x2
                0x0000000000000001                __IE2 = 0x1
                0x0000000000000003                __IFG2 = 0x3
                0x0000000000000006                __UC1IE = 0x6
                0x0000000000000007                __UC1IFG = 0x7
                0x00000000000001a0                __ADC12CTL0 = 0x1a0
                0x00000000000001a2                __ADC12CTL1 = 0x1a2
                0x00000000000001a4                __ADC12IFG = 0x1a4
                0x00000000000001a6                __ADC12IE = 0x1a6
                0x00000000000001a8                __ADC12IV = 0x1a8
                0x0000000000000140                __ADC12MEM0 = 0x140
                0x0000000000000142                __ADC12MEM1 = 0x142
                0x0000000000000144                __ADC12MEM2 = 0x144
                0x0000000000000146                __ADC12MEM3 = 0x146
                0x0000000000000148                __ADC12MEM4 = 0x148
                0x000000000000014a                __ADC12MEM5 = 0x14a
                0x000000000000014c                __ADC12MEM6 = 0x14c
                0x000000000000014e                __ADC12MEM7 = 0x14e
                0x0000000000000150                __ADC12MEM8 = 0x150
                0x0000000000000152                __ADC12MEM9 = 0x152
                0x0000000000000154                __ADC12MEM10 = 0x154
                0x0000000000000156                __ADC12MEM11 = 0x156
                0x0000000000000158                __ADC12MEM12 = 0x158
                0x000000000000015a                __ADC12MEM13 = 0x15a
                0x000000000000015c                __ADC12MEM14 = 0x15c
                0x000000000000015e                __ADC12MEM15 = 0x15e
                0x0000000000000080                __ADC12MCTL0 = 0x80
                0x0000000000000081                __ADC12MCTL1 = 0x81
                0x0000000000000082                __ADC12MCTL2 = 0x82
                0x0000000000000083                __ADC12MCTL3 = 0x83
                0x0000000000000084                __ADC12MCTL4 = 0x84
                0x0000000000000085                __ADC12MCTL5 = 0x85
                0x0000000000000086                __ADC12MCTL6 = 0x86
                0x0000000000000087                __ADC12MCTL7 = 0x87
                0x0000000000000088                __ADC12MCTL8 = 0x88
                0x0000000000000089                __ADC12MCTL9 = 0x89
                0x000000000000008a                __ADC12MCTL10 = 0x8a
                0x000000000000008b                __ADC12MCTL11 = 0x8b
                0x000000000000008c                __ADC12MCTL12 = 0x8c
                0x000000000000008d                __ADC12MCTL13 = 0x8d
                0x000000000000008e                __ADC12MCTL14 = 0x8e
                0x000000000000008f                __ADC12MCTL15 = 0x8f
                0x0000000000000056                __DCOCTL = 0x56
                0x0000000000000057                __BCSCTL1 = 0x57
                0x0000000000000058                __BCSCTL2 = 0x58
                0x0000000000000053                __BCSCTL3 = 0x53
                0x0000000000000059                __CACTL1 = 0x59
                0x000000000000005a                __CACTL2 = 0x5a
                0x000000000000005b                __CAPD = 0x5b
                0x00000000000001c0                __DAC12_0CTL = 0x1c0
                0x00000000000001c2                __DAC12_1CTL = 0x1c2
                0x00000000000001c8                __DAC12_0DAT = 0x1c8
                0x00000000000001ca                __DAC12_1DAT = 0x1ca
                0x0000000000000122                __DMACTL0 = 0x122
                0x0000000000000124                __DMACTL1 = 0x124
                0x0000000000000126                __DMAIV = 0x126
                0x00000000000001d0                __DMA0CTL = 0x1d0
                0x00000000000001dc                __DMA1CTL = 0x1dc
                0x00000000000001e8                __DMA2CTL = 0x1e8
                0x00000000000001d2                __DMA0SA = 0x1d2
                0x00000000000001d2                __DMA0SAL = 0x1d2
                0x00000000000001d6                __DMA0DA = 0x1d6
                0x00000000000001d6                __DMA0DAL = 0x1d6
                0x00000000000001da                __DMA0SZ = 0x1da
                0x00000000000001de                __DMA1SA = 0x1de
                0x00000000000001de                __DMA1SAL = 0x1de
                0x00000000000001e2                __DMA1DA = 0x1e2
                0x00000000000001e2                __DMA1DAL = 0x1e2
                0x00000000000001e6                __DMA1SZ = 0x1e6
                0x00000000000001ea                __DMA2SA = 0x1ea
                0x00000000000001ea                __DMA2SAL = 0x1ea
                0x00000000000001ee                __DMA2DA = 0x1ee
                0x00000000000001ee                __DMA2DAL = 0x1ee
                0x00000000000001f2                __DMA2SZ = 0x1f2
                0x0000000000000128                __FCTL1 = 0x128
                0x000000000000012a                __FCTL2 = 0x12a
                0x000000000000012c                __FCTL3 = 0x12c
                0x00000000000001be                __FCTL4 = 0x1be
                0x0000000000000130                __MPY = 0x130
                0x0000000000000132                __MPYS = 0x132
                0x0000000000000134                __MAC = 0x134
                0x0000000000000136                __MACS = 0x136
                0x0000000000000138                __OP2 = 0x138
                0x000000000000013a                __RESLO = 0x13a
                0x000000000000013c                __RESHI = 0x13c
                0x000000000000013e                __SUMEXT = 0x13e
                0x0000000000000020                __P1IN = 0x20
                0x0000000000000021                __P1OUT = 0x21
                0x0000000000000022                __P1DIR = 0x22
                0x0000000000000023                __P1IFG = 0x23
                0x0000000000000024                __P1IES = 0x24
                0x0000000000000025                __P1IE = 0x25
                0x0000000000000026                __P1SEL = 0x26
                0x0000000000000027                __P1REN = 0x27
                0x0000000000000028                __P2IN = 0x28
                0x0000000000000029                __P2OUT = 0x29
                0x000000000000002a                __P2DIR = 0x2a
                0x000000000000002b                __P2IFG = 0x2b
                0x000000000000002c                __P2IES = 0x2c
                0x000000000000002d                __P2IE = 0x2d
                0x000000000000002e                __P2SEL = 0x2e
                0x000000000000002f                __P2REN = 0x2f
                0x0000000000000018                __P3IN = 0x18
                0x0000000000000019                __P3OUT = 0x19
                0x000000000000001a                __P3DIR = 0x1a
                0x000000000000001b                __P3SEL = 0x1b
                0x0000000000000010                __P3REN = 0x10
                0x000000000000001c                __P4IN = 0x1c
                0x000000000000001d                __P4OUT = 0x1d
                0x000000000000001e                __P4DIR = 0x1e
                0x000000000000001f                __P4SEL = 0x1f
                0x0000000000000011                __P4REN = 0x11
                0x0000000000000030                __P5IN = 0x30
                0x0000000000000031                __P5OUT = 0x31
                0x0000000000000032                __P5DIR = 0x32
                0x0000000000000033                __P5SEL = 0x33
                0x0000000000000012                __P5REN = 0x12
                0x0000000000000034                __P6IN = 0x34
                0x0000000000000035                __P6OUT = 0x35
                0x0000000000000036                __P6DIR = 0x36
                0x0000000000000037                __P6SEL = 0x37
                0x0000000000000013                __P6REN = 0x13
                0x0000000000000038                __P7IN = 0x38
                0x000000000000003a                __P7OUT = 0x3a
                0x000000000000003c                __P7DIR = 0x3c
                0x000000000000003e                __P7SEL = 0x3e
                0x0000000000000014                __P7REN = 0x14
                0x0000000000000039                __P8IN = 0x39
                0x000000000000003b                __P8OUT = 0x3b
                0x000000000000003d                __P8DIR = 0x3d
                0x000000000000003f                __P8SEL = 0x3f
                0x0000000000000015                __P8REN = 0x15
                0x0000000000000038                __PAIN = 0x38
                0x000000000000003a                __PAOUT = 0x3a
                0x000000000000003c                __PADIR = 0x3c
                0x000000000000003e                __PASEL = 0x3e
                0x0000000000000014                __PAREN = 0x14
                0x0000000000000055                __SVSCTL = 0x55
                0x000000000000012e                __TAIV = 0x12e
                0x0000000000000160                __TACTL = 0x160
                0x0000000000000162                __TACCTL0 = 0x162
                0x0000000000000164                __TACCTL1 = 0x164
                0x0000000000000166                __TACCTL2 = 0x166
                0x0000000000000170                __TAR = 0x170
                0x0000000000000172                __TACCR0 = 0x172
                0x0000000000000174                __TACCR1 = 0x174
                0x0000000000000176                __TACCR2 = 0x176
                0x000000000000011e                __TBIV = 0x11e
                0x0000000000000180                __TBCTL = 0x180
                0x0000000000000182                __TBCCTL0 = 0x182
                0x0000000000000184                __TBCCTL1 = 0x184
                0x0000000000000186                __TBCCTL2 = 0x186
                0x0000000000000188                __TBCCTL3 = 0x188
                0x000000000000018a                __TBCCTL4 = 0x18a
                0x000000000000018c                __TBCCTL5 = 0x18c
                0x000000000000018e                __TBCCTL6 = 0x18e
                0x0000000000000190                __TBR = 0x190
                0x0000000000000192                __TBCCR0 = 0x192
                0x0000000000000194                __TBCCR1 = 0x194
                0x0000000000000196                __TBCCR2 = 0x196
                0x0000000000000198                __TBCCR3 = 0x198
                0x000000000000019a                __TBCCR4 = 0x19a
                0x000000000000019c                __TBCCR5 = 0x19c
                0x000000000000019e                __TBCCR6 = 0x19e
                0x0000000000000060                __UCA0CTL0 = 0x60
                0x0000000000000061                __UCA0CTL1 = 0x61
                0x0000000000000062                __UCA0BR0 = 0x62
                0x0000000000000063                __UCA0BR1 = 0x63
                0x0000000000000064                __UCA0MCTL = 0x64
                0x0000000000000065                __UCA0STAT = 0x65
                0x0000000000000066                __UCA0RXBUF = 0x66
                0x0000000000000067                __UCA0TXBUF = 0x67
                0x000000000000005d                __UCA0ABCTL = 0x5d
                0x000000000000005e                __UCA0IRTCTL = 0x5e
                0x000000000000005f                __UCA0IRRCTL = 0x5f
                0x0000000000000068                __UCB0CTL0 = 0x68
                0x0000000000000069                __UCB0CTL1 = 0x69
                0x000000000000006a                __UCB0BR0 = 0x6a
                0x000000000000006b                __UCB0BR1 = 0x6b
                0x000000000000006c                __UCB0I2CIE = 0x6c
                0x000000000000006d                __UCB0STAT = 0x6d
                0x000000000000006e                __UCB0RXBUF = 0x6e
                0x000000000000006f                __UCB0TXBUF = 0x6f
                0x0000000000000118                __UCB0I2COA = 0x118
                0x000000000000011a                __UCB0I2CSA = 0x11a
                0x00000000000000d0                __UCA1CTL0 = 0xd0
                0x00000000000000d1                __UCA1CTL1 = 0xd1
                0x00000000000000d2                __UCA1BR0 = 0xd2
                0x00000000000000d3                __UCA1BR1 = 0xd3
                0x00000000000000d4                __UCA1MCTL = 0xd4
                0x00000000000000d5                __UCA1STAT = 0xd5
                0x00000000000000d6                __UCA1RXBUF = 0xd6
                0x00000000000000d7                __UCA1TXBUF = 0xd7
                0x00000000000000cd                __UCA1ABCTL = 0xcd
                0x00000000000000ce                __UCA1IRTCTL = 0xce
                0x00000000000000cf                __UCA1IRRCTL = 0xcf
                0x00000000000000d8                __UCB1CTL0 = 0xd8
                0x00000000000000d9                __UCB1CTL1 = 0xd9
                0x00000000000000da                __UCB1BR0 = 0xda
                0x00000000000000db                __UCB1BR1 = 0xdb
                0x00000000000000dc                __UCB1I2CIE = 0xdc
                0x00000000000000dd                __UCB1STAT = 0xdd
                0x00000000000000de                __UCB1RXBUF = 0xde
                0x00000000000000df                __UCB1TXBUF = 0xdf
                0x000000000000017c                __UCB1I2COA = 0x17c
                0x000000000000017e                __UCB1I2CSA = 0x17e
                0x0000000000000120                __WDTCTL = 0x120
                0x00000000000010c0                __TLV_CHECKSUM = 0x10c0
                0x00000000000010f6                __TLV_DCO_30_TAG = 0x10f6
                0x00000000000010f7                __TLV_DCO_30_LEN = 0x10f7
                0x00000000000010da                __TLV_ADC12_1_TAG = 0x10da
                0x00000000000010db                __TLV_ADC12_1_LEN = 0x10db
                0x00000000000010f8                __CALDCO_16MHZ = 0x10f8
                0x00000000000010f9                __CALBC1_16MHZ = 0x10f9
                0x00000000000010fa                __CALDCO_12MHZ = 0x10fa
                0x00000000000010fb                __CALBC1_12MHZ = 0x10fb
                0x00000000000010fc                __CALDCO_8MHZ = 0x10fc
                0x00000000000010fd                __CALBC1_8MHZ = 0x10fd
                0x00000000000010fe                __CALDCO_1MHZ = 0x10fe
                0x00000000000010ff                __CALBC1_1MHZ = 0x10ff

.hash
 *(.hash)

.dynsym
 *(.dynsym)

.dynstr
 *(.dynstr)

.gnu.version
 *(.gnu.version)

.gnu.version_d
 *(.gnu.version_d)

.gnu.version_r
 *(.gnu.version_r)

.rel.init
 *(.rel.init)

.rela.init
 *(.rela.init)

.rel.fini
 *(.rel.fini)

.rela.fini
 *(.rela.fini)

.rel.text
 *(.rel.text .rel.text.* .rel.gnu.linkonce.t.*)

.rela.text
 *(.rela.text .rela.text.* .rela.gnu.linkonce.t.*)

.rel.rodata
 *(.rel.rodata .rel.rodata.* .rel.gnu.linkonce.r.*)

.rela.rodata
 *(.rela.rodata .rela.rodata.* .rela.gnu.linkonce.r.*)

.rel.data
 *(.rel.data .rel.data.* .rel.gnu.linkonce.d.*)

.rela.data
 *(.rela.data .rela.data.* .rela.gnu.linkonce.d.*)

.rel.bss
 *(.rel.bss .rel.bss.* .rel.gnu.linkonce.b.*)

.rela.bss
 *(.rela.bss .rela.bss.* .rela.gnu.linkonce.b.*)

.rel.ctors
 *(.rel.ctors)

.rela.ctors
 *(.rela.ctors)

.rel.dtors
 *(.rel.dtors)

.rela.dtors
 *(.rela.dtors)

.rel.got
 *(.rel.got)

.rela.got
 *(.rela.got)

.rel.plt
 *(.rel.plt)

.rela.plt
 *(.rela.plt)

.text           0x0000000000003100     0x5d14
                0x0000000000003100                . = ALIGN (0x2)
 *(.init .init.*)
 *(.init0)
 .init0         0x0000000000003100        0x0 /opt/msp430-47-expr/bin/../lib/gcc/msp430/4.7.0/mcpu-430x/mmpy-16/msr20/mc20/libcrt0.a(_reset_vector__.o)
                0x0000000000003100                _reset_vector__
 *(.init1)
 .init1         0x0000000000003100        0xc /opt/msp430-47-expr/bin/../lib/gcc/msp430/4.7.0/mcpu-430x/mmpy-16/msr20/mc20/libcrt0.a(__watchdog_support.o)
                0x0000000000003100                __watchdog_support
 *(.init2)
 .init2         0x000000000000310c        0x4 /opt/msp430-47-expr/bin/../lib/gcc/msp430/4.7.0/mcpu-430x/mmpy-16/msr20/mc20/libcrt0.a(__init_stack.o)
                0x000000000000310c                __init_stack
 *(.init3)
 .init3         0x0000000000003110        0x0 /opt/msp430-47-expr/bin/../lib/gcc/msp430/4.7.0/mcpu-430x/mmpy-16/msr20/mc20/libcrt0.a(__low_level_init.o)
                0x0000000000003110                __low_level_init
 *(.init4)
 .init4         0x0000000000003110       0x18 /opt/msp430-47-expr/bin/../lib/gcc/msp430/4.7.0/mcpu-430x/mmpy-16/msr20/mc20/libcrt0.a(_copy_data.o)
                0x0000000000003110                __do_copy_data
 .init4         0x0000000000003128       0x16 /opt/msp430-47-expr/bin/../lib/gcc/msp430/4.7.0/mcpu-430x/mmpy-16/msr20/mc20/libcrt0.a(_clear_bss.o)
                0x0000000000003128                __do_clear_bss
 *(.init5)
 *(.init6)
 *(.init7)
 *(.init8)
 *(.init9)
 .init9         0x000000000000313e      0x2e6 obj_z1/contiki-z1-main.o
                0x000000000000313e                main
 *(.fini9)
 .fini9         0x0000000000003424        0x0 /opt/msp430-47-expr/bin/../lib/gcc/msp430/4.7.0/mcpu-430x/mmpy-16/msr20/mc20/libcrt0.a(__stop_progExec__.o)
                0x0000000000003424                __stop_progExec__
 *(.fini8)
 *(.fini7)
 *(.fini6)
 *(.fini5)
 *(.fini4)
 *(.fini3)
 *(.fini2)
 *(.fini1)
 *(.fini0)
 .fini0         0x0000000000003424        0x6 /opt/msp430-47-expr/bin/../lib/gcc/msp430/4.7.0/mcpu-430x/mmpy-16/msr20/mc20/libcrt0.a(_endless_loop__.o)
                0x0000000000003424                _endless_loop__
 *(.fini .fini.*)
                0x000000000000342a                . = ALIGN (0x2)
                0x000000000000342a                __ctors_start = .
 *(.ctors)
                0x000000000000342a                __ctors_end = .
                0x000000000000342a                __dtors_start = .
 *(.dtors)
                0x000000000000342a                __dtors_end = .
                0x000000000000342a                . = ALIGN (0x2)
 *(.text .text.* .gnu.linkonce.t.*)
 .text          0x000000000000342a        0x4 /opt/msp430-47-expr/bin/../lib/gcc/msp430/4.7.0/mcpu-430x/mmpy-16/msr20/mc20/crt0ivtbl32.o
                0x000000000000342a                __isr_14
                0x000000000000342a                __isr_4
                0x000000000000342a                __isr_29
                0x000000000000342a                __isr_11
                0x000000000000342a                __isr_5
                0x000000000000342a                __isr_2
                0x000000000000342a                __isr_10
                0x000000000000342a                __isr_7
                0x000000000000342a                __isr_0
                0x000000000000342a                __isr_28
                0x000000000000342a                __isr_8
                0x000000000000342a                __isr_20
                0x000000000000342a                __isr_3
                0x000000000000342a                __isr_12
                0x000000000000342a                __isr_13
                0x000000000000342a                __isr_27
                0x000000000000342a                __isr_9
                0x000000000000342a                __isr_30
                0x000000000000342a                __isr_6
                0x000000000000342a                __isr_22
                0x000000000000342a                __isr_1
                0x000000000000342a                __isr_15
                0x000000000000342a                __isr_21
 .text.libgcc   0x000000000000342e       0x22 /opt/msp430-47-expr/bin/../lib/gcc/msp430/4.7.0/mcpu-430x/mmpy-16/msr20/mc20/libgcc.a(_udivmod16.o)
                0x000000000000342e                __udivhi3
                0x000000000000342e                __ext_udivmod16
                0x0000000000003448                __umodhi3
 .text.libgcc   0x0000000000003450       0x3a /opt/msp430-47-expr/bin/../lib/gcc/msp430/4.7.0/mcpu-430x/mmpy-16/msr20/mc20/libgcc.a(_divmod16.o)
                0x0000000000003450                __ext_divmod16
                0x0000000000003450                __divhi3
                0x0000000000003482                __modhi3
 .text.libgcc   0x000000000000348a       0x38 /opt/msp430-47-expr/bin/../lib/gcc/msp430/4.7.0/mcpu-430x/mmpy-16/msr20/mc20/libgcc.a(_udivmod32.o)
                0x000000000000348a                __udivsi3
                0x000000000000348a                __ext_udivmod32
                0x00000000000034b8                __umodsi3
 .text.libgcc   0x00000000000034c2       0x26 /opt/msp430-47-expr/bin/../lib/gcc/msp430/4.7.0/mcpu-430x/mmpy-16/msr20/mc20/libgcc.a(_mulsi3.o)
                0x00000000000034c2                __mulsi3
 .text.libgcc   0x00000000000034e8       0xbc /opt/msp430-47-expr/bin/../lib/gcc/msp430/4.7.0/mcpu-430x/mmpy-16/msr20/mc20/libgcc.a(_udivmod64.o)
                0x00000000000034e8                __xabi_udivmod64
                0x000000000000353a                __udivdi3
                0x0000000000003554                __umoddi3
                0x0000000000003576                __udivmoddi4
 .text.crt0     0x00000000000035a4        0x2 /opt/msp430-47-expr/bin/../lib/gcc/msp430/4.7.0/mcpu-430x/mmpy-16/msr20/mc20/libcrt0.a(_unexpected_.o)
                0x00000000000035a4                _unexpected_
 *(.near.text .near.text.*)
 .near.text.watchdog_interrupt
                0x00000000000035a6        0x6 contiki-z1.a(watchdog.o)
                0x00000000000035a6                __isr_26
                0x00000000000035a6                watchdog_interrupt
 .near.text.irq_p2
                0x00000000000035ac       0x76 contiki-z1.a(button-sensor.o)
                0x00000000000035ac                irq_p2
                0x00000000000035ac                __isr_19
 .near.text.uart0_rx_interrupt
                0x0000000000003622       0x64 contiki-z1.a(uart0.o)
                0x0000000000003622                __isr_23
                0x0000000000003622                uart0_rx_interrupt
 .near.text.port1_isr
                0x0000000000003686       0xbe contiki-z1.a(adxl345.o)
                0x0000000000003686                port1_isr
                0x0000000000003686                __isr_18
 .near.text.timera1
                0x0000000000003744      0x10a contiki-z1.a(clock.o)
                0x0000000000003744                __isr_24
                0x0000000000003744                timera1
 .near.text.timera0
                0x000000000000384e       0x5c contiki-z1.a(rtimer-arch.o)
                0x000000000000384e                __isr_25
                0x000000000000384e                timera0
 .near.text.i2c_tx_interrupt
                0x00000000000038aa       0x84 contiki-z1.a(i2cmaster.o)
                0x00000000000038aa                __isr_16
                0x00000000000038aa                i2c_tx_interrupt
 .near.text.i2c_rx_interrupt
                0x000000000000392e       0x14 contiki-z1.a(i2cmaster.o)
                0x000000000000392e                i2c_rx_interrupt
                0x000000000000392e                __isr_17
 .any.text.getParameter
                0x0000000000003942       0x10 coral.co
 .any.text.setParameter
                0x0000000000003952        0x4 coral.co
 .any.text.timedout
                0x0000000000003956        0xa coral.co
 .any.text.sent
                0x0000000000003960        0xa coral.co
 .any.text.process_thread_main_coral_process
                0x000000000000396a      0x14a coral.co
 .any.text.recv
                0x0000000000003ab4       0x34 coral.co
 .any.text.recv_uc_callback
                0x0000000000003ae8       0x30 coral.co
 .any.text.recv_bc_callback
                0x0000000000003b18       0x8a coral.co
 .any.text.param_repo_add_parameter
                0x0000000000003ba2       0x20 contiki-z1.a(param-repo.o)
                0x0000000000003ba2                param_repo_add_parameter
 .any.text.param_repo_add_event
                0x0000000000003bc2       0x20 contiki-z1.a(param-repo.o)
                0x0000000000003bc2                param_repo_add_event
 .any.text.init_platform
                0x0000000000003be2        0xc contiki-z1.a(contiki-z1-plat)
                0x0000000000003be2                init_platform
 .any.text.msp430_init_dco
                0x0000000000003bee       0x28 contiki-z1.a(msp430.o)
                0x0000000000003bee                msp430_init_dco
 .any.text.splhigh_
                0x0000000000003c16        0x8 contiki-z1.a(msp430.o)
                0x0000000000003c16                splhigh_
 .any.text.msp430_sync_dco
                0x0000000000003c1e       0x6e contiki-z1.a(msp430.o)
                0x0000000000003c1e                msp430_sync_dco
 .any.text.msp430_cpu_init
                0x0000000000003c8c       0x2e contiki-z1.a(msp430.o)
                0x0000000000003c8c                msp430_cpu_init
 .any.text.show_leds
                0x0000000000003cba       0xe8 contiki-z1.a(leds.o)
 .any.text.leds_init
                0x0000000000003da2        0xa contiki-z1.a(leds.o)
                0x0000000000003da2                leds_init
 .any.text.leds_on
                0x0000000000003dac        0xa contiki-z1.a(leds.o)
                0x0000000000003dac                leds_on
 .any.text.leds_off
                0x0000000000003db6        0xe contiki-z1.a(leds.o)
                0x0000000000003db6                leds_off
 .any.text.watchdog_start
                0x0000000000003dc4       0x14 contiki-z1.a(watchdog.o)
                0x0000000000003dc4                watchdog_start
 .any.text.watchdog_periodic
                0x0000000000003dd8       0x12 contiki-z1.a(watchdog.o)
                0x0000000000003dd8                watchdog_periodic
 .any.text.watchdog_stop
                0x0000000000003dea       0x16 contiki-z1.a(watchdog.o)
                0x0000000000003dea                watchdog_stop
 .any.text.watchdog_init
                0x0000000000003e00       0x12 contiki-z1.a(watchdog.o)
                0x0000000000003e00                watchdog_init
 .any.text.wait_ready
                0x0000000000003e12       0x46 contiki-z1.a(xmem.o)
 .any.text.xmem_init
                0x0000000000003e58       0x1e contiki-z1.a(xmem.o)
                0x0000000000003e58                xmem_init
 .any.text.xmem_pread
                0x0000000000003e76       0xc2 contiki-z1.a(xmem.o)
                0x0000000000003e76                xmem_pread
 .any.text.spi_init
                0x0000000000003f38       0x32 contiki-z1.a(spi.o)
                0x0000000000003f38                spi_init
 .any.text.get_object
                0x0000000000003f6a        0x4 contiki-z1.a(cc2420.o)
 .any.text.set_object
                0x0000000000003f6e        0x4 contiki-z1.a(cc2420.o)
 .any.text.strobe
                0x0000000000003f72       0x1a contiki-z1.a(cc2420.o)
 .any.text.getreg
                0x0000000000003f8c       0x46 contiki-z1.a(cc2420.o)
 .any.text.setreg
                0x0000000000003fd2       0x44 contiki-z1.a(cc2420.o)
 .any.text.write_ram
                0x0000000000004016       0x72 contiki-z1.a(cc2420.o)
 .any.text.write_fifo_buf
                0x0000000000004088       0x38 contiki-z1.a(cc2420.o)
 .any.text.get_status
                0x00000000000040c0       0x1e contiki-z1.a(cc2420.o)
 .any.text.set_txpower
                0x00000000000040de       0x24 contiki-z1.a(cc2420.o)
 .any.text.cc2420_receiving_packet
                0x0000000000004102        0xa contiki-z1.a(cc2420.o)
 .any.text.pending_packet
                0x000000000000410c        0xa contiki-z1.a(cc2420.o)
 .any.text.on   0x0000000000004116       0x26 contiki-z1.a(cc2420.o)
 .any.text.wait_for_transmission
                0x000000000000413c       0x22 contiki-z1.a(cc2420.o)
 .any.text.wait_for_status
                0x000000000000415e       0x24 contiki-z1.a(cc2420.o)
 .any.text.getrxdata
                0x0000000000004182       0x4c contiki-z1.a(cc2420.o)
 .any.text.flushrx
                0x00000000000041ce       0x1a contiki-z1.a(cc2420.o)
 .any.text.off  0x00000000000041e8       0x5a contiki-z1.a(cc2420.o)
 .any.text.RELEASE_LOCK
                0x0000000000004242       0x28 contiki-z1.a(cc2420.o)
 .any.text.set_frame_filtering
                0x000000000000426a       0x30 contiki-z1.a(cc2420.o)
 .any.text.set_auto_ack
                0x000000000000429a       0x30 contiki-z1.a(cc2420.o)
 .any.text.set_poll_mode
                0x00000000000042ca       0x2c contiki-z1.a(cc2420.o)
 .any.text.cc2420_prepare
                0x00000000000042f6       0x38 contiki-z1.a(cc2420.o)
 .any.text.cc2420_on
                0x000000000000432e       0x22 contiki-z1.a(cc2420.o)
                0x000000000000432e                cc2420_on
 .any.text.cc2420_off
                0x0000000000004350       0x30 contiki-z1.a(cc2420.o)
                0x0000000000004350                cc2420_off
 .any.text.cc2420_cca
                0x0000000000004380       0x54 contiki-z1.a(cc2420.o)
 .any.text.cc2420_read
                0x00000000000043d4       0xb8 contiki-z1.a(cc2420.o)
 .any.text.process_thread_cc2420_process
                0x000000000000448c       0x5c contiki-z1.a(cc2420.o)
 .any.text.cc2420_set_channel
                0x00000000000044e8       0x3a contiki-z1.a(cc2420.o)
                0x00000000000044e8                cc2420_set_channel
 .any.text.cc2420_set_pan_addr
                0x0000000000004522       0x4c contiki-z1.a(cc2420.o)
                0x0000000000004522                cc2420_set_pan_addr
 .any.text.cc2420_interrupt
                0x000000000000456e       0x16 contiki-z1.a(cc2420.o)
                0x000000000000456e                cc2420_interrupt
 .any.text.cc2420_set_txpower
                0x0000000000004584        0xe contiki-z1.a(cc2420.o)
                0x0000000000004584                cc2420_set_txpower
 .any.text.cc2420_get_txpower
                0x0000000000004592       0x1e contiki-z1.a(cc2420.o)
                0x0000000000004592                cc2420_get_txpower
 .any.text.cc2420_transmit
                0x00000000000045b0      0x12e contiki-z1.a(cc2420.o)
 .any.text.cc2420_send
                0x00000000000046de       0x12 contiki-z1.a(cc2420.o)
 .any.text.cc2420_rssi
                0x00000000000046f0       0x48 contiki-z1.a(cc2420.o)
                0x00000000000046f0                cc2420_rssi
 .any.text.get_value
                0x0000000000004738      0x104 contiki-z1.a(cc2420.o)
 .any.text.cc2420_set_cca_threshold
                0x000000000000483c       0x16 contiki-z1.a(cc2420.o)
                0x000000000000483c                cc2420_set_cca_threshold
 .any.text.set_value
                0x0000000000004852       0xb2 contiki-z1.a(cc2420.o)
 .any.text.cc2420_init
                0x0000000000004904       0xea contiki-z1.a(cc2420.o)
                0x0000000000004904                cc2420_init
 .any.text.cc2420_arch_init
                0x00000000000049ee       0x1a contiki-z1.a(cc2420-arch.o)
                0x00000000000049ee                cc2420_arch_init
 .any.text.node_id_restore
                0x0000000000004a08       0x4c contiki-z1.a(node-id.o)
                0x0000000000004a08                node_id_restore
 .any.text.process_thread_sensors_process
                0x0000000000004a54       0xc2 contiki-z1.a(sensors.o)
 .any.text.sensors_changed
                0x0000000000004b16       0x2a contiki-z1.a(sensors.o)
                0x0000000000004b16                sensors_changed
 .any.text.status
                0x0000000000004b40       0x18 contiki-z1.a(button-sensor.o)
 .any.text.value
                0x0000000000004b58       0x20 contiki-z1.a(button-sensor.o)
 .any.text.configure
                0x0000000000004b78       0x4e contiki-z1.a(button-sensor.o)
 .any.text.uart0_active
                0x0000000000004bc6        0xe contiki-z1.a(uart0.o)
                0x0000000000004bc6                uart0_active
 .any.text.uart0_set_input
                0x0000000000004bd4        0x6 contiki-z1.a(uart0.o)
                0x0000000000004bd4                uart0_set_input
 .any.text.uart0_writeb
                0x0000000000004bda       0x16 contiki-z1.a(uart0.o)
                0x0000000000004bda                uart0_writeb
 .any.text.uart0_init
                0x0000000000004bf0       0x4e contiki-z1.a(uart0.o)
                0x0000000000004bf0                uart0_init
 .any.text.putchar
                0x0000000000004c3e       0x10 contiki-z1.a(uart0-putchar.o)
                0x0000000000004c3e                putchar
 .any.text.status
                0x0000000000004c4e       0x12 contiki-z1.a(adxl345.o)
 .any.text.accm_write_reg
                0x0000000000004c60       0x2e contiki-z1.a(adxl345.o)
 .any.text.accm_write_stream
                0x0000000000004c8e       0x2a contiki-z1.a(adxl345.o)
 .any.text.accm_read_reg
                0x0000000000004cb8       0x54 contiki-z1.a(adxl345.o)
 .any.text.process_thread_accmeter_process
                0x0000000000004d0c       0x56 contiki-z1.a(adxl345.o)
 .any.text.accm_read_axis.part.0
                0x0000000000004d62       0x5a contiki-z1.a(adxl345.o)
 .any.text.value
                0x0000000000004dbc       0x1e contiki-z1.a(adxl345.o)
 .any.text.accm_init
                0x0000000000004dda       0x78 contiki-z1.a(adxl345.o)
                0x0000000000004dda                accm_init
 .any.text.accm_stop
                0x0000000000004e52       0x32 contiki-z1.a(adxl345.o)
                0x0000000000004e52                accm_stop
 .any.text.configure
                0x0000000000004e84       0x26 contiki-z1.a(adxl345.o)
 .any.text.status
                0x0000000000004eaa       0x12 contiki-z1.a(tmp102.o)
 .any.text.tmp102_init
                0x0000000000004ebc       0x24 contiki-z1.a(tmp102.o)
                0x0000000000004ebc                tmp102_init
 .any.text.tmp102_stop
                0x0000000000004ee0        0xa contiki-z1.a(tmp102.o)
                0x0000000000004ee0                tmp102_stop
 .any.text.configure
                0x0000000000004eea       0x26 contiki-z1.a(tmp102.o)
 .any.text.tmp102_read_reg
                0x0000000000004f10       0x5e contiki-z1.a(tmp102.o)
                0x0000000000004f10                tmp102_read_reg
 .any.text.tmp102_read_temp_x100
                0x0000000000004f6e       0x58 contiki-z1.a(tmp102.o)
                0x0000000000004f6e                tmp102_read_temp_x100
 .any.text.value
                0x0000000000004fc6        0x6 contiki-z1.a(tmp102.o)
 .any.text.clock_time
                0x0000000000004fcc       0x1a contiki-z1.a(clock.o)
                0x0000000000004fcc                clock_time
 .any.text.clock_init
                0x0000000000004fe6       0x28 contiki-z1.a(clock.o)
                0x0000000000004fe6                clock_init
 .any.text.clock_delay
                0x000000000000500e        0xc contiki-z1.a(clock.o)
                0x000000000000500e                clock_delay
 .any.text.clock_wait
                0x000000000000501a       0x24 contiki-z1.a(clock.o)
                0x000000000000501a                clock_wait
 .any.text.leds_arch_init
                0x000000000000503e        0xe contiki-z1.a(leds-arch.o)
                0x000000000000503e                leds_arch_init
 .any.text.leds_arch_set
                0x000000000000504c       0x38 contiki-z1.a(leds-arch.o)
                0x000000000000504c                leds_arch_set
 .any.text.rtimer_arch_init
                0x0000000000005084        0xe contiki-z1.a(rtimer-arch.o)
                0x0000000000005084                rtimer_arch_init
 .any.text.rtimer_arch_now
                0x0000000000005092        0xe contiki-z1.a(rtimer-arch.o)
                0x0000000000005092                rtimer_arch_now
 .any.text.rtimer_arch_schedule
                0x00000000000050a0        0x6 contiki-z1.a(rtimer-arch.o)
                0x00000000000050a0                rtimer_arch_schedule
 .any.text.process_thread_ctimer_process
                0x00000000000050a6       0xa0 contiki-z1.a(ctimer.o)
 .any.text.ctimer_init
                0x0000000000005146       0x18 contiki-z1.a(ctimer.o)
                0x0000000000005146                ctimer_init
 .any.text.ctimer_set_with_process
                0x000000000000515e       0x4a contiki-z1.a(ctimer.o)
                0x000000000000515e                ctimer_set_with_process
 .any.text.ctimer_set
                0x00000000000051a8       0x10 contiki-z1.a(ctimer.o)
                0x00000000000051a8                ctimer_set
 .any.text.ctimer_stop
                0x00000000000051b8       0x28 contiki-z1.a(ctimer.o)
                0x00000000000051b8                ctimer_stop
 .any.text.autostart_start
                0x00000000000051e0       0x16 contiki-z1.a(autostart.o)
                0x00000000000051e0                autostart_start
 .any.text.energest_init
                0x00000000000051f6       0x24 contiki-z1.a(energest.o)
                0x00000000000051f6                energest_init
 .any.text.energest_type_time
                0x000000000000521a       0x3c contiki-z1.a(energest.o)
                0x000000000000521a                energest_type_time
 .any.text.energest_type_set
                0x0000000000005256        0xc contiki-z1.a(energest.o)
                0x0000000000005256                energest_type_set
 .any.text.energest_flush
                0x0000000000005262       0x38 contiki-z1.a(energest.o)
                0x0000000000005262                energest_flush
 .any.text.update_time
                0x000000000000529a       0x70 contiki-z1.a(etimer.o)
 .any.text.etimer_request_poll
                0x000000000000530a        0xa contiki-z1.a(etimer.o)
                0x000000000000530a                etimer_request_poll
 .any.text.process_thread_etimer_process
                0x0000000000005314       0xc4 contiki-z1.a(etimer.o)
 .any.text.add_timer
                0x00000000000053d8       0x40 contiki-z1.a(etimer.o)
 .any.text.etimer_set
                0x0000000000005418       0x12 contiki-z1.a(etimer.o)
                0x0000000000005418                etimer_set
 .any.text.etimer_expired
                0x000000000000542a        0xe contiki-z1.a(etimer.o)
                0x000000000000542a                etimer_expired
 .any.text.etimer_pending
                0x0000000000005438        0xc contiki-z1.a(etimer.o)
                0x0000000000005438                etimer_pending
 .any.text.etimer_next_expiration_time
                0x0000000000005444       0x16 contiki-z1.a(etimer.o)
                0x0000000000005444                etimer_next_expiration_time
 .any.text.etimer_stop
                0x000000000000545a       0x3e contiki-z1.a(etimer.o)
                0x000000000000545a                etimer_stop
 .any.text.call_process
                0x0000000000005498       0x40 contiki-z1.a(process.o)
 .any.text.exit_process
                0x00000000000054d8       0x88 contiki-z1.a(process.o)
 .any.text.do_poll
                0x0000000000005560       0x30 contiki-z1.a(process.o)
 .any.text.process_alloc_event
                0x0000000000005590        0xe contiki-z1.a(process.o)
                0x0000000000005590                process_alloc_event
 .any.text.process_init
                0x000000000000559e       0x1c contiki-z1.a(process.o)
                0x000000000000559e                process_init
 .any.text.process_run
                0x00000000000055ba       0x8c contiki-z1.a(process.o)
                0x00000000000055ba                process_run
 .any.text.process_nevents
                0x0000000000005646        0xe contiki-z1.a(process.o)
                0x0000000000005646                process_nevents
 .any.text.process_post
                0x0000000000005654       0x4a contiki-z1.a(process.o)
                0x0000000000005654                process_post
 .any.text.process_post_synch
                0x000000000000569e       0x12 contiki-z1.a(process.o)
                0x000000000000569e                process_post_synch
 .any.text.process_start
                0x00000000000056b0       0x36 contiki-z1.a(process.o)
                0x00000000000056b0                process_start
 .any.text.process_poll
                0x00000000000056e6       0x18 contiki-z1.a(process.o)
                0x00000000000056e6                process_poll
 .any.text.rtimer_init
                0x00000000000056fe        0x6 contiki-z1.a(rtimer.o)
                0x00000000000056fe                rtimer_init
 .any.text.rtimer_set
                0x0000000000005704       0x24 contiki-z1.a(rtimer.o)
                0x0000000000005704                rtimer_set
 .any.text.rtimer_run_next
                0x0000000000005728       0x26 contiki-z1.a(rtimer.o)
                0x0000000000005728                rtimer_run_next
 .any.text.timer_set
                0x000000000000574e       0x1c contiki-z1.a(timer.o)
                0x000000000000574e                timer_set
 .any.text.timer_expired
                0x000000000000576a       0x2a contiki-z1.a(timer.o)
                0x000000000000576a                timer_expired
 .any.text.process_thread_serial_line_process
                0x0000000000005794       0x9e contiki-z1.a(serial-line.o)
 .any.text.serial_line_input_byte
                0x0000000000005832       0x4a contiki-z1.a(serial-line.o)
                0x0000000000005832                serial_line_input_byte
 .any.text.serial_line_init
                0x000000000000587c       0x1c contiki-z1.a(serial-line.o)
                0x000000000000587c                serial_line_init
 .any.text.list_init
                0x0000000000005898        0x6 contiki-z1.a(list.o)
                0x0000000000005898                list_init
 .any.text.list_head
                0x000000000000589e        0x4 contiki-z1.a(list.o)
                0x000000000000589e                list_head
 .any.text.list_tail
                0x00000000000058a2       0x12 contiki-z1.a(list.o)
                0x00000000000058a2                list_tail
 .any.text.list_remove
                0x00000000000058b4       0x34 contiki-z1.a(list.o)
                0x00000000000058b4                list_remove
 .any.text.list_push
                0x00000000000058e8       0x16 contiki-z1.a(list.o)
                0x00000000000058e8                list_push
 .any.text.list_add
                0x00000000000058fe       0x26 contiki-z1.a(list.o)
                0x00000000000058fe                list_add
 .any.text.list_length
                0x0000000000005924       0x10 contiki-z1.a(list.o)
                0x0000000000005924                list_length
 .any.text.list_item_next
                0x0000000000005934        0xc contiki-z1.a(list.o)
                0x0000000000005934                list_item_next
 .any.text.random_init
                0x0000000000005940        0x6 contiki-z1.a(random.o)
                0x0000000000005940                random_init
 .any.text.random_rand
                0x0000000000005946        0x6 contiki-z1.a(random.o)
                0x0000000000005946                random_rand
 .any.text.ringbuf_init
                0x000000000000594c       0x14 contiki-z1.a(ringbuf.o)
                0x000000000000594c                ringbuf_init
 .any.text.ringbuf_put
                0x0000000000005960       0x38 contiki-z1.a(ringbuf.o)
                0x0000000000005960                ringbuf_put
 .any.text.ringbuf_get
                0x0000000000005998       0x2e contiki-z1.a(ringbuf.o)
                0x0000000000005998                ringbuf_get
 .any.text.input
                0x00000000000059c6       0x36 contiki-z1.a(rime.o)
 .any.text.init
                0x00000000000059fc       0x2e contiki-z1.a(rime.o)
 .any.text.packet_sent
                0x0000000000005a2a       0x38 contiki-z1.a(rime.o)
 .any.text.rime_output
                0x0000000000005a62       0x24 contiki-z1.a(rime.o)
                0x0000000000005a62                rime_output
 .any.text.adv_packet_sent
                0x0000000000005a86        0x2 contiki-z1.a(broadcast-annou)
 .any.text.adv_packet_received
                0x0000000000005a88       0x56 contiki-z1.a(broadcast-annou)
 .any.text.set_timers
                0x0000000000005ade       0x4a contiki-z1.a(broadcast-annou)
 .any.text.send_timer
                0x0000000000005b28       0x32 contiki-z1.a(broadcast-annou)
 .any.text.send_adv
                0x0000000000005b5a       0x60 contiki-z1.a(broadcast-annou)
 .any.text.new_announcement
                0x0000000000005bba       0x18 contiki-z1.a(broadcast-annou)
 .any.text.broadcast_announcement_init
                0x0000000000005bd2       0x44 contiki-z1.a(broadcast-annou)
                0x0000000000005bd2                broadcast_announcement_init
 .any.text.announcement_init
                0x0000000000005c16        0xa contiki-z1.a(announcement.o)
                0x0000000000005c16                announcement_init
 .any.text.announcement_register_observer_callback
                0x0000000000005c20        0x6 contiki-z1.a(announcement.o)
                0x0000000000005c20                announcement_register_observer_callback
 .any.text.announcement_list
                0x0000000000005c26        0xa contiki-z1.a(announcement.o)
                0x0000000000005c26                announcement_list
 .any.text.announcement_heard
                0x0000000000005c30       0x36 contiki-z1.a(announcement.o)
                0x0000000000005c30                announcement_heard
 .any.text.chameleon_init
                0x0000000000005c66        0x6 contiki-z1.a(chameleon.o)
                0x0000000000005c66                chameleon_init
 .any.text.chameleon_parse
                0x0000000000005c6c       0x10 contiki-z1.a(chameleon.o)
                0x0000000000005c6c                chameleon_parse
 .any.text.chameleon_create
                0x0000000000005c7c       0x1c contiki-z1.a(chameleon.o)
                0x0000000000005c7c                chameleon_create
 .any.text.chameleon_hdrsize
                0x0000000000005c98        0x6 contiki-z1.a(chameleon.o)
                0x0000000000005c98                chameleon_hdrsize
 .any.text.channel_init
                0x0000000000005c9e        0xa contiki-z1.a(channel.o)
                0x0000000000005c9e                channel_init
 .any.text.channel_open
                0x0000000000005ca8       0x10 contiki-z1.a(channel.o)
                0x0000000000005ca8                channel_open
 .any.text.channel_close
                0x0000000000005cb8        0xc contiki-z1.a(channel.o)
                0x0000000000005cb8                channel_close
 .any.text.channel_lookup
                0x0000000000005cc4       0x20 contiki-z1.a(channel.o)
                0x0000000000005cc4                channel_lookup
 .any.text.channel_set_attributes
                0x0000000000005ce4       0x20 contiki-z1.a(channel.o)
                0x0000000000005ce4                channel_set_attributes
 .any.text.sent_by_abc
                0x0000000000005d04       0x10 contiki-z1.a(broadcast.o)
 .any.text.recv_from_abc
                0x0000000000005d14       0x26 contiki-z1.a(broadcast.o)
 .any.text.broadcast_open
                0x0000000000005d3a       0x22 contiki-z1.a(broadcast.o)
                0x0000000000005d3a                broadcast_open
 .any.text.broadcast_close
                0x0000000000005d5c        0x6 contiki-z1.a(broadcast.o)
                0x0000000000005d5c                broadcast_close
 .any.text.broadcast_send
                0x0000000000005d62       0x1a contiki-z1.a(broadcast.o)
                0x0000000000005d62                broadcast_send
 .any.text.data_packet_received
                0x0000000000005d7c       0x2c contiki-z1.a(mesh.o)
 .any.text.data_packet_forward
                0x0000000000005da8       0x7e contiki-z1.a(mesh.o)
 .any.text.miss_route_handler
                0x0000000000005e26       0x64 contiki-z1.a(mesh.o)
 .any.text.mesh_open
                0x0000000000005e8a       0x16 contiki-z1.a(mesh.o)
                0x0000000000005e8a                mesh_open
 .any.text.mesh_close
                0x0000000000005ea0        0xe contiki-z1.a(mesh.o)
                0x0000000000005ea0                mesh_close
 .any.text.mesh_send
                0x0000000000005eae       0x5c contiki-z1.a(mesh.o)
                0x0000000000005eae                mesh_send
 .any.text.sent_by_broadcast
                0x0000000000005f0a       0x10 contiki-z1.a(unicast.o)
 .any.text.recv_from_broadcast
                0x0000000000005f1a       0x2a contiki-z1.a(unicast.o)
 .any.text.unicast_open
                0x0000000000005f44       0x22 contiki-z1.a(unicast.o)
                0x0000000000005f44                unicast_open
 .any.text.unicast_close
                0x0000000000005f66        0x6 contiki-z1.a(unicast.o)
                0x0000000000005f66                unicast_close
 .any.text.unicast_send
                0x0000000000005f6c       0x16 contiki-z1.a(unicast.o)
                0x0000000000005f6c                unicast_send
 .any.text.abc_open
                0x0000000000005f82       0x1e contiki-z1.a(abc.o)
                0x0000000000005f82                abc_open
 .any.text.abc_close
                0x0000000000005fa0        0x6 contiki-z1.a(abc.o)
                0x0000000000005fa0                abc_close
 .any.text.abc_send
                0x0000000000005fa6        0x6 contiki-z1.a(abc.o)
                0x0000000000005fa6                abc_send
 .any.text.abc_input
                0x0000000000005fac        0xe contiki-z1.a(abc.o)
                0x0000000000005fac                abc_input
 .any.text.abc_sent
                0x0000000000005fba       0x10 contiki-z1.a(abc.o)
                0x0000000000005fba                abc_sent
 .any.text.route_init
                0x0000000000005fca       0x12 contiki-z1.a(route.o)
                0x0000000000005fca                route_init
 .any.text.route_lookup
                0x0000000000005fdc       0x40 contiki-z1.a(route.o)
                0x0000000000005fdc                route_lookup
 .any.text.route_refresh
                0x000000000000601c       0x42 contiki-z1.a(route.o)
                0x000000000000601c                route_refresh
 .any.text.queuebuf_init
                0x000000000000605e       0x12 contiki-z1.a(queuebuf.o)
                0x000000000000605e                queuebuf_init
 .any.text.queuebuf_new_from_packetbuf
                0x0000000000006070       0x4e contiki-z1.a(queuebuf.o)
                0x0000000000006070                queuebuf_new_from_packetbuf
 .any.text.queuebuf_update_attr_from_packetbuf
                0x00000000000060be       0x12 contiki-z1.a(queuebuf.o)
                0x00000000000060be                queuebuf_update_attr_from_packetbuf
 .any.text.queuebuf_update_from_packetbuf
                0x00000000000060d0       0x22 contiki-z1.a(queuebuf.o)
                0x00000000000060d0                queuebuf_update_from_packetbuf
 .any.text.queuebuf_free
                0x00000000000060f2       0x2a contiki-z1.a(queuebuf.o)
                0x00000000000060f2                queuebuf_free
 .any.text.queuebuf_to_packetbuf
                0x000000000000611c       0x32 contiki-z1.a(queuebuf.o)
                0x000000000000611c                queuebuf_to_packetbuf
 .any.text.queuebuf_attr
                0x000000000000614e        0xe contiki-z1.a(queuebuf.o)
                0x000000000000614e                queuebuf_attr
 .any.text.packetbuf_hdrreduce
                0x000000000000615c       0x1a contiki-z1.a(packetbuf.o)
                0x000000000000615c                packetbuf_hdrreduce
 .any.text.packetbuf_set_datalen
                0x0000000000006176        0x6 contiki-z1.a(packetbuf.o)
                0x0000000000006176                packetbuf_set_datalen
 .any.text.packetbuf_hdrptr
                0x000000000000617c        0x6 contiki-z1.a(packetbuf.o)
                0x000000000000617c                packetbuf_hdrptr
 .any.text.packetbuf_datalen
                0x0000000000006182        0x6 contiki-z1.a(packetbuf.o)
                0x0000000000006182                packetbuf_datalen
 .any.text.packetbuf_hdrlen
                0x0000000000006188        0xa contiki-z1.a(packetbuf.o)
                0x0000000000006188                packetbuf_hdrlen
 .any.text.packetbuf_dataptr
                0x0000000000006192        0xc contiki-z1.a(packetbuf.o)
                0x0000000000006192                packetbuf_dataptr
 .any.text.packetbuf_copyto
                0x000000000000619e       0x3a contiki-z1.a(packetbuf.o)
                0x000000000000619e                packetbuf_copyto
 .any.text.packetbuf_compact
                0x00000000000061d8       0x3c contiki-z1.a(packetbuf.o)
                0x00000000000061d8                packetbuf_compact
 .any.text.packetbuf_totlen
                0x0000000000006214        0xc contiki-z1.a(packetbuf.o)
                0x0000000000006214                packetbuf_totlen
 .any.text.packetbuf_hdralloc
                0x0000000000006220       0x3c contiki-z1.a(packetbuf.o)
                0x0000000000006220                packetbuf_hdralloc
 .any.text.packetbuf_attr_clear
                0x000000000000625c       0x2c contiki-z1.a(packetbuf.o)
                0x000000000000625c                packetbuf_attr_clear
 .any.text.packetbuf_clear
                0x0000000000006288       0x12 contiki-z1.a(packetbuf.o)
                0x0000000000006288                packetbuf_clear
 .any.text.packetbuf_copyfrom
                0x000000000000629a       0x2a contiki-z1.a(packetbuf.o)
                0x000000000000629a                packetbuf_copyfrom
 .any.text.packetbuf_attr_copyto
                0x00000000000062c4       0x20 contiki-z1.a(packetbuf.o)
                0x00000000000062c4                packetbuf_attr_copyto
 .any.text.packetbuf_attr_copyfrom
                0x00000000000062e4       0x22 contiki-z1.a(packetbuf.o)
                0x00000000000062e4                packetbuf_attr_copyfrom
 .any.text.packetbuf_holds_broadcast
                0x0000000000006306        0xe contiki-z1.a(packetbuf.o)
                0x0000000000006306                packetbuf_holds_broadcast
 .any.text.linkaddr_copy
                0x0000000000006314        0xc contiki-z1.a(linkaddr.o)
                0x0000000000006314                linkaddr_copy
 .any.text.linkaddr_cmp
                0x0000000000006320       0x12 contiki-z1.a(linkaddr.o)
                0x0000000000006320                linkaddr_cmp
 .any.text.linkaddr_set_node_addr
                0x0000000000006332        0xc contiki-z1.a(linkaddr.o)
                0x0000000000006332                linkaddr_set_node_addr
 .any.text.input_packet
                0x000000000000633e        0xe contiki-z1.a(csma.o)
 .any.text.on   0x000000000000634c        0x6 contiki-z1.a(csma.o)
 .any.text.off  0x0000000000006352        0x6 contiki-z1.a(csma.o)
 .any.text.channel_check_interval
                0x0000000000006358       0x10 contiki-z1.a(csma.o)
 .any.text.getNodeAddress
                0x0000000000006368        0x6 contiki-z1.a(csma.o)
 .any.text.transmit_packet_list
                0x000000000000636e       0x24 contiki-z1.a(csma.o)
 .any.text.schedule_transmission
                0x0000000000006392       0xb4 contiki-z1.a(csma.o)
 .any.text.init
                0x0000000000006446       0x4a contiki-z1.a(csma.o)
 .any.text.tx_done
                0x0000000000006490       0x84 contiki-z1.a(csma.o)
 .any.text.send_packet
                0x0000000000006514      0x17e contiki-z1.a(csma.o)
 .any.text.packet_sent
                0x0000000000006692      0x10a contiki-z1.a(csma.o)
 .any.text.get_macstats
                0x000000000000679c       0x48 contiki-z1.a(csma.o)
                0x000000000000679c                get_macstats
 .any.text.mac_call_sent_callback
                0x00000000000067e4       0x14 contiki-z1.a(mac.o)
                0x00000000000067e4                mac_call_sent_callback
 .any.text.process_thread_macstats_event_process
                0x00000000000067f8       0x96 contiki-z1.a(macstats.o)
 .any.text.duty_cycle
                0x000000000000688e       0x2e contiki-z1.a(contikimac.o)
 .any.text.init
                0x00000000000068bc       0x2e contiki-z1.a(contikimac.o)
 .any.text.on   0x00000000000068ea       0x1a contiki-z1.a(contikimac.o)
 .any.text.off  0x0000000000006904       0x22 contiki-z1.a(contikimac.o)
 .any.text.recv_burst_off
                0x0000000000006926        0xa contiki-z1.a(contikimac.o)
 .any.text.turn_off
                0x0000000000006930       0x20 contiki-z1.a(contikimac.o)
 .any.text.turn_on
                0x0000000000006950       0x30 contiki-z1.a(contikimac.o)
 .any.text.schedule_powercycle_fixed.part.4
                0x0000000000006980       0x32 contiki-z1.a(contikimac.o)
 .any.text.powercycle_turn_radio_off
                0x00000000000069b2       0x30 contiki-z1.a(contikimac.o)
 .any.text.input_packet
                0x00000000000069e2       0xb6 contiki-z1.a(contikimac.o)
 .any.text.send_packet.part.8
                0x0000000000006a98      0x24c contiki-z1.a(contikimac.o)
 .any.text.qsend_packet
                0x0000000000006ce4       0x48 contiki-z1.a(contikimac.o)
 .any.text.qsend_list
                0x0000000000006d2c       0xdc contiki-z1.a(contikimac.o)
 .any.text.powercycle_wrapper
                0x0000000000006e08      0x1c2 contiki-z1.a(contikimac.o)
 .any.text.hdr_length
                0x0000000000006fca        0x8 contiki-z1.a(contikimac-fram)
 .any.text.parse
                0x0000000000006fd2       0x36 contiki-z1.a(contikimac-fram)
 .any.text.create
                0x0000000000007008       0x70 contiki-z1.a(contikimac-fram)
 .any.text.init
                0x0000000000007078        0x2 contiki-z1.a(nullsec.o)
 .any.text.send
                0x000000000000707a        0xa contiki-z1.a(nullsec.o)
 .any.text.input
                0x0000000000007084        0x6 contiki-z1.a(nullsec.o)
 .any.text.i2c_receiveinit
                0x000000000000708a       0x36 contiki-z1.a(i2cmaster.o)
                0x000000000000708a                i2c_receiveinit
 .any.text.i2c_transmitinit
                0x00000000000070c0       0x30 contiki-z1.a(i2cmaster.o)
                0x00000000000070c0                i2c_transmitinit
 .any.text.i2c_receive_n
                0x00000000000070f0       0x3e contiki-z1.a(i2cmaster.o)
                0x00000000000070f0                i2c_receive_n
 .any.text.i2c_busy
                0x000000000000712e        0xa contiki-z1.a(i2cmaster.o)
                0x000000000000712e                i2c_busy
 .any.text.i2c_enable
                0x0000000000007138       0x22 contiki-z1.a(i2cmaster.o)
                0x0000000000007138                i2c_enable
 .any.text.i2c_transmit_n
                0x000000000000715a       0x14 contiki-z1.a(i2cmaster.o)
                0x000000000000715a                i2c_transmit_n
 .any.text.compower_accumulate
                0x000000000000716e       0x6a contiki-z1.a(compower.o)
                0x000000000000716e                compower_accumulate
 .any.text.compower_clear
                0x00000000000071d8       0x12 contiki-z1.a(compower.o)
                0x00000000000071d8                compower_clear
 .any.text.compower_attrconv
                0x00000000000071ea       0x10 contiki-z1.a(compower.o)
                0x00000000000071ea                compower_attrconv
 .any.text.memb_init
                0x00000000000071fa       0x36 contiki-z1.a(memb.o)
                0x00000000000071fa                memb_init
 .any.text.memb_alloc
                0x0000000000007230       0x3e contiki-z1.a(memb.o)
                0x0000000000007230                memb_alloc
 .any.text.memb_free
                0x000000000000726e       0x3a contiki-z1.a(memb.o)
                0x000000000000726e                memb_free
 .any.text.memb_inmemb
                0x00000000000072a8       0x2a contiki-z1.a(memb.o)
                0x00000000000072a8                memb_inmemb
 .any.text.get_bits_in_byte
                0x00000000000072d2       0x36 contiki-z1.a(chameleon-bitop)
 .any.text.header_size
                0x0000000000007308       0x16 contiki-z1.a(chameleon-bitop)
 .any.text.get_bits
                0x000000000000731e       0x8a contiki-z1.a(chameleon-bitop)
                0x000000000000731e                get_bits
 .any.text.unpack_header
                0x00000000000073a8       0xba contiki-z1.a(chameleon-bitop)
 .any.text.set_bits
                0x0000000000007462       0xe2 contiki-z1.a(chameleon-bitop)
                0x0000000000007462                set_bits
 .any.text.pack_header
                0x0000000000007544       0xa8 contiki-z1.a(chameleon-bitop)
 .any.text.data_packet_received
                0x00000000000075ec       0xd2 contiki-z1.a(multihop.o)
                0x00000000000075ec                data_packet_received
 .any.text.multihop_open
                0x00000000000076be       0x22 contiki-z1.a(multihop.o)
                0x00000000000076be                multihop_open
 .any.text.multihop_close
                0x00000000000076e0        0x6 contiki-z1.a(multihop.o)
                0x00000000000076e0                multihop_close
 .any.text.multihop_send
                0x00000000000076e6       0x7e contiki-z1.a(multihop.o)
                0x00000000000076e6                multihop_send
 .any.text.multihop_resend
                0x0000000000007764        0x6 contiki-z1.a(multihop.o)
                0x0000000000007764                multihop_resend
 .any.text.mac_sequence_is_duplicate
                0x000000000000776a       0x5a contiki-z1.a(mac-sequence.o)
                0x000000000000776a                mac_sequence_is_duplicate
 .any.text.mac_sequence_register_seqno
                0x00000000000077c4       0x70 contiki-z1.a(mac-sequence.o)
                0x00000000000077c4                mac_sequence_register_seqno
 .any.text.create_frame.isra.0
                0x0000000000007834      0x110 contiki-z1.a(framer-802154.o)
 .any.text.create
                0x0000000000007944        0x8 contiki-z1.a(framer-802154.o)
 .any.text.hdr_length
                0x000000000000794c        0x8 contiki-z1.a(framer-802154.o)
 .any.text.parse
                0x0000000000007954       0xa4 contiki-z1.a(framer-802154.o)
 .any.text.frame802154_get_pan_id
                0x00000000000079f8        0x6 contiki-z1.a(frame802154.o)
                0x00000000000079f8                frame802154_get_pan_id
 .any.text.frame802154_has_panid
                0x00000000000079fe       0x78 contiki-z1.a(frame802154.o)
                0x00000000000079fe                frame802154_has_panid
 .any.text.field_len
                0x0000000000007a76       0xa8 contiki-z1.a(frame802154.o)
 .any.text.frame802154_is_broadcast_addr
                0x0000000000007b1e       0x28 contiki-z1.a(frame802154.o)
                0x0000000000007b1e                frame802154_is_broadcast_addr
 .any.text.frame802154_hdrlen
                0x0000000000007b46       0x32 contiki-z1.a(frame802154.o)
                0x0000000000007b46                frame802154_hdrlen
 .any.text.frame802154_create
                0x0000000000007b78      0x136 contiki-z1.a(frame802154.o)
                0x0000000000007b78                frame802154_create
 .any.text.frame802154_parse
                0x0000000000007cae      0x1be contiki-z1.a(frame802154.o)
                0x0000000000007cae                frame802154_parse
 .any.text.send_packet
                0x0000000000007e6c       0x44 contiki-z1.a(phase.o)
 .any.text.phase_update
                0x0000000000007eb0       0x8c contiki-z1.a(phase.o)
                0x0000000000007eb0                phase_update
 .any.text.phase_wait
                0x0000000000007f3c       0xee contiki-z1.a(phase.o)
                0x0000000000007f3c                phase_wait
 .any.text.phase_init
                0x000000000000802a       0x14 contiki-z1.a(phase.o)
                0x000000000000802a                phase_init
 .any.text.item_from_index
                0x000000000000803e       0x2a contiki-z1.a(nbr-table.o)
 .any.text.index_from_key
                0x0000000000008068       0x10 contiki-z1.a(nbr-table.o)
 .any.text.index_from_item
                0x0000000000008078       0x1e contiki-z1.a(nbr-table.o)
 .any.text.nbr_set_bit
                0x0000000000008096       0x50 contiki-z1.a(nbr-table.o)
 .any.text.index_from_lladdr
                0x00000000000080e6       0x3e contiki-z1.a(nbr-table.o)
 .any.text.nbr_get_bit.constprop.1
                0x0000000000008124       0x2c contiki-z1.a(nbr-table.o)
 .any.text.remove_key
                0x0000000000008150       0x56 contiki-z1.a(nbr-table.o)
 .any.text.nbr_table_register
                0x00000000000081a6       0x26 contiki-z1.a(nbr-table.o)
                0x00000000000081a6                nbr_table_register
 .any.text.nbr_table_add_lladdr
                0x00000000000081cc       0xc8 contiki-z1.a(nbr-table.o)
                0x00000000000081cc                nbr_table_add_lladdr
 .any.text.nbr_table_get_from_lladdr
                0x0000000000008294       0x28 contiki-z1.a(nbr-table.o)
                0x0000000000008294                nbr_table_get_from_lladdr
 .any.text.nbr_table_remove
                0x00000000000082bc       0x2a contiki-z1.a(nbr-table.o)
                0x00000000000082bc                nbr_table_remove
 .any.text.printf
                0x00000000000082e6       0x10 /opt/msp430-47-expr/bin/../lib/gcc/msp430/4.7.0/../../../../msp430/lib/mcpu-430x/mmpy-16/msr20/mc20/libc.a(printf.o)
                0x00000000000082e6                printf
 .any.text.append
                0x00000000000082f6       0x22 /opt/msp430-47-expr/bin/../lib/gcc/msp430/4.7.0/../../../../msp430/lib/mcpu-430x/mmpy-16/msr20/mc20/libc.a(sprintf.o)
 .any.text.call_vuprintf
                0x0000000000008318       0x36 /opt/msp430-47-expr/bin/../lib/gcc/msp430/4.7.0/../../../../msp430/lib/mcpu-430x/mmpy-16/msr20/mc20/libc.a(sprintf.o)
 .any.text.sprintf
                0x000000000000834e       0x1a /opt/msp430-47-expr/bin/../lib/gcc/msp430/4.7.0/../../../../msp430/lib/mcpu-430x/mmpy-16/msr20/mc20/libc.a(sprintf.o)
                0x000000000000834e                sprintf
 .any.text.print_field
                0x0000000000008368      0x176 /opt/msp430-47-expr/bin/../lib/gcc/msp430/4.7.0/../../../../msp430/lib/mcpu-430x/mmpy-16/msr20/mc20/libc.a(vuprintf.o)
 .any.text.vuprintf
                0x00000000000084de      0x74c /opt/msp430-47-expr/bin/../lib/gcc/msp430/4.7.0/../../../../msp430/lib/mcpu-430x/mmpy-16/msr20/mc20/libc.a(vuprintf.o)
                0x00000000000084de                vuprintf
 .any.text.puts
                0x0000000000008c2a       0x2c /opt/msp430-47-expr/bin/../lib/gcc/msp430/4.7.0/../../../../msp430/lib/mcpu-430x/mmpy-16/msr20/mc20/libc.a(puts.o)
                0x0000000000008c2a                puts
 .any.text.rand
                0x0000000000008c56       0x26 /opt/msp430-47-expr/bin/../lib/gcc/msp430/4.7.0/../../../../msp430/lib/mcpu-430x/mmpy-16/msr20/mc20/libc.a(rand.o)
                0x0000000000008c56                rand
 .any.text.srand
                0x0000000000008c7c        0xa /opt/msp430-47-expr/bin/../lib/gcc/msp430/4.7.0/../../../../msp430/lib/mcpu-430x/mmpy-16/msr20/mc20/libc.a(rand.o)
                0x0000000000008c7c                srand
 .any.text.strcmp
                0x0000000000008c86       0x1e /opt/msp430-47-expr/bin/../lib/gcc/msp430/4.7.0/../../../../msp430/lib/mcpu-430x/mmpy-16/msr20/mc20/libc.a(strcmp.o)
                0x0000000000008c86                strcmp
 .any.text.memcmp
                0x0000000000008ca4       0x2c /opt/msp430-47-expr/bin/../lib/gcc/msp430/4.7.0/../../../../msp430/lib/mcpu-430x/mmpy-16/msr20/mc20/libc.a(memcmp.o)
                0x0000000000008ca4                memcmp
 .any.text.memcpy
                0x0000000000008cd0       0xe8 /opt/msp430-47-expr/bin/../lib/gcc/msp430/4.7.0/../../../../msp430/lib/mcpu-430x/mmpy-16/msr20/mc20/libc.a(memcpy.o)
                0x0000000000008cd0                memcpy
 .any.text.memset
                0x0000000000008db8       0x5c /opt/msp430-47-expr/bin/../lib/gcc/msp430/4.7.0/../../../../msp430/lib/mcpu-430x/mmpy-16/msr20/mc20/libc.a(memset.o)
                0x0000000000008db8                memset

.rodata         0x0000000000008e14      0x68b
                0x0000000000008e14                . = ALIGN (0x2)
 *(.rodata .rodata.* .gnu.linkonce.r.*)
 .rodata.timedout
                0x0000000000008e14       0x10 coral.co
 .rodata.sent   0x0000000000008e24        0xc coral.co
 .rodata.process_thread_main_coral_process
                0x0000000000008e30       0xc4 coral.co
 .rodata.recv   0x0000000000008ef4       0x25 coral.co
 .rodata.recv_uc_callback
                0x0000000000008f19       0x1f coral.co
 .rodata.recv_bc_callback
                0x0000000000008f38       0x3e coral.co
 .rodata.autostart_processes
                0x0000000000008f76        0x4 coral.co
                0x0000000000008f76                autostart_processes
 .rodata        0x0000000000008f7a       0x13 coral.co
 *fill*         0x0000000000008f8d        0x1 00
 .rodata.broadcast_callbacks
                0x0000000000008f8e        0x8 coral.co
 .rodata.unicast_callbacks
                0x0000000000008f96        0x8 coral.co
 .rodata.callbacks
                0x0000000000008f9e        0xc coral.co
 .rodata        0x0000000000008faa       0xd4 obj_z1/contiki-z1-main.o
 *fill*         0x000000000000907e        0x2 00
 .rodata.get_value
                0x0000000000009080       0x44 contiki-z1.a(cc2420.o)
 .rodata.set_value
                0x00000000000090c4       0x20 contiki-z1.a(cc2420.o)
 .rodata.cc2420_driver
                0x00000000000090e4       0x38 contiki-z1.a(cc2420.o)
                0x00000000000090e4                cc2420_driver
 .rodata        0x000000000000911c        0xe contiki-z1.a(cc2420.o)
 .rodata.output_power
                0x000000000000912a       0x10 contiki-z1.a(cc2420.o)
 .rodata        0x000000000000913a        0x8 contiki-z1.a(sensors.o)
 .rodata        0x0000000000009142        0x7 contiki-z1.a(button-sensor.o)
 *fill*         0x0000000000009149        0x1 00
 .rodata.button_sensor
                0x000000000000914a        0xe contiki-z1.a(button-sensor.o)
                0x000000000000914a                button_sensor
 .rodata        0x0000000000009158       0x25 contiki-z1.a(adxl345.o)
 *fill*         0x000000000000917d        0x1 00
 .rodata.adxl345
                0x000000000000917e        0xe contiki-z1.a(adxl345.o)
                0x000000000000917e                adxl345
 .rodata        0x000000000000918c        0xe contiki-z1.a(tmp102.o)
 .rodata.tmp102
                0x000000000000919a        0xe contiki-z1.a(tmp102.o)
                0x000000000000919a                tmp102
 .rodata        0x00000000000091a8        0xf contiki-z1.a(ctimer.o)
 .rodata        0x00000000000091b7        0xc contiki-z1.a(etimer.o)
 .rodata        0x00000000000091c3        0xe contiki-z1.a(serial-line.o)
 .rodata        0x00000000000091d1        0x5 contiki-z1.a(rime.o)
 .rodata.rime_driver
                0x00000000000091d6        0xa contiki-z1.a(rime.o)
                0x00000000000091d6                rime_driver
 .rodata.broadcast_callbacks
                0x00000000000091e0        0x8 contiki-z1.a(broadcast-annou)
 .rodata.broadcast
                0x00000000000091e8        0x8 contiki-z1.a(broadcast.o)
 .rodata.attributes
                0x00000000000091f0        0x4 contiki-z1.a(broadcast.o)
 .rodata.data_packet_forward
                0x00000000000091f4       0x57 contiki-z1.a(mesh.o)
 .rodata.miss_route_handler
                0x000000000000924b       0x60 contiki-z1.a(mesh.o)
 .rodata.mesh_send
                0x00000000000092ab       0x35 contiki-z1.a(mesh.o)
 .rodata.data_callbacks
                0x00000000000092e0        0x8 contiki-z1.a(mesh.o)
 .rodata.uc     0x00000000000092e8        0x8 contiki-z1.a(unicast.o)
 .rodata.attributes
                0x00000000000092f0        0x6 contiki-z1.a(unicast.o)
 .rodata.attributes
                0x00000000000092f6        0x2 contiki-z1.a(abc.o)
 .rodata.route_refresh
                0x00000000000092f8       0x5b contiki-z1.a(route.o)
 *fill*         0x0000000000009353        0x1 00
 .rodata.linkaddr_null
                0x0000000000009354        0x2 contiki-z1.a(linkaddr.o)
                0x0000000000009354                linkaddr_null
 .rodata        0x0000000000009356        0x5 contiki-z1.a(csma.o)
 *fill*         0x000000000000935b        0x1 00
 .rodata.csma_driver
                0x000000000000935c       0x1a contiki-z1.a(csma.o)
                0x000000000000935c                csma_driver
 .rodata        0x0000000000009376        0x9 contiki-z1.a(macstats.o)
 .rodata        0x000000000000937f        0xb contiki-z1.a(contikimac.o)
 .rodata.contikimac_driver
                0x000000000000938a       0x1e contiki-z1.a(contikimac.o)
                0x000000000000938a                contikimac_driver
 .rodata.contikimac_framer
                0x00000000000093a8        0xc contiki-z1.a(contikimac-fram)
                0x00000000000093a8                contikimac_framer
 .rodata        0x00000000000093b4        0x8 contiki-z1.a(nullsec.o)
 .rodata.nullsec_driver
                0x00000000000093bc        0xe contiki-z1.a(nullsec.o)
                0x00000000000093bc                nullsec_driver
 .rodata.chameleon_bitopt
                0x00000000000093ca        0xc contiki-z1.a(chameleon-bitop)
                0x00000000000093ca                chameleon_bitopt
 .rodata.bitmask
                0x00000000000093d6        0x9 contiki-z1.a(chameleon-bitop)
 .rodata.data_packet_received
                0x00000000000093df       0x53 contiki-z1.a(multihop.o)
 .rodata.multihop_send
                0x0000000000009432       0x43 contiki-z1.a(multihop.o)
 *fill*         0x0000000000009475        0x1 00
 .rodata.data_callbacks
                0x0000000000009476        0x8 contiki-z1.a(multihop.o)
 .rodata.attributes
                0x000000000000947e        0xc contiki-z1.a(multihop.o)
 .rodata.framer_802154
                0x000000000000948a        0xc contiki-z1.a(framer-802154.o)
                0x000000000000948a                framer_802154
 .rodata.CSWTCH.16
                0x0000000000009496        0x2 contiki-z1.a(frame802154.o)
 .rodata.vuprintf
                0x0000000000009498        0x7 /opt/msp430-47-expr/bin/../lib/gcc/msp430/4.7.0/../../../../msp430/lib/mcpu-430x/mmpy-16/msr20/mc20/libc.a(vuprintf.o)
 *(.near.rodata .near.rodata.*)
                0x00000000000094a0                . = ALIGN (0x2)
                0x00000000000094a0                _etext = .

.data           0x0000000000001100      0x106 load address 0x00000000000094a0
                0x0000000000001100                . = ALIGN (0x2)
                0x0000000000001100                __data_start = .
 *(.data .data.* .gnu.linkonce.d.*)
 .data.IEEE802154_macShortAddress
                0x0000000000001100        0xc coral.co
                0x0000000000001100                IEEE802154_macShortAddress
 .data.main_coral_process
                0x000000000000110c        0xc coral.co
                0x000000000000110c                main_coral_process
 .data.cur_break
                0x0000000000001118        0x2 contiki-z1.a(msp430.o)
 .data.cc2420_process
                0x000000000000111a        0xc contiki-z1.a(cc2420.o)
                0x000000000000111a                cc2420_process
 .data.send_on_cca
                0x0000000000001126        0x1 contiki-z1.a(cc2420.o)
 *fill*         0x0000000000001127        0x1 00
 .data.sensors_process
                0x0000000000001128        0xc contiki-z1.a(sensors.o)
                0x0000000000001128                sensors_process
 .data.sensors  0x0000000000001134        0x8 contiki-z1.a(z1-sensors.o)
                0x0000000000001134                sensors
 .data.accmeter_process
                0x000000000000113c        0xc contiki-z1.a(adxl345.o)
                0x000000000000113c                accmeter_process
 .data.adxl345_default_settings
                0x0000000000001148       0x16 contiki-z1.a(adxl345.o)
 .data.ctimer_process
                0x000000000000115e        0xc contiki-z1.a(ctimer.o)
                0x000000000000115e                ctimer_process
 .data.etimer_process
                0x000000000000116a        0xc contiki-z1.a(etimer.o)
                0x000000000000116a                etimer_process
 .data.serial_line_process
                0x0000000000001176        0xc contiki-z1.a(serial-line.o)
                0x0000000000001176                serial_line_process
 .data.route_mem
                0x0000000000001182        0x8 contiki-z1.a(route.o)
 .data.buframmem
                0x000000000000118a        0x8 contiki-z1.a(queuebuf.o)
 .data.bufmem   0x0000000000001192        0x8 contiki-z1.a(queuebuf.o)
 .data.CSMA_MAX_MAX_FRAME_RETRIES
                0x000000000000119a        0x1 contiki-z1.a(csma.o)
                0x000000000000119a                CSMA_MAX_MAX_FRAME_RETRIES
 .data.CSMA_MAX_BACKOFF
                0x000000000000119b        0x1 contiki-z1.a(csma.o)
                0x000000000000119b                CSMA_MAX_BACKOFF
 .data.CSMA_MAX_BE
                0x000000000000119c        0x1 contiki-z1.a(csma.o)
                0x000000000000119c                CSMA_MAX_BE
 *fill*         0x000000000000119d        0x1 00
 .data.CSMA_CW  0x000000000000119e        0x4 contiki-z1.a(csma.o)
                0x000000000000119e                CSMA_CW
 .data.neighbor_memb
                0x00000000000011a2        0x8 contiki-z1.a(csma.o)
 .data.packet_memb
                0x00000000000011aa        0x8 contiki-z1.a(csma.o)
 .data.metadata_memb
                0x00000000000011b2        0x8 contiki-z1.a(csma.o)
 .data.node_address
                0x00000000000011ba        0xc contiki-z1.a(csma.o)
 .data.macstats_event_process
                0x00000000000011c6        0xc contiki-z1.a(macstats.o)
                0x00000000000011c6                macstats_event_process
 .data.IEEE802154_event_macStats
                0x00000000000011d2        0xa contiki-z1.a(macstats.o)
                0x00000000000011d2                IEEE802154_event_macStats
 .data.event_interval
                0x00000000000011dc        0x4 contiki-z1.a(macstats.o)
                0x00000000000011dc                event_interval
 .data.STROBE_TIME
                0x00000000000011e0        0x2 contiki-z1.a(contikimac.o)
                0x00000000000011e0                STROBE_TIME
 .data.CYCLE_TIME
                0x00000000000011e2        0x2 contiki-z1.a(contikimac.o)
                0x00000000000011e2                CYCLE_TIME
 .data.prescale_lsb
                0x00000000000011e4        0x1 contiki-z1.a(i2cmaster.o)
                0x00000000000011e4                prescale_lsb
 *fill*         0x00000000000011e5        0x1 00
 .data.mac_pan_id
                0x00000000000011e6        0x2 contiki-z1.a(frame802154.o)
 .data.nbr_phase_struct
                0x00000000000011e8        0xa contiki-z1.a(phase.o)
 .data.queued_packets_memb
                0x00000000000011f2        0x8 contiki-z1.a(phase.o)
 .data.neighbor_addr_mem
                0x00000000000011fa        0x8 contiki-z1.a(nbr-table.o)
 .data.next     0x0000000000001202        0x4 /opt/msp430-47-expr/bin/../lib/gcc/msp430/4.7.0/../../../../msp430/lib/mcpu-430x/mmpy-16/msr20/mc20/libc.a(rand.o)
 *(.near.data .near.data.*)
                0x0000000000001206                . = ALIGN (0x2)
                0x0000000000001206                _edata = .
                0x00000000000094a0                __data_load_start = LOADADDR (.data)
                0x0000000000000106                __data_size = SIZEOF (.data)

.bss            0x0000000000001206      0xec2 load address 0x00000000000095a6
                0x0000000000001206                __bss_start = .
 *(.bss .bss.*)
 .bss.bc        0x0000000000001206        0xc coral.co
 .bss.mc        0x0000000000001212       0x76 coral.co
 .bss.uc        0x0000000000001288        0xe coral.co
 .bss.count.4032
                0x0000000000001296        0x2 coral.co
 .bss.irq_energest.4199
                0x0000000000001298        0x4 obj_z1/contiki-z1-main.o
 .bss.leds      0x000000000000129c        0x1 contiki-z1.a(leds.o)
 *fill*         0x000000000000129d        0x1 00
 .bss.counter   0x000000000000129e        0x2 contiki-z1.a(watchdog.o)
 .bss.poll_mode
                0x00000000000012a0        0x1 contiki-z1.a(cc2420.o)
 *fill*         0x00000000000012a1        0x1 00
 .bss.last_packet_timestamp
                0x00000000000012a2        0x2 contiki-z1.a(cc2420.o)
 .bss.locked    0x00000000000012a4        0x1 contiki-z1.a(cc2420.o)
 .bss.lock_on   0x00000000000012a5        0x1 contiki-z1.a(cc2420.o)
 .bss.lock_off  0x00000000000012a6        0x1 contiki-z1.a(cc2420.o)
 .bss.receive_on
                0x00000000000012a7        0x1 contiki-z1.a(cc2420.o)
 .bss.channel   0x00000000000012a8        0x2 contiki-z1.a(cc2420.o)
 .bss.node_id   0x00000000000012aa        0x2 contiki-z1.a(node-id.o)
                0x00000000000012aa                node_id
 .bss.num_sensors
                0x00000000000012ac        0x1 contiki-z1.a(sensors.o)
 *fill*         0x00000000000012ad        0x1 00
 .bss.i.2403    0x00000000000012ae        0x2 contiki-z1.a(sensors.o)
 .bss.events.2404
                0x00000000000012b0        0x2 contiki-z1.a(sensors.o)
 .bss.debouncetimer
                0x00000000000012b2        0x8 contiki-z1.a(button-sensor.o)
 .bss.transmitting
                0x00000000000012ba        0x1 contiki-z1.a(uart0.o)
 *fill*         0x00000000000012bb        0x1 00
 .bss.uart0_input_handler
                0x00000000000012bc        0x4 contiki-z1.a(uart0.o)
 .bss.enabled   0x00000000000012c0        0x1 contiki-z1.a(adxl345.o)
 *fill*         0x00000000000012c1        0x1 00
 .bss.int1_mask
                0x00000000000012c2        0x2 contiki-z1.a(adxl345.o)
 .bss.int2_mask
                0x00000000000012c4        0x2 contiki-z1.a(adxl345.o)
 .bss.suppressTimer1
                0x00000000000012c6        0x8 contiki-z1.a(adxl345.o)
 .bss.suppressTimer2
                0x00000000000012ce        0x8 contiki-z1.a(adxl345.o)
 .bss.enabled   0x00000000000012d6        0x1 contiki-z1.a(tmp102.o)
 *fill*         0x00000000000012d7        0x1 00
 .bss.last_tar  0x00000000000012d8        0x2 contiki-z1.a(clock.o)
 .bss.count     0x00000000000012da        0x4 contiki-z1.a(clock.o)
 .bss.seconds   0x00000000000012de        0x4 contiki-z1.a(clock.o)
 .bss.initialized
                0x00000000000012e2        0x1 contiki-z1.a(ctimer.o)
 *fill*         0x00000000000012e3        0x1 00
 .bss.ctimer_list_list
                0x00000000000012e4        0x2 contiki-z1.a(ctimer.o)
 .bss.timerlist
                0x00000000000012e6        0x2 contiki-z1.a(etimer.o)
 .bss.next_expiration
                0x00000000000012e8        0x4 contiki-z1.a(etimer.o)
 .bss.poll_requested
                0x00000000000012ec        0x1 contiki-z1.a(process.o)
 *fill*         0x00000000000012ed        0x1 00
 .bss.process_current
                0x00000000000012ee        0x2 contiki-z1.a(process.o)
                0x00000000000012ee                process_current
 .bss.process_list
                0x00000000000012f0        0x2 contiki-z1.a(process.o)
                0x00000000000012f0                process_list
 .bss.lastevent
                0x00000000000012f2        0x1 contiki-z1.a(process.o)
 .bss.fevent    0x00000000000012f3        0x1 contiki-z1.a(process.o)
 .bss.nevents   0x00000000000012f4        0x1 contiki-z1.a(process.o)
 *fill*         0x00000000000012f5        0x1 00
 .bss.events    0x00000000000012f6       0x30 contiki-z1.a(process.o)
 .bss.next_rtimer
                0x0000000000001326        0x2 contiki-z1.a(rtimer.o)
 .bss.overflow.2381
                0x0000000000001328        0x1 contiki-z1.a(serial-line.o)
 *fill*         0x0000000000001329        0x1 00
 .bss.rxbuf     0x000000000000132a        0x6 contiki-z1.a(serial-line.o)
 .bss.ptr.2388  0x0000000000001330        0x2 contiki-z1.a(serial-line.o)
 .bss.buf.2387  0x0000000000001332       0x80 contiki-z1.a(serial-line.o)
 .bss.rxbuf_data
                0x00000000000013b2       0x80 contiki-z1.a(serial-line.o)
 .bss.sniffers_list
                0x0000000000001432        0x2 contiki-z1.a(rime.o)
 .bss.c         0x0000000000001434       0x4a contiki-z1.a(broadcast-annou)
 .bss.announcements_list
                0x000000000000147e        0x2 contiki-z1.a(announcement.o)
 .bss.observer_callback
                0x0000000000001480        0x4 contiki-z1.a(announcement.o)
 .bss.channel_list_list
                0x0000000000001484        0x2 contiki-z1.a(channel.o)
 .bss.mrt       0x0000000000001486       0x16 contiki-z1.a(mesh.o)
 .bss.route_table_list
                0x000000000000149c        0x2 contiki-z1.a(route.o)
 .bss.route_mem_memb_count
                0x000000000000149e        0x8 contiki-z1.a(route.o)
 .bss.route_mem_memb_mem
                0x00000000000014a6       0x60 contiki-z1.a(route.o)
 .bss.buframmem_memb_count
                0x0000000000001506        0x8 contiki-z1.a(queuebuf.o)
 .bss.buframmem_memb_mem
                0x000000000000150e      0x5f0 contiki-z1.a(queuebuf.o)
 .bss.bufmem_memb_count
                0x0000000000001afe        0x8 contiki-z1.a(queuebuf.o)
 .bss.bufmem_memb_mem
                0x0000000000001b06       0x10 contiki-z1.a(queuebuf.o)
 .bss.bufptr    0x0000000000001b16        0x2 contiki-z1.a(packetbuf.o)
 .bss.buflen    0x0000000000001b18        0x2 contiki-z1.a(packetbuf.o)
 .bss.hdrlen    0x0000000000001b1a        0x1 contiki-z1.a(packetbuf.o)
 *fill*         0x0000000000001b1b        0x1 00
 .bss.packetbuf_aligned
                0x0000000000001b1c       0x80 contiki-z1.a(packetbuf.o)
 .bss.CSMA_MIN_BE
                0x0000000000001b9c        0x1 contiki-z1.a(csma.o)
                0x0000000000001b9c                CSMA_MIN_BE
 .bss.backoff_algorithm
                0x0000000000001b9d        0x1 contiki-z1.a(csma.o)
                0x0000000000001b9d                backoff_algorithm
 .bss.prevTimestamp
                0x0000000000001b9e        0x4 contiki-z1.a(csma.o)
                0x0000000000001b9e                prevTimestamp
 .bss.initialized.3366
                0x0000000000001ba2        0x1 contiki-z1.a(csma.o)
 *fill*         0x0000000000001ba3        0x1 00
 .bss.seqno.3367
                0x0000000000001ba4        0x2 contiki-z1.a(csma.o)
 .bss.neighbor_list_list
                0x0000000000001ba6        0x2 contiki-z1.a(csma.o)
 .bss.nodeAddr  0x0000000000001ba8        0x2 contiki-z1.a(csma.o)
 .bss.neighbor_memb_memb_count
                0x0000000000001baa        0x2 contiki-z1.a(csma.o)
 .bss.neighbor_memb_memb_mem
                0x0000000000001bac       0x40 contiki-z1.a(csma.o)
 .bss.packet_memb_memb_count
                0x0000000000001bec        0x8 contiki-z1.a(csma.o)
 .bss.packet_memb_memb_mem
                0x0000000000001bf4       0x30 contiki-z1.a(csma.o)
 .bss.metadata_memb_memb_count
                0x0000000000001c24        0x8 contiki-z1.a(csma.o)
 .bss.metadata_memb_memb_mem
                0x0000000000001c2c       0x40 contiki-z1.a(csma.o)
 .bss.report_counter
                0x0000000000001c6c        0x4 contiki-z1.a(macstats.o)
                0x0000000000001c6c                report_counter
 .bss.num_events
                0x0000000000001c70        0x1 contiki-z1.a(macstats.o)
                0x0000000000001c70                num_events
 .bss.is_pauzed
                0x0000000000001c71        0x1 contiki-z1.a(macstats.o)
                0x0000000000001c71                is_pauzed
 .bss.et.2344   0x0000000000001c72        0xc contiki-z1.a(macstats.o)
 .bss.cycle_start
                0x0000000000001c7e        0x2 contiki-z1.a(contikimac.o)
 .bss.radio_is_on
                0x0000000000001c80        0x1 contiki-z1.a(contikimac.o)
 .bss.we_are_sending
                0x0000000000001c81        0x1 contiki-z1.a(contikimac.o)
 .bss.contikimac_keep_radio_on
                0x0000000000001c82        0x1 contiki-z1.a(contikimac.o)
 .bss.contikimac_is_on
                0x0000000000001c83        0x1 contiki-z1.a(contikimac.o)
 .bss.WITH_PHASE_OPTIMIZATION
                0x0000000000001c84        0x1 contiki-z1.a(contikimac.o)
                0x0000000000001c84                WITH_PHASE_OPTIMIZATION
 *fill*         0x0000000000001c85        0x1 00
 .bss.rt        0x0000000000001c86        0x8 contiki-z1.a(contikimac.o)
 .bss.pt        0x0000000000001c8e        0x2 contiki-z1.a(contikimac.o)
 .bss.packet_seen.3976
                0x0000000000001c90        0x1 contiki-z1.a(contikimac.o)
 .bss.count.3977
                0x0000000000001c91        0x1 contiki-z1.a(contikimac.o)
 .bss.we_are_receiving_burst
                0x0000000000001c92        0x2 contiki-z1.a(contikimac.o)
 .bss.start.3982
                0x0000000000001c94        0x2 contiki-z1.a(contikimac.o)
 .bss.silence_periods.3983
                0x0000000000001c96        0x1 contiki-z1.a(contikimac.o)
 .bss.periods.3984
                0x0000000000001c97        0x1 contiki-z1.a(contikimac.o)
 .bss.ct.4059   0x0000000000001c98       0x16 contiki-z1.a(contikimac.o)
 .bss.current_packet
                0x0000000000001cae        0x8 contiki-z1.a(contikimac.o)
 .bss.tx_byte_tot
                0x0000000000001cb6        0x1 contiki-z1.a(i2cmaster.o)
 .bss.rx_byte_tot
                0x0000000000001cb7        0x1 contiki-z1.a(i2cmaster.o)
 .bss.prescale_msb
                0x0000000000001cb8        0x1 contiki-z1.a(i2cmaster.o)
                0x0000000000001cb8                prescale_msb
 *fill*         0x0000000000001cb9        0x1 00
 .bss.last_listen.2865
                0x0000000000001cba        0x4 contiki-z1.a(compower.o)
 .bss.last_transmit.2866
                0x0000000000001cbe        0x4 contiki-z1.a(compower.o)
 .bss.received_seqnos
                0x0000000000001cc2       0x80 contiki-z1.a(mac-sequence.o)
 .bss.initialized
                0x0000000000001d42        0x1 contiki-z1.a(framer-802154.o)
 .bss.mac_dsn   0x0000000000001d43        0x1 contiki-z1.a(framer-802154.o)
 .bss._nbr_phase_mem
                0x0000000000001d44       0x60 contiki-z1.a(phase.o)
 .bss.queued_packets_memb_memb_count
                0x0000000000001da4        0x8 contiki-z1.a(phase.o)
 .bss.queued_packets_memb_memb_mem
                0x0000000000001dac      0x100 contiki-z1.a(phase.o)
 .bss.num_tables
                0x0000000000001eac        0x2 contiki-z1.a(nbr-table.o)
 .bss.all_tables
                0x0000000000001eae       0x10 contiki-z1.a(nbr-table.o)
 .bss.used_map  0x0000000000001ebe        0x8 contiki-z1.a(nbr-table.o)
 .bss.nbr_table_keys_list
                0x0000000000001ec6        0x2 contiki-z1.a(nbr-table.o)
 .bss.locked_map
                0x0000000000001ec8        0x8 contiki-z1.a(nbr-table.o)
 .bss.neighbor_addr_mem_memb_count
                0x0000000000001ed0        0x8 contiki-z1.a(nbr-table.o)
 .bss.neighbor_addr_mem_memb_mem
                0x0000000000001ed8       0x20 contiki-z1.a(nbr-table.o)
 .bss.destination_
                0x0000000000001ef8        0x2 /opt/msp430-47-expr/bin/../lib/gcc/msp430/4.7.0/../../../../msp430/lib/mcpu-430x/mmpy-16/msr20/mc20/libc.a(sprintf.o)
 .bss.available_
                0x0000000000001efa        0x2 /opt/msp430-47-expr/bin/../lib/gcc/msp430/4.7.0/../../../../msp430/lib/mcpu-430x/mmpy-16/msr20/mc20/libc.a(sprintf.o)
 *(.near.bss .near.bss.*)
 *(COMMON)
 COMMON         0x0000000000001efc       0xcc contiki-z1.a(param-repo.o)
                0x0000000000001efc                params
                0x0000000000001fc4                events
 COMMON         0x0000000000001fc8        0x2 contiki-z1.a(msp430.o)
                0x0000000000001fc8                msp430_dco_required
 COMMON         0x0000000000001fca       0x10 contiki-z1.a(cc2420.o)