Archive member included because of file (symbol)

contiki-rm090.a(param-repo.o)
                              obj_rm090/contiki-rm090-main.o (param_repo_init)
contiki-rm090.a(serial-control-)
                              obj_rm090/contiki-rm090-main.o (serial_control_interface_init)
contiki-rm090.a(contiki-rm090-p)
                              obj_rm090/contiki-rm090-main.o (init_platform)
contiki-rm090.a(uart1.o)      obj_rm090/contiki-rm090-main.o (uart1_active)
contiki-rm090.a(uart1-putchar.o)
                              obj_rm090/contiki-rm090-main.o (putchar)
contiki-rm090.a(sensors.o)    udp-server.co (sensors_event)
contiki-rm090.a(button-sensor.o)
                              udp-server.co (button_sensor)
contiki-rm090.a(radio-sensor.o)
                              udp-server.co (radio_sensor)
contiki-rm090.a(cc2520.o)     contiki-rm090.a(radio-sensor.o) (cc2520_last_rssi)
contiki-rm090.a(cc2520-arch.o)
                              contiki-rm090.a(cc2520.o) (cc2520_arch_init)
contiki-rm090.a(msp430.o)     obj_rm090/contiki-rm090-main.o (msp430_cpu_init)
contiki-rm090.a(clock.o)      udp-server.co (clock_time)
contiki-rm090.a(leds.o)       obj_rm090/contiki-rm090-main.o (leds_init)
contiki-rm090.a(leds-arch.o)  contiki-rm090.a(msp430.o) (leds_arch_init)
contiki-rm090.a(watchdog.o)   contiki-rm090.a(uart1.o) (watchdog_periodic)
contiki-rm090.a(rtimer-arch.o)
                              udp-server.co (rtimer_arch_init)
contiki-rm090.a(ctimer.o)     obj_rm090/contiki-rm090-main.o (ctimer_init)
contiki-rm090.a(autostart.o)  obj_rm090/contiki-rm090-main.o (autostart_start)
contiki-rm090.a(energest.o)   obj_rm090/contiki-rm090-main.o (energest_type_set)
contiki-rm090.a(etimer.o)     contiki-rm090.a(clock.o) (etimer_request_poll)
contiki-rm090.a(process.o)    udp-server.co (process_current)
contiki-rm090.a(rtimer.o)     udp-server.co (rtimer_init)
contiki-rm090.a(timer.o)      contiki-rm090.a(button-sensor.o) (timer_set)
contiki-rm090.a(serial-line.o)
                              contiki-rm090.a(serial-control-) (serial_line_event_message)
contiki-rm090.a(list.o)       contiki-rm090.a(ctimer.o) (list_init)
contiki-rm090.a(ringbuf.o)    contiki-rm090.a(serial-line.o) (ringbuf_init)
contiki-rm090.a(uip-ds6.o)    udp-server.co (uip_ds6_addr_lookup)
contiki-rm090.a(uip-ds6-route.o)
                              contiki-rm090.a(uip-ds6.o) (uip_ds6_route_init)
contiki-rm090.a(uip6.o)       udp-server.co (uip_aligned_buf)
contiki-rm090.a(uip-ds6-nbr.o)
                              contiki-rm090.a(uip-ds6.o) (uip_ds6_neighbors_init)
contiki-rm090.a(uip-nd6.o)    contiki-rm090.a(uip6.o) (uip_nd6_init)
contiki-rm090.a(sicslowpan.o)
                              obj_rm090/contiki-rm090-main.o (sicslowpan_driver)
contiki-rm090.a(tcpip.o)      contiki-rm090.a(sicslowpan.o) (tcpip_set_outputfunc)
contiki-rm090.a(uip-debug.o)  contiki-rm090.a(uip-ds6-route.o) (uip_debug_ipaddr_print)
contiki-rm090.a(rpl-control.o)
                              udp-server.co (rpl_dio_interval_doublings)
contiki-rm090.a(rpl-ext-header.)
                              contiki-rm090.a(uip6.o) (rpl_verify_hbh_header)
contiki-rm090.a(rpl.o)        contiki-rm090.a(uip-ds6-nbr.o) (rpl_link_neighbor_callback)
contiki-rm090.a(rpl-dag.o)    contiki-rm090.a(rpl-ext-header.) (rpl_parents)
contiki-rm090.a(queuebuf.o)   obj_rm090/contiki-rm090-main.o (queuebuf_init)
contiki-rm090.a(nbr-table.o)  contiki-rm090.a(uip-ds6-route.o) (nbr_table_register)
contiki-rm090.a(packetbuf.o)  contiki-rm090.a(cc2520.o) (packetbuf_set_datalen)
contiki-rm090.a(linkaddr.o)   obj_rm090/contiki-rm090-main.o (linkaddr_copy)
contiki-rm090.a(link-stats.o)
                              contiki-rm090.a(rpl-dag.o) (link_stats_from_lladdr)
contiki-rm090.a(framer-802154.o)
                              contiki-rm090.a(sicslowpan.o) (framer_802154)
contiki-rm090.a(csma.o)       udp-server.co (csma_driver)
contiki-rm090.a(frame802154.o)
                              contiki-rm090.a(framer-802154.o) (frame802154_get_pan_id)
contiki-rm090.a(mac.o)        contiki-rm090.a(csma.o) (mac_call_sent_callback)
contiki-rm090.a(macstats.o)   contiki-rm090.a(csma.o) (macstats_event_process)
contiki-rm090.a(nullrdc.o)    obj_rm090/contiki-rm090-main.o (nullrdc_driver)
contiki-rm090.a(nullsec.o)    contiki-rm090.a(sicslowpan.o) (nullsec_driver)
contiki-rm090.a(base64.o)     contiki-rm090.a(serial-control-) (base64_decode)
contiki-rm090.a(spi.o)        contiki-rm090.a(cc2520-arch.o) (spi_init)
contiki-rm090.a(stimer.o)     contiki-rm090.a(uip-ds6.o) (stimer_set)
contiki-rm090.a(memb.o)       contiki-rm090.a(uip-ds6-route.o) (memb_init)
contiki-rm090.a(random.o)     contiki-rm090.a(uip-ds6.o) (random_rand)
contiki-rm090.a(uip-icmp6.o)  contiki-rm090.a(uip6.o) (uip_icmp6_input)
contiki-rm090.a(rpl-icmp6.o)  contiki-rm090.a(rpl-dag.o) (rpl_icmp6_update_nbr_table)
contiki-rm090.a(rpl-of0.o)    contiki-rm090.a(rpl-dag.o) (rpl_of0)
contiki-rm090.a(rpl-timers.o)
[...]
Memory Configuration

Name             Origin             Length             Attributes
sfr              0x0000000000000000 0x0000000000000010
peripheral_8bit  0x0000000000000010 0x00000000000000f0
peripheral_16bit 0x0000000000000100 0x0000000000000100
bsl              0x0000000000001000 0x0000000000000800
infomem          0x0000000000001800 0x0000000000000200
infod            0x0000000000001800 0x0000000000000080
infoc            0x0000000000001880 0x0000000000000080
infob            0x0000000000001900 0x0000000000000080
infoa            0x0000000000001980 0x0000000000000080
ram              0x0000000000001c00 0x0000000000004000 xw
rom              0x0000000000005c00 0x000000000000a380 xr
vectors          0x000000000000ff80 0x0000000000000080
far_rom          0x0000000000010000 0x0000000000035c00
ram2             0x0000000000000000 0x0000000000000000 xw
ram_mirror       0x0000000000000000 0x0000000000000000 xw
usbram           0x0000000000000000 0x0000000000000000 xw
*default*        0x0000000000000000 0xffffffffffffffff

Linker script and memory map

LOAD /opt/msp430-47-expr/bin/../lib/gcc/msp430/4.7.0/mcpu-430x/mmpy-16/msr20/mc20/crt0ivtbl64.o
LOAD udp-server.co
LOAD obj_rm090/contiki-rm090-main.o
LOAD contiki-rm090.a
LOAD /opt/msp430-47-expr/bin/../lib/gcc/msp430/4.7.0/mcpu-430x/mmpy-16/msr20/mc20/libgcc.a
LOAD /opt/msp430-47-expr/bin/../lib/gcc/msp430/4.7.0/../../../../msp430/lib/mcpu-430x/mmpy-16/msr20/mc20/libc.a
LOAD /opt/msp430-47-expr/bin/../lib/gcc/msp430/4.7.0/mcpu-430x/mmpy-16/msr20/mc20/libgcc.a
LOAD /opt/msp430-47-expr/bin/../lib/gcc/msp430/4.7.0/mcpu-430x/mmpy-16/msr20/mc20/libcrt0.a
                0x0000000000000080                PROVIDE (__info_segment_size, 0x80)
                0x0000000000001800                PROVIDE (__infod, 0x1800)
                0x0000000000001880                PROVIDE (__infoc, 0x1880)
                0x0000000000001900                PROVIDE (__infob, 0x1900)
                0x0000000000001980                PROVIDE (__infoa, 0x1980)
                0x0000000000000700                __ADC12CTL0_L = 0x700
                0x0000000000000701                __ADC12CTL0_H = 0x701
                0x0000000000000700                __ADC12CTL0 = 0x700
                0x0000000000000702                __ADC12CTL1_L = 0x702
                0x0000000000000703                __ADC12CTL1_H = 0x703
                0x0000000000000702                __ADC12CTL1 = 0x702
                0x0000000000000704                __ADC12CTL2_L = 0x704
                0x0000000000000705                __ADC12CTL2_H = 0x705
                0x0000000000000704                __ADC12CTL2 = 0x704
                0x000000000000070a                __ADC12IFG_L = 0x70a
                0x000000000000070b                __ADC12IFG_H = 0x70b
                0x000000000000070a                __ADC12IFG = 0x70a
                0x000000000000070c                __ADC12IE_L = 0x70c
                0x000000000000070d                __ADC12IE_H = 0x70d
                0x000000000000070c                __ADC12IE = 0x70c
                0x000000000000070e                __ADC12IV_L = 0x70e
                0x000000000000070f                __ADC12IV_H = 0x70f
                0x000000000000070e                __ADC12IV = 0x70e
                0x0000000000000720                __ADC12MEM0_L = 0x720
                0x0000000000000721                __ADC12MEM0_H = 0x721
                0x0000000000000720                __ADC12MEM0 = 0x720
                0x0000000000000722                __ADC12MEM1_L = 0x722
                0x0000000000000723                __ADC12MEM1_H = 0x723
                0x0000000000000722                __ADC12MEM1 = 0x722
                0x0000000000000724                __ADC12MEM2_L = 0x724
                0x0000000000000725                __ADC12MEM2_H = 0x725
                0x0000000000000724                __ADC12MEM2 = 0x724
                0x0000000000000726                __ADC12MEM3_L = 0x726
                0x0000000000000727                __ADC12MEM3_H = 0x727
                0x0000000000000726                __ADC12MEM3 = 0x726
                0x0000000000000728                __ADC12MEM4_L = 0x728
                0x0000000000000729                __ADC12MEM4_H = 0x729
                0x0000000000000728                __ADC12MEM4 = 0x728
                0x000000000000072a                __ADC12MEM5_L = 0x72a
                0x000000000000072b                __ADC12MEM5_H = 0x72b
                0x000000000000072a                __ADC12MEM5 = 0x72a
                0x000000000000072c                __ADC12MEM6_L = 0x72c
                0x000000000000072d                __ADC12MEM6_H = 0x72d
                0x000000000000072c                __ADC12MEM6 = 0x72c
                0x000000000000072e                __ADC12MEM7_L = 0x72e
                0x000000000000072f                __ADC12MEM7_H = 0x72f
                0x000000000000072e                __ADC12MEM7 = 0x72e
                0x0000000000000730                __ADC12MEM8_L = 0x730
                0x0000000000000731                __ADC12MEM8_H = 0x731
                0x0000000000000730                __ADC12MEM8 = 0x730
                0x0000000000000732                __ADC12MEM9_L = 0x732
                0x0000000000000733                __ADC12MEM9_H = 0x733
                0x0000000000000732                __ADC12MEM9 = 0x732
                0x0000000000000734                __ADC12MEM10_L = 0x734
                0x0000000000000735                __ADC12MEM10_H = 0x735
                0x0000000000000734                __ADC12MEM10 = 0x734
                0x0000000000000736                __ADC12MEM11_L = 0x736
                0x0000000000000737                __ADC12MEM11_H = 0x737
                0x0000000000000736                __ADC12MEM11 = 0x736
                0x0000000000000738                __ADC12MEM12_L = 0x738
                0x0000000000000739                __ADC12MEM12_H = 0x739
                0x0000000000000738                __ADC12MEM12 = 0x738
                0x000000000000073a                __ADC12MEM13_L = 0x73a
                0x000000000000073b                __ADC12MEM13_H = 0x73b
                0x000000000000073a                __ADC12MEM13 = 0x73a
                0x000000000000073c                __ADC12MEM14_L = 0x73c
                0x000000000000073d                __ADC12MEM14_H = 0x73d
                0x000000000000073c                __ADC12MEM14 = 0x73c
                0x000000000000073e                __ADC12MEM15_L = 0x73e
                0x000000000000073f                __ADC12MEM15_H = 0x73f
                0x000000000000073e                __ADC12MEM15 = 0x73e
                0x0000000000000710                __ADC12MCTL0 = 0x710
                0x0000000000000711                __ADC12MCTL1 = 0x711
                0x0000000000000712                __ADC12MCTL2 = 0x712
                0x0000000000000713                __ADC12MCTL3 = 0x713
                0x0000000000000714                __ADC12MCTL4 = 0x714
                0x0000000000000715                __ADC12MCTL5 = 0x715
                0x0000000000000716                __ADC12MCTL6 = 0x716
                0x0000000000000717                __ADC12MCTL7 = 0x717
                0x0000000000000718                __ADC12MCTL8 = 0x718
                0x0000000000000719                __ADC12MCTL9 = 0x719
                0x000000000000071a                __ADC12MCTL10 = 0x71a
                0x000000000000071b                __ADC12MCTL11 = 0x71b
                0x000000000000071c                __ADC12MCTL12 = 0x71c
                0x000000000000071d                __ADC12MCTL13 = 0x71d
                0x000000000000071e                __ADC12MCTL14 = 0x71e
                0x000000000000071f                __ADC12MCTL15 = 0x71f
                0x0000000000000150                __CRCDI_L = 0x150
                0x0000000000000151                __CRCDI_H = 0x151
                0x0000000000000150                __CRCDI = 0x150
                0x0000000000000154                __CRCINIRES_L = 0x154
                0x0000000000000155                __CRCINIRES_H = 0x155
                0x0000000000000154                __CRCINIRES = 0x154
                0x0000000000000500                __DMACTL0_L = 0x500
                0x0000000000000501                __DMACTL0_H = 0x501
                0x0000000000000500                __DMACTL0 = 0x500
                0x0000000000000502                __DMACTL1_L = 0x502
                0x0000000000000503                __DMACTL1_H = 0x503
                0x0000000000000502                __DMACTL1 = 0x502
                0x0000000000000504                __DMACTL2_L = 0x504
                0x0000000000000505                __DMACTL2_H = 0x505
                0x0000000000000504                __DMACTL2 = 0x504
                0x0000000000000506                __DMACTL3_L = 0x506
                0x0000000000000507                __DMACTL3_H = 0x507
                0x0000000000000506                __DMACTL3 = 0x506
                0x0000000000000508                __DMACTL4_L = 0x508
                0x0000000000000509                __DMACTL4_H = 0x509
                0x0000000000000508                __DMACTL4 = 0x508
                0x000000000000050e                __DMAIV_L = 0x50e
                0x000000000000050f                __DMAIV_H = 0x50f
                0x000000000000050e                __DMAIV = 0x50e
                0x0000000000000510                __DMA0CTL_L = 0x510
                0x0000000000000511                __DMA0CTL_H = 0x511
                0x0000000000000510                __DMA0CTL = 0x510
                0x0000000000000512                __DMA0SA = 0x512
                0x0000000000000516                __DMA0DA = 0x516
                0x000000000000051a                __DMA0SZ = 0x51a
                0x0000000000000520                __DMA1CTL_L = 0x520
                0x0000000000000521                __DMA1CTL_H = 0x521
                0x0000000000000520                __DMA1CTL = 0x520
                0x0000000000000522                __DMA1SA = 0x522
                0x0000000000000526                __DMA1DA = 0x526
                0x000000000000052a                __DMA1SZ = 0x52a
                0x0000000000000530                __DMA2CTL_L = 0x530
                0x0000000000000531                __DMA2CTL_H = 0x531
                0x0000000000000530                __DMA2CTL = 0x530
                0x0000000000000532                __DMA2SA = 0x532
                0x0000000000000536                __DMA2DA = 0x536
                0x000000000000053a                __DMA2SZ = 0x53a
                0x0000000000000140                __FCTL1_L = 0x140
                0x0000000000000141                __FCTL1_H = 0x141
                0x0000000000000140                __FCTL1 = 0x140
                0x0000000000000144                __FCTL3_L = 0x144
                0x0000000000000145                __FCTL3_H = 0x145
                0x0000000000000144                __FCTL3 = 0x144
                0x0000000000000146                __FCTL4_L = 0x146
                0x0000000000000147                __FCTL4_H = 0x147
                0x0000000000000146                __FCTL4 = 0x146
                0x00000000000004c0                __MPY_L = 0x4c0
                0x00000000000004c1                __MPY_H = 0x4c1
                0x00000000000004c0                __MPY = 0x4c0
                0x00000000000004c2                __MPYS_L = 0x4c2
                0x00000000000004c3                __MPYS_H = 0x4c3
                0x00000000000004c2                __MPYS = 0x4c2
                0x00000000000004c4                __MAC_L = 0x4c4
                0x00000000000004c5                __MAC_H = 0x4c5
                0x00000000000004c4                __MAC = 0x4c4
                0x00000000000004c6                __MACS_L = 0x4c6
                0x00000000000004c7                __MACS_H = 0x4c7
                0x00000000000004c6                __MACS = 0x4c6
                0x00000000000004c8                __OP2_L = 0x4c8
                0x00000000000004c9                __OP2_H = 0x4c9
                0x00000000000004c8                __OP2 = 0x4c8
                0x00000000000004ca                __RESLO_L = 0x4ca
                0x00000000000004cb                __RESLO_H = 0x4cb
                0x00000000000004ca                __RESLO = 0x4ca
                0x00000000000004cc                __RESHI_L = 0x4cc
                0x00000000000004cd                __RESHI_H = 0x4cd
                0x00000000000004cc                __RESHI = 0x4cc
                0x00000000000004ce                __SUMEXT_L = 0x4ce
                0x00000000000004cf                __SUMEXT_H = 0x4cf
                0x00000000000004ce                __SUMEXT = 0x4ce
                0x00000000000004d0                __MPY32L_L = 0x4d0
                0x00000000000004d1                __MPY32L_H = 0x4d1
                0x00000000000004d0                __MPY32L = 0x4d0
                0x00000000000004d2                __MPY32H_L = 0x4d2
                0x00000000000004d3                __MPY32H_H = 0x4d3
                0x00000000000004d2                __MPY32H = 0x4d2
                0x00000000000004d4                __MPYS32L_L = 0x4d4
                0x00000000000004d5                __MPYS32L_H = 0x4d5
                0x00000000000004d4                __MPYS32L = 0x4d4
                0x00000000000004d6                __MPYS32H_L = 0x4d6
                0x00000000000004d7                __MPYS32H_H = 0x4d7
                0x00000000000004d6                __MPYS32H = 0x4d6
                0x00000000000004d8                __MAC32L_L = 0x4d8
                0x00000000000004d9                __MAC32L_H = 0x4d9
                0x00000000000004d8                __MAC32L = 0x4d8
                0x00000000000004da                __MAC32H_L = 0x4da
                0x00000000000004db                __MAC32H_H = 0x4db
                0x00000000000004da                __MAC32H = 0x4da
                0x00000000000004dc                __MACS32L_L = 0x4dc
                0x00000000000004dd                __MACS32L_H = 0x4dd
                0x00000000000004dc                __MACS32L = 0x4dc
                0x00000000000004de                __MACS32H_L = 0x4de
                0x00000000000004df                __MACS32H_H = 0x4df
                0x00000000000004de                __MACS32H = 0x4de
                0x00000000000004e0                __OP2L_L = 0x4e0
                0x00000000000004e1                __OP2L_H = 0x4e1
                0x00000000000004e0                __OP2L = 0x4e0
                0x00000000000004e2                __OP2H_L = 0x4e2
                0x00000000000004e3                __OP2H_H = 0x4e3
                0x00000000000004e2                __OP2H = 0x4e2
                0x00000000000004e4                __RES0_L = 0x4e4
                0x00000000000004e5                __RES0_H = 0x4e5
                0x00000000000004e4                __RES0 = 0x4e4
                0x00000000000004e6                __RES1_L = 0x4e6
                0x00000000000004e7                __RES1_H = 0x4e7
                0x00000000000004e6                __RES1 = 0x4e6
                0x00000000000004e8                __RES2_L = 0x4e8
                0x00000000000004e9                __RES2_H = 0x4e9
                0x00000000000004e8                __RES2 = 0x4e8
                0x00000000000004ea                __RES3_L = 0x4ea
                0x00000000000004eb                __RES3_H = 0x4eb
                0x00000000000004ea                __RES3 = 0x4ea
                0x00000000000004ec                __MPY32CTL0_L = 0x4ec
                0x00000000000004ed                __MPY32CTL0_H = 0x4ed
                0x00000000000004ec                __MPY32CTL0 = 0x4ec
                0x0000000000000200                __PAIN_L = 0x200
                0x0000000000000201                __PAIN_H = 0x201
                0x0000000000000200                __PAIN = 0x200
                0x0000000000000202                __PAOUT_L = 0x202
                0x0000000000000203                __PAOUT_H = 0x203
                0x0000000000000202                __PAOUT = 0x202
                0x0000000000000204                __PADIR_L = 0x204
                0x0000000000000205                __PADIR_H = 0x205
                0x0000000000000204                __PADIR = 0x204
                0x0000000000000206                __PAREN_L = 0x206
                0x0000000000000207                __PAREN_H = 0x207
                0x0000000000000206                __PAREN = 0x206
                0x0000000000000208                __PADS_L = 0x208
                0x0000000000000209                __PADS_H = 0x209
                0x0000000000000208                __PADS = 0x208
                0x000000000000020a                __PASEL_L = 0x20a
                0x000000000000020b                __PASEL_H = 0x20b
                0x000000000000020a                __PASEL = 0x20a
                0x0000000000000218                __PAIES_L = 0x218
                0x0000000000000219                __PAIES_H = 0x219
                0x0000000000000218                __PAIES = 0x218
                0x000000000000021a                __PAIE_L = 0x21a
                0x000000000000021b                __PAIE_H = 0x21b
                0x000000000000021a                __PAIE = 0x21a
                0x000000000000021c                __PAIFG_L = 0x21c
                0x000000000000021d                __PAIFG_H = 0x21d
                0x000000000000021c                __PAIFG = 0x21c
                0x000000000000020e                __P1IV = 0x20e
                0x000000000000021e                __P2IV = 0x21e
                0x0000000000000220                __PBIN_L = 0x220
                0x0000000000000221                __PBIN_H = 0x221
                0x0000000000000220                __PBIN = 0x220
                0x0000000000000222                __PBOUT_L = 0x222
                0x0000000000000223                __PBOUT_H = 0x223
                0x0000000000000222                __PBOUT = 0x222
                0x0000000000000224                __PBDIR_L = 0x224
                0x0000000000000225                __PBDIR_H = 0x225
                0x0000000000000224                __PBDIR = 0x224
                0x0000000000000226                __PBREN_L = 0x226
                0x0000000000000227                __PBREN_H = 0x227
                0x0000000000000226                __PBREN = 0x226
                0x0000000000000228                __PBDS_L = 0x228
                0x0000000000000229                __PBDS_H = 0x229
                0x0000000000000228                __PBDS = 0x228
                0x000000000000022a                __PBSEL_L = 0x22a
                0x000000000000022b                __PBSEL_H = 0x22b
                0x000000000000022a                __PBSEL = 0x22a
                0x0000000000000240                __PCIN_L = 0x240
                0x0000000000000241                __PCIN_H = 0x241
                0x0000000000000240                __PCIN = 0x240
                0x0000000000000242                __PCOUT_L = 0x242
                0x0000000000000243                __PCOUT_H = 0x243
                0x0000000000000242                __PCOUT = 0x242
                0x0000000000000244                __PCDIR_L = 0x244
                0x0000000000000245                __PCDIR_H = 0x245
                0x0000000000000244                __PCDIR = 0x244
                0x0000000000000246                __PCREN_L = 0x246
                0x0000000000000247                __PCREN_H = 0x247
                0x0000000000000246                __PCREN = 0x246
                0x0000000000000248                __PCDS_L = 0x248
                0x0000000000000249                __PCDS_H = 0x249
                0x0000000000000248                __PCDS = 0x248
                0x000000000000024a                __PCSEL_L = 0x24a
                0x000000000000024b                __PCSEL_H = 0x24b
                0x000000000000024a                __PCSEL = 0x24a
                0x0000000000000260                __PDIN_L = 0x260
                0x0000000000000261                __PDIN_H = 0x261
                0x0000000000000260                __PDIN = 0x260
                0x0000000000000262                __PDOUT_L = 0x262
                0x0000000000000263                __PDOUT_H = 0x263
                0x0000000000000262                __PDOUT = 0x262
                0x0000000000000264                __PDDIR_L = 0x264
                0x0000000000000265                __PDDIR_H = 0x265
                0x0000000000000264                __PDDIR = 0x264
                0x0000000000000266                __PDREN_L = 0x266
                0x0000000000000267                __PDREN_H = 0x267
                0x0000000000000266                __PDREN = 0x266
                0x0000000000000268                __PDDS_L = 0x268
                0x0000000000000269                __PDDS_H = 0x269
                0x0000000000000268                __PDDS = 0x268
                0x000000000000026a                __PDSEL_L = 0x26a
                0x000000000000026b                __PDSEL_H = 0x26b
                0x000000000000026a                __PDSEL = 0x26a
                0x0000000000000280                __PEIN_L = 0x280
                0x0000000000000281                __PEIN_H = 0x281
                0x0000000000000280                __PEIN = 0x280
                0x0000000000000282                __PEOUT_L = 0x282
                0x0000000000000283                __PEOUT_H = 0x283
                0x0000000000000282                __PEOUT = 0x282
                0x0000000000000284                __PEDIR_L = 0x284
                0x0000000000000285                __PEDIR_H = 0x285
                0x0000000000000284                __PEDIR = 0x284
                0x0000000000000286                __PEREN_L = 0x286
                0x0000000000000287                __PEREN_H = 0x287
                0x0000000000000286                __PEREN = 0x286
                0x0000000000000288                __PEDS_L = 0x288
                0x0000000000000289                __PEDS_H = 0x289
                0x0000000000000288                __PEDS = 0x288
                0x000000000000028a                __PESEL_L = 0x28a
                0x000000000000028b                __PESEL_H = 0x28b
                0x000000000000028a                __PESEL = 0x28a
                0x00000000000002a0                __PFIN_L = 0x2a0
                0x00000000000002a1                __PFIN_H = 0x2a1
                0x00000000000002a0                __PFIN = 0x2a0
                0x00000000000002a2                __PFOUT_L = 0x2a2
                0x00000000000002a3                __PFOUT_H = 0x2a3
                0x00000000000002a2                __PFOUT = 0x2a2
                0x00000000000002a4                __PFDIR_L = 0x2a4
                0x00000000000002a5                __PFDIR_H = 0x2a5
                0x00000000000002a4                __PFDIR = 0x2a4
                0x00000000000002a6                __PFREN_L = 0x2a6
                0x00000000000002a7                __PFREN_H = 0x2a7
                0x00000000000002a6                __PFREN = 0x2a6
                0x00000000000002a8                __PFDS_L = 0x2a8
                0x00000000000002a9                __PFDS_H = 0x2a9
                0x00000000000002a8                __PFDS = 0x2a8
                0x00000000000002aa                __PFSEL_L = 0x2aa
                0x00000000000002ab                __PFSEL_H = 0x2ab
                0x00000000000002aa                __PFSEL = 0x2aa
                0x0000000000000320                __PJIN_L = 0x320
                0x0000000000000321                __PJIN_H = 0x321
                0x0000000000000320                __PJIN = 0x320
                0x0000000000000322                __PJOUT_L = 0x322
                0x0000000000000323                __PJOUT_H = 0x323
                0x0000000000000322                __PJOUT = 0x322
                0x0000000000000324                __PJDIR_L = 0x324
                0x0000000000000325                __PJDIR_H = 0x325
                0x0000000000000324                __PJDIR = 0x324
                0x0000000000000326                __PJREN_L = 0x326
                0x0000000000000327                __PJREN_H = 0x327
                0x0000000000000326                __PJREN = 0x326
                0x0000000000000328                __PJDS_L = 0x328
                0x0000000000000329                __PJDS_H = 0x329
                0x0000000000000328                __PJDS = 0x328
                0x0000000000000120                __PMMCTL0_L = 0x120
                0x0000000000000121                __PMMCTL0_H = 0x121
                0x0000000000000120                __PMMCTL0 = 0x120
                0x0000000000000122                __PMMCTL1_L = 0x122
                0x0000000000000123                __PMMCTL1_H = 0x123
                0x0000000000000122                __PMMCTL1 = 0x122
                0x0000000000000124                __SVSMHCTL_L = 0x124
                0x0000000000000125                __SVSMHCTL_H = 0x125
                0x0000000000000124                __SVSMHCTL = 0x124
                0x0000000000000126                __SVSMLCTL_L = 0x126
                0x0000000000000127                __SVSMLCTL_H = 0x127
                0x0000000000000126                __SVSMLCTL = 0x126
                0x0000000000000128                __SVSMIO_L = 0x128
                0x0000000000000129                __SVSMIO_H = 0x129
                0x0000000000000128                __SVSMIO = 0x128
                0x000000000000012c                __PMMIFG_L = 0x12c
                0x000000000000012d                __PMMIFG_H = 0x12d
                0x000000000000012c                __PMMIFG = 0x12c
                0x000000000000012e                __PMMRIE_L = 0x12e
                0x000000000000012f                __PMMRIE_H = 0x12f
                0x000000000000012e                __PMMRIE = 0x12e
                0x0000000000000158                __RCCTL0_L = 0x158
                0x0000000000000159                __RCCTL0_H = 0x159
                0x0000000000000158                __RCCTL0 = 0x158
                0x00000000000004a0                __RTCCTL01_L = 0x4a0
                0x00000000000004a1                __RTCCTL01_H = 0x4a1
                0x00000000000004a0                __RTCCTL01 = 0x4a0
                0x00000000000004a2                __RTCCTL23_L = 0x4a2
                0x00000000000004a3                __RTCCTL23_H = 0x4a3
                0x00000000000004a2                __RTCCTL23 = 0x4a2
                0x00000000000004a8                __RTCPS0CTL_L = 0x4a8
                0x00000000000004a9                __RTCPS0CTL_H = 0x4a9
                0x00000000000004a8                __RTCPS0CTL = 0x4a8
                0x00000000000004aa                __RTCPS1CTL_L = 0x4aa
                0x00000000000004ab                __RTCPS1CTL_H = 0x4ab
                0x00000000000004aa                __RTCPS1CTL = 0x4aa
                0x00000000000004ac                __RTCPS_L = 0x4ac
                0x00000000000004ad                __RTCPS_H = 0x4ad
                0x00000000000004ac                __RTCPS = 0x4ac
                0x00000000000004ae                __RTCIV = 0x4ae
                0x00000000000004b0                __RTCTIM0_L = 0x4b0
                0x00000000000004b1                __RTCTIM0_H = 0x4b1
                0x00000000000004b0                __RTCTIM0 = 0x4b0
                0x00000000000004b2                __RTCTIM1_L = 0x4b2
                0x00000000000004b3                __RTCTIM1_H = 0x4b3
                0x00000000000004b2                __RTCTIM1 = 0x4b2
                0x00000000000004b4                __RTCDATE_L = 0x4b4
                0x00000000000004b5                __RTCDATE_H = 0x4b5
                0x00000000000004b4                __RTCDATE = 0x4b4
                0x00000000000004b6                __RTCYEAR_L = 0x4b6
                0x00000000000004b7                __RTCYEAR_H = 0x4b7
                0x00000000000004b6                __RTCYEAR = 0x4b6
                0x00000000000004b8                __RTCAMINHR_L = 0x4b8
                0x00000000000004b9                __RTCAMINHR_H = 0x4b9
                0x00000000000004b8                __RTCAMINHR = 0x4b8
                0x00000000000004ba                __RTCADOWDAY_L = 0x4ba
                0x00000000000004bb                __RTCADOWDAY_H = 0x4bb
                0x00000000000004ba                __RTCADOWDAY = 0x4ba
                0x0000000000000100                __SFRIE1_L = 0x100
                0x0000000000000101                __SFRIE1_H = 0x101
                0x0000000000000100                __SFRIE1 = 0x100
                0x0000000000000102                __SFRIFG1_L = 0x102
                0x0000000000000103                __SFRIFG1_H = 0x103
                0x0000000000000102                __SFRIFG1 = 0x102
                0x0000000000000104                __SFRRPCR_L = 0x104
                0x0000000000000105                __SFRRPCR_H = 0x105
                0x0000000000000104                __SFRRPCR = 0x104
                0x0000000000000180                __SYSCTL_L = 0x180
                0x0000000000000181                __SYSCTL_H = 0x181
                0x0000000000000180                __SYSCTL = 0x180
                0x0000000000000182                __SYSBSLC_L = 0x182
                0x0000000000000183                __SYSBSLC_H = 0x183
                0x0000000000000182                __SYSBSLC = 0x182
                0x0000000000000186                __SYSJMBC_L = 0x186
                0x0000000000000187                __SYSJMBC_H = 0x187
                0x0000000000000186                __SYSJMBC = 0x186
                0x0000000000000188                __SYSJMBI0_L = 0x188
                0x0000000000000189                __SYSJMBI0_H = 0x189
                0x0000000000000188                __SYSJMBI0 = 0x188
                0x000000000000018a                __SYSJMBI1_L = 0x18a
                0x000000000000018b                __SYSJMBI1_H = 0x18b
                0x000000000000018a                __SYSJMBI1 = 0x18a
                0x000000000000018c                __SYSJMBO0_L = 0x18c
                0x000000000000018d                __SYSJMBO0_H = 0x18d
                0x000000000000018c                __SYSJMBO0 = 0x18c
                0x000000000000018e                __SYSJMBO1_L = 0x18e
                0x000000000000018f                __SYSJMBO1_H = 0x18f
                0x000000000000018e                __SYSJMBO1 = 0x18e
                0x000000000000019a                __SYSUNIV_L = 0x19a
                0x000000000000019b                __SYSUNIV_H = 0x19b
                0x000000000000019a                __SYSUNIV = 0x19a
                0x000000000000019c                __SYSSNIV_L = 0x19c
                0x000000000000019d                __SYSSNIV_H = 0x19d
                0x000000000000019c                __SYSSNIV = 0x19c
                0x000000000000019e                __SYSRSTIV_L = 0x19e
                0x000000000000019f                __SYSRSTIV_H = 0x19f
                0x000000000000019e                __SYSRSTIV = 0x19e
                0x0000000000000340                __TA0CTL = 0x340
                0x0000000000000342                __TA0CCTL0 = 0x342
                0x0000000000000344                __TA0CCTL1 = 0x344
                0x0000000000000346                __TA0CCTL2 = 0x346
                0x0000000000000348                __TA0CCTL3 = 0x348
                0x000000000000034a                __TA0CCTL4 = 0x34a
                0x0000000000000350                __TA0R = 0x350
                0x0000000000000352                __TA0CCR0 = 0x352
                0x0000000000000354                __TA0CCR1 = 0x354
                0x0000000000000356                __TA0CCR2 = 0x356
                0x0000000000000358                __TA0CCR3 = 0x358
                0x000000000000035a                __TA0CCR4 = 0x35a
                0x000000000000036e                __TA0IV = 0x36e
                0x0000000000000360                __TA0EX0 = 0x360
                0x0000000000000380                __TA1CTL = 0x380
                0x0000000000000382                __TA1CCTL0 = 0x382
                0x0000000000000384                __TA1CCTL1 = 0x384
                0x0000000000000386                __TA1CCTL2 = 0x386
                0x0000000000000390                __TA1R = 0x390
                0x0000000000000392                __TA1CCR0 = 0x392
                0x0000000000000394                __TA1CCR1 = 0x394
                0x0000000000000396                __TA1CCR2 = 0x396
                0x00000000000003ae                __TA1IV = 0x3ae
                0x00000000000003a0                __TA1EX0 = 0x3a0
                0x00000000000003c0                __TB0CTL = 0x3c0
                0x00000000000003c2                __TB0CCTL0 = 0x3c2
                0x00000000000003c4                __TB0CCTL1 = 0x3c4
                0x00000000000003c6                __TB0CCTL2 = 0x3c6
                0x00000000000003c8                __TB0CCTL3 = 0x3c8
                0x00000000000003ca                __TB0CCTL4 = 0x3ca
                0x00000000000003cc                __TB0CCTL5 = 0x3cc
                0x00000000000003ce                __TB0CCTL6 = 0x3ce
                0x00000000000003d0                __TB0R = 0x3d0
                0x00000000000003d2                __TB0CCR0 = 0x3d2
                0x00000000000003d4                __TB0CCR1 = 0x3d4
                0x00000000000003d6                __TB0CCR2 = 0x3d6
                0x00000000000003d8                __TB0CCR3 = 0x3d8
                0x00000000000003da                __TB0CCR4 = 0x3da
                0x00000000000003dc                __TB0CCR5 = 0x3dc
                0x00000000000003de                __TB0CCR6 = 0x3de
                0x00000000000003e0                __TB0EX0 = 0x3e0
                0x00000000000003ee                __TB0IV = 0x3ee
                0x0000000000000160                __UCSCTL0_L = 0x160
                0x0000000000000161                __UCSCTL0_H = 0x161
                0x0000000000000160                __UCSCTL0 = 0x160
                0x0000000000000162                __UCSCTL1_L = 0x162
                0x0000000000000163                __UCSCTL1_H = 0x163
                0x0000000000000162                __UCSCTL1 = 0x162
                0x0000000000000164                __UCSCTL2_L = 0x164
                0x0000000000000165                __UCSCTL2_H = 0x165
                0x0000000000000164                __UCSCTL2 = 0x164
                0x0000000000000166                __UCSCTL3_L = 0x166
                0x0000000000000167                __UCSCTL3_H = 0x167
                0x0000000000000166                __UCSCTL3 = 0x166
                0x0000000000000168                __UCSCTL4_L = 0x168
                0x0000000000000169                __UCSCTL4_H = 0x169
                0x0000000000000168                __UCSCTL4 = 0x168
                0x000000000000016a                __UCSCTL5_L = 0x16a
                0x000000000000016b                __UCSCTL5_H = 0x16b
                0x000000000000016a                __UCSCTL5 = 0x16a
                0x000000000000016c                __UCSCTL6_L = 0x16c
                0x000000000000016d                __UCSCTL6_H = 0x16d
                0x000000000000016c                __UCSCTL6 = 0x16c
                0x000000000000016e                __UCSCTL7_L = 0x16e
                0x000000000000016f                __UCSCTL7_H = 0x16f
                0x000000000000016e                __UCSCTL7 = 0x16e
                0x0000000000000170                __UCSCTL8_L = 0x170
                0x0000000000000171                __UCSCTL8_H = 0x171
                0x0000000000000170                __UCSCTL8 = 0x170
                0x00000000000005c0                __UCA0CTLW0_L = 0x5c0
                0x00000000000005c1                __UCA0CTLW0_H = 0x5c1
                0x00000000000005c0                __UCA0CTLW0 = 0x5c0
                0x00000000000005c6                __UCA0BRW_L = 0x5c6
                0x00000000000005c7                __UCA0BRW_H = 0x5c7
                0x00000000000005c6                __UCA0BRW = 0x5c6
                0x00000000000005c8                __UCA0MCTL = 0x5c8
                0x00000000000005ca                __UCA0STAT = 0x5ca
                0x00000000000005cc                __UCA0RXBUF = 0x5cc
                0x00000000000005ce                __UCA0TXBUF = 0x5ce
                0x00000000000005d0                __UCA0ABCTL = 0x5d0
                0x00000000000005d2                __UCA0IRCTL_L = 0x5d2
                0x00000000000005d3                __UCA0IRCTL_H = 0x5d3
                0x00000000000005d2                __UCA0IRCTL = 0x5d2
                0x00000000000005dc                __UCA0ICTL_L = 0x5dc
                0x00000000000005dd                __UCA0ICTL_H = 0x5dd
                0x00000000000005dc                __UCA0ICTL = 0x5dc
                0x00000000000005de                __UCA0IV = 0x5de
                0x00000000000005e0                __UCB0CTLW0_L = 0x5e0
                0x00000000000005e1                __UCB0CTLW0_H = 0x5e1
                0x00000000000005e0                __UCB0CTLW0 = 0x5e0
                0x00000000000005e6                __UCB0BRW_L = 0x5e6
                0x00000000000005e7                __UCB0BRW_H = 0x5e7
                0x00000000000005e6                __UCB0BRW = 0x5e6
                0x00000000000005ea                __UCB0STAT = 0x5ea
                0x00000000000005ec                __UCB0RXBUF = 0x5ec
                0x00000000000005ee                __UCB0TXBUF = 0x5ee
                0x00000000000005f0                __UCB0I2COA_L = 0x5f0
                0x00000000000005f1                __UCB0I2COA_H = 0x5f1
                0x00000000000005f0                __UCB0I2COA = 0x5f0
                0x00000000000005f2                __UCB0I2CSA_L = 0x5f2
                0x00000000000005f3                __UCB0I2CSA_H = 0x5f3
                0x00000000000005f2                __UCB0I2CSA = 0x5f2
                0x00000000000005fc                __UCB0ICTL_L = 0x5fc
                0x00000000000005fd                __UCB0ICTL_H = 0x5fd
                0x00000000000005fc                __UCB0ICTL = 0x5fc
                0x00000000000005fe                __UCB0IV = 0x5fe
                0x0000000000000600                __UCA1CTLW0_L = 0x600
                0x0000000000000601                __UCA1CTLW0_H = 0x601
                0x0000000000000600                __UCA1CTLW0 = 0x600
                0x0000000000000606                __UCA1BRW_L = 0x606
                0x0000000000000607                __UCA1BRW_H = 0x607
                0x0000000000000606                __UCA1BRW = 0x606
                0x0000000000000608                __UCA1MCTL = 0x608
                0x000000000000060a                __UCA1STAT = 0x60a
                0x000000000000060c                __UCA1RXBUF = 0x60c
                0x000000000000060e                __UCA1TXBUF = 0x60e
                0x0000000000000610                __UCA1ABCTL = 0x610
                0x0000000000000612                __UCA1IRCTL_L = 0x612
                0x0000000000000613                __UCA1IRCTL_H = 0x613
                0x0000000000000612                __UCA1IRCTL = 0x612
                0x000000000000061c                __UCA1ICTL_L = 0x61c
                0x000000000000061d                __UCA1ICTL_H = 0x61d
                0x000000000000061c                __UCA1ICTL = 0x61c
                0x000000000000061e                __UCA1IV = 0x61e
                0x0000000000000620                __UCB1CTLW0_L = 0x620
                0x0000000000000621                __UCB1CTLW0_H = 0x621
                0x0000000000000620                __UCB1CTLW0 = 0x620
                0x0000000000000626                __UCB1BRW_L = 0x626
                0x0000000000000627                __UCB1BRW_H = 0x627
                0x0000000000000626                __UCB1BRW = 0x626
                0x000000000000062a                __UCB1STAT = 0x62a
                0x000000000000062c                __UCB1RXBUF = 0x62c
                0x000000000000062e                __UCB1TXBUF = 0x62e
                0x0000000000000630                __UCB1I2COA_L = 0x630
                0x0000000000000631                __UCB1I2COA_H = 0x631
                0x0000000000000630                __UCB1I2COA = 0x630
                0x0000000000000632                __UCB1I2CSA_L = 0x632
                0x0000000000000633                __UCB1I2CSA_H = 0x633
                0x0000000000000632                __UCB1I2CSA = 0x632
                0x000000000000063c                __UCB1ICTL_L = 0x63c
                0x000000000000063d                __UCB1ICTL_H = 0x63d
                0x000000000000063c                __UCB1ICTL = 0x63c
                0x000000000000063e                __UCB1IV = 0x63e
                0x000000000000015c                __WDTCTL_L = 0x15c
                0x000000000000015d                __WDTCTL_H = 0x15d
                0x000000000000015c                __WDTCTL = 0x15c

.hash
 *(.hash)

.dynsym
 *(.dynsym)

.dynstr
 *(.dynstr)

.gnu.version
 *(.gnu.version)

.gnu.version_d
 *(.gnu.version_d)

.gnu.version_r
 *(.gnu.version_r)

.rel.init
 *(.rel.init)

.rela.init
 *(.rela.init)

.rel.fini
 *(.rel.fini)

.rela.fini
 *(.rela.fini)

.rel.text
 *(.rel.text .rel.text.* .rel.gnu.linkonce.t.*)

.rela.text
 *(.rela.text .rela.text.* .rela.gnu.linkonce.t.*)

.rel.rodata
 *(.rel.rodata .rel.rodata.* .rel.gnu.linkonce.r.*)

.rela.rodata
 *(.rela.rodata .rela.rodata.* .rela.gnu.linkonce.r.*)

.rel.data
 *(.rel.data .rel.data.* .rel.gnu.linkonce.d.*)

.rela.data
 *(.rela.data .rela.data.* .rela.gnu.linkonce.d.*)

.rel.bss
 *(.rel.bss .rel.bss.* .rel.gnu.linkonce.b.*)

.rela.bss
 *(.rela.bss .rela.bss.* .rela.gnu.linkonce.b.*)

.rel.ctors
 *(.rel.ctors)

.rela.ctors
 *(.rela.ctors)

.rel.dtors
 *(.rel.dtors)

.rela.dtors
 *(.rela.dtors)

.rel.got
 *(.rel.got)

.rela.got
 *(.rela.got)

.rel.plt
 *(.rel.plt)

.rela.plt
 *(.rela.plt)

.text           0x0000000000005c00     0x127a
                0x0000000000005c00                . = ALIGN (0x2)
 *(.init .init.*)
 *(.init0)
 .init0         0x0000000000005c00        0x0 /opt/msp430-47-expr/bin/../lib/gcc/msp430/4.7.0/mcpu-430x/mmpy-16/msr20/mc20/libcrt0.a(_reset_vector__.o)
                0x0000000000005c00                _reset_vector__
 *(.init1)
 .init1         0x0000000000005c00        0xc /opt/msp430-47-expr/bin/../lib/gcc/msp430/4.7.0/mcpu-430x/mmpy-16/msr20/mc20/libcrt0.a(__watchdog_support.o)
                0x0000000000005c00                __watchdog_support
 *(.init2)
 .init2         0x0000000000005c0c        0x4 /opt/msp430-47-expr/bin/../lib/gcc/msp430/4.7.0/mcpu-430x/mmpy-16/msr20/mc20/libcrt0.a(__init_stack.o)
                0x0000000000005c0c                __init_stack
 *(.init3)
 .init3         0x0000000000005c10        0x0 /opt/msp430-47-expr/bin/../lib/gcc/msp430/4.7.0/mcpu-430x/mmpy-16/msr20/mc20/libcrt0.a(__low_level_init.o)
                0x0000000000005c10                __low_level_init
 *(.init4)
 .init4         0x0000000000005c10       0x18 /opt/msp430-47-expr/bin/../lib/gcc/msp430/4.7.0/mcpu-430x/mmpy-16/msr20/mc20/libcrt0.a(_copy_data.o)
                0x0000000000005c10                __do_copy_data
 .init4         0x0000000000005c28       0x16 /opt/msp430-47-expr/bin/../lib/gcc/msp430/4.7.0/mcpu-430x/mmpy-16/msr20/mc20/libcrt0.a(_clear_bss.o)
                0x0000000000005c28                __do_clear_bss
 *(.init5)
 *(.init6)
 *(.init7)
 *(.init8)
 *(.init9)
 .init9         0x0000000000005c3e      0x144 obj_rm090/contiki-rm090-main.o
                0x0000000000005c3e                main
 *(.fini9)
 .fini9         0x0000000000005d82        0x0 /opt/msp430-47-expr/bin/../lib/gcc/msp430/4.7.0/mcpu-430x/mmpy-16/msr20/mc20/libcrt0.a(__stop_progExec__.o)
                0x0000000000005d82                __stop_progExec__
 *(.fini8)
 *(.fini7)
 *(.fini6)
 *(.fini5)
 *(.fini4)
 *(.fini3)
 *(.fini2)
 *(.fini1)
 *(.fini0)
 .fini0         0x0000000000005d82        0x6 /opt/msp430-47-expr/bin/../lib/gcc/msp430/4.7.0/mcpu-430x/mmpy-16/msr20/mc20/libcrt0.a(_endless_loop__.o)
                0x0000000000005d82                _endless_loop__
 *(.fini .fini.*)
                0x0000000000005d88                . = ALIGN (0x2)
                0x0000000000005d88                __ctors_start = .
 *(.ctors)
                0x0000000000005d88                __ctors_end = .
                0x0000000000005d88                __dtors_start = .
 *(.dtors)
                0x0000000000005d88                __dtors_end = .
                0x0000000000005d88                . = ALIGN (0x2)
 *(.text .text.* .gnu.linkonce.t.*)
 .text          0x0000000000005d88        0x4 /opt/msp430-47-expr/bin/../lib/gcc/msp430/4.7.0/mcpu-430x/mmpy-16/msr20/mc20/crt0ivtbl64.o
                0x0000000000005d88                __isr_37
                0x0000000000005d88                __isr_51
                0x0000000000005d88                __isr_57
                0x0000000000005d88                __isr_33
                0x0000000000005d88                __isr_32
                0x0000000000005d88                __isr_54
                0x0000000000005d88                __isr_42
                0x0000000000005d88                __isr_59
                0x0000000000005d88                __isr_39
                0x0000000000005d88                __isr_53
                0x0000000000005d88                __isr_41
                0x0000000000005d88                __isr_60
                0x0000000000005d88                __isr_36
                0x0000000000005d88                __isr_34
                0x0000000000005d88                __isr_44
                0x0000000000005d88                __isr_61
                0x0000000000005d88                __isr_55
                0x0000000000005d88                __isr_43
                0x0000000000005d88                __isr_50
                0x0000000000005d88                __isr_56
                0x0000000000005d88                __isr_38
                0x0000000000005d88                __isr_35
                0x0000000000005d88                __isr_45
                0x0000000000005d88                __isr_62
                0x0000000000005d88                __isr_52
                0x0000000000005d88                __isr_40
 .text.libgcc   0x0000000000005d8c       0x22 /opt/msp430-47-expr/bin/../lib/gcc/msp430/4.7.0/mcpu-430x/mmpy-16/msr20/mc20/libgcc.a(_udivmod16.o)
                0x0000000000005d8c                __udivhi3
                0x0000000000005d8c                __ext_udivmod16
                0x0000000000005da6                __umodhi3
 .text.libgcc   0x0000000000005dae       0x3a /opt/msp430-47-expr/bin/../lib/gcc/msp430/4.7.0/mcpu-430x/mmpy-16/msr20/mc20/libgcc.a(_divmod16.o)
                0x0000000000005dae                __ext_divmod16
                0x0000000000005dae                __divhi3
                0x0000000000005de0                __modhi3
 .text.libgcc   0x0000000000005de8       0x38 /opt/msp430-47-expr/bin/../lib/gcc/msp430/4.7.0/mcpu-430x/mmpy-16/msr20/mc20/libgcc.a(_udivmod32.o)
                0x0000000000005de8                __udivsi3
                0x0000000000005de8                __ext_udivmod32
                0x0000000000005e16                __umodsi3
 .text.libgcc   0x0000000000005e20       0x4c /opt/msp430-47-expr/bin/../lib/gcc/msp430/4.7.0/mcpu-430x/mmpy-16/msr20/mc20/libgcc.a(_divmod32.o)
                0x0000000000005e20                __ext_divmod32
                0x0000000000005e20                __divsi3
                0x0000000000005e62                __modsi3
 .text.ldiv     0x0000000000005e6c       0x12 /opt/msp430-47-expr/bin/../lib/gcc/msp430/4.7.0/../../../../msp430/lib/mcpu-430x/mmpy-16/msr20/mc20/libc.a(ldiv.o)
                0x0000000000005e6c                ldiv
 .text.libgcc   0x0000000000005e7e       0x26 /opt/msp430-47-expr/bin/../lib/gcc/msp430/4.7.0/mcpu-430x/mmpy-16/msr20/mc20/libgcc.a(_mulsi3.o)
                0x0000000000005e7e                __mulsi3
 .text.libgcc   0x0000000000005ea4       0xbc /opt/msp430-47-expr/bin/../lib/gcc/msp430/4.7.0/mcpu-430x/mmpy-16/msr20/mc20/libgcc.a(_udivmod64.o)
                0x0000000000005ea4                __xabi_udivmod64
                0x0000000000005ef6                __udivdi3
                0x0000000000005f10                __umoddi3
                0x0000000000005f32                __udivmoddi4
 .text.crt0     0x0000000000005f60        0x2 /opt/msp430-47-expr/bin/../lib/gcc/msp430/4.7.0/mcpu-430x/mmpy-16/msr20/mc20/libcrt0.a(_unexpected_.o)
                0x0000000000005f60                _unexpected_
 *(.near.text .near.text.*)
 .near.text.uart1_rx_interrupt
                0x0000000000005f62       0x36 contiki-rm090.a(uart1.o)
                0x0000000000005f62                __isr_46
                0x0000000000005f62                uart1_rx_interrupt
 .near.text.cc2520_port1_interrupt
                0x0000000000005f98       0x14 contiki-rm090.a(cc2520-arch.o)
                0x0000000000005f98                __isr_47
                0x0000000000005f98                cc2520_port1_interrupt
 .near.text.timera1
                0x0000000000005fac       0xec contiki-rm090.a(clock.o)
                0x0000000000005fac                __isr_48
                0x0000000000005fac                timera1
 .near.text.watchdog_interrupt
                0x0000000000006098        0x6 contiki-rm090.a(watchdog.o)
                0x0000000000006098                watchdog_interrupt
                0x0000000000006098                __isr_58
 .near.text.timera0
                0x000000000000609e       0x22 contiki-rm090.a(rtimer-arch.o)
                0x000000000000609e                __isr_49
                0x000000000000609e                timera0
 .any.text.atol
                0x00000000000060c0        0xc /opt/msp430-47-expr/bin/../lib/gcc/msp430/4.7.0/../../../../msp430/lib/mcpu-430x/mmpy-16/msr20/mc20/libc.a(atol.o)
                0x00000000000060c0                atol
 .any.text.atoi
                0x00000000000060cc       0x82 /opt/msp430-47-expr/bin/../lib/gcc/msp430/4.7.0/../../../../msp430/lib/mcpu-430x/mmpy-16/msr20/mc20/libc.a(atoi.o)
                0x00000000000060cc                atoi
 .any.text.strtol
                0x000000000000614e      0x186 /opt/msp430-47-expr/bin/../lib/gcc/msp430/4.7.0/../../../../msp430/lib/mcpu-430x/mmpy-16/msr20/mc20/libc.a(strtol.o)
                0x000000000000614e                strtol
 .any.text.printf
                0x00000000000062d4       0x10 /opt/msp430-47-expr/bin/../lib/gcc/msp430/4.7.0/../../../../msp430/lib/mcpu-430x/mmpy-16/msr20/mc20/libc.a(printf.o)
                0x00000000000062d4                printf
 .any.text.print_field
                0x00000000000062e4      0x176 /opt/msp430-47-expr/bin/../lib/gcc/msp430/4.7.0/../../../../msp430/lib/mcpu-430x/mmpy-16/msr20/mc20/libc.a(vuprintf.o)
 .any.text.vuprintf
                0x000000000000645a      0x74c /opt/msp430-47-expr/bin/../lib/gcc/msp430/4.7.0/../../../../msp430/lib/mcpu-430x/mmpy-16/msr20/mc20/libc.a(vuprintf.o)
                0x000000000000645a                vuprintf
 .any.text.puts
                0x0000000000006ba6       0x2c /opt/msp430-47-expr/bin/../lib/gcc/msp430/4.7.0/../../../../msp430/lib/mcpu-430x/mmpy-16/msr20/mc20/libc.a(puts.o)
                0x0000000000006ba6                puts
 .any.text.rand
                0x0000000000006bd2       0x26 /opt/msp430-47-expr/bin/../lib/gcc/msp430/4.7.0/../../../../msp430/lib/mcpu-430x/mmpy-16/msr20/mc20/libc.a(rand.o)
                0x0000000000006bd2                rand
 .any.text.strncmp
                0x0000000000006bf8       0x2a /opt/msp430-47-expr/bin/../lib/gcc/msp430/4.7.0/../../../../msp430/lib/mcpu-430x/mmpy-16/msr20/mc20/libc.a(strncmp.o)
                0x0000000000006bf8                strncmp
 .any.text.memcmp
                0x0000000000006c22       0x2c /opt/msp430-47-expr/bin/../lib/gcc/msp430/4.7.0/../../../../msp430/lib/mcpu-430x/mmpy-16/msr20/mc20/libc.a(memcmp.o)
                0x0000000000006c22                memcmp
 .any.text.memcpy
                0x0000000000006c4e       0xe8 /opt/msp430-47-expr/bin/../lib/gcc/msp430/4.7.0/../../../../msp430/lib/mcpu-430x/mmpy-16/msr20/mc20/libc.a(memcpy.o)
                0x0000000000006c4e                memcpy
 .any.text.memmove
                0x0000000000006d36       0xe8 /opt/msp430-47-expr/bin/../lib/gcc/msp430/4.7.0/../../../../msp430/lib/mcpu-430x/mmpy-16/msr20/mc20/libc.a(memmove.o)
                0x0000000000006d36                memmove
 .any.text.memset
                0x0000000000006e1e       0x5c /opt/msp430-47-expr/bin/../lib/gcc/msp430/4.7.0/../../../../msp430/lib/mcpu-430x/mmpy-16/msr20/mc20/libc.a(memset.o)
                0x0000000000006e1e                memset

.rodata         0x0000000000006e7c      0x315
                0x0000000000006e7c                . = ALIGN (0x2)
 *(.rodata .rodata.* .gnu.linkonce.r.*)
 .rodata.getfromjson
                0x0000000000006e7c       0x1e udp-server.co
 .rodata.process_thread_udp_server_process
                0x0000000000006e9a       0x17 udp-server.co
 *fill*         0x0000000000006eb1        0x1 00
 .rodata.autostart_processes
                0x0000000000006eb2        0x4 udp-server.co
                0x0000000000006eb2                autostart_processes
 .rodata        0x0000000000006eb6       0x13 udp-server.co
 .rodata.event_listener
                0x0000000000006ec9       0x28 contiki-rm090.a(serial-control-)
 *fill*         0x0000000000006ef1        0x1 00
 .rodata        0x0000000000006ef2       0x34 contiki-rm090.a(serial-control-)
 .rodata.process_thread_serial_control_process
                0x0000000000006f26       0x84 contiki-rm090.a(serial-control-)
 .rodata.serial_control_interface_init
                0x0000000000006faa       0x22 contiki-rm090.a(serial-control-)
 .rodata        0x0000000000006fcc        0x8 contiki-rm090.a(sensors.o)
 .rodata        0x0000000000006fd4        0x7 contiki-rm090.a(button-sensor.o)
 *fill*         0x0000000000006fdb        0x1 00
 .rodata.button_sensor
                0x0000000000006fdc        0xe contiki-rm090.a(button-sensor.o)
                0x0000000000006fdc                button_sensor
 .rodata        0x0000000000006fea        0x6 contiki-rm090.a(radio-sensor.o)
 .rodata.radio_sensor
                0x0000000000006ff0        0xe contiki-rm090.a(radio-sensor.o)
                0x0000000000006ff0                radio_sensor
 .rodata.cc2520_driver
                0x0000000000006ffe       0x38 contiki-rm090.a(cc2520.o)
                0x0000000000006ffe                cc2520_driver
 .rodata        0x0000000000007036        0xe contiki-rm090.a(cc2520.o)
 .rodata        0x0000000000007044        0xf contiki-rm090.a(ctimer.o)
 .rodata        0x0000000000007053        0xc contiki-rm090.a(etimer.o)
 .rodata        0x000000000000705f        0xe contiki-rm090.a(serial-line.o)
 *fill*         0x000000000000706d        0x3 00
 .rodata.uip_process
                0x0000000000007070       0x40 contiki-rm090.a(uip6.o)
 .rodata        0x00000000000070b0        0xb contiki-rm090.a(sicslowpan.o)
 *fill*         0x00000000000070bb        0x1 00
 .rodata.sicslowpan_driver
                0x00000000000070bc        0xa contiki-rm090.a(sicslowpan.o)
                0x00000000000070bc                sicslowpan_driver
 .rodata.llprefix
                0x00000000000070c6        0x2 contiki-rm090.a(sicslowpan.o)
                0x00000000000070c6                llprefix
 .rodata.unc_mxconf
                0x00000000000070c8        0x4 contiki-rm090.a(sicslowpan.o)
                0x00000000000070c8                unc_mxconf
 .rodata.unc_ctxconf
                0x00000000000070cc        0x4 contiki-rm090.a(sicslowpan.o)
                0x00000000000070cc                unc_ctxconf
 .rodata.unc_llconf
                0x00000000000070d0        0x4 contiki-rm090.a(sicslowpan.o)
                0x00000000000070d0                unc_llconf
 .rodata.ttl_values
                0x00000000000070d4        0x4 contiki-rm090.a(sicslowpan.o)
 .rodata        0x00000000000070d8        0xd contiki-rm090.a(tcpip.o)
 .rodata.uip_debug_ipaddr_print
                0x00000000000070e5       0x28 contiki-rm090.a(uip-debug.o)
 *fill*         0x000000000000710d        0x1 00
 .rodata.linkaddr_null
                0x000000000000710e        0x8 contiki-rm090.a(linkaddr.o)
                0x000000000000710e                linkaddr_null
 .rodata.framer_802154
                0x0000000000007116        0xc contiki-rm090.a(framer-802154.o)
                0x0000000000007116                framer_802154
 .rodata        0x0000000000007122        0x5 contiki-rm090.a(csma.o)
 *fill*         0x0000000000007127        0x1 00
 .rodata.csma_driver
                0x0000000000007128       0x1a contiki-rm090.a(csma.o)
                0x0000000000007128                csma_driver
 .rodata.CSWTCH.16
                0x0000000000007142        0x2 contiki-rm090.a(frame802154.o)
 .rodata        0x0000000000007144        0x9 contiki-rm090.a(macstats.o)
 .rodata        0x000000000000714d        0x8 contiki-rm090.a(nullrdc.o)
 *fill*         0x0000000000007155        0x1 00
 .rodata.nullrdc_driver
                0x0000000000007156       0x1e contiki-rm090.a(nullrdc.o)
                0x0000000000007156                nullrdc_driver
 .rodata        0x0000000000007174        0x8 contiki-rm090.a(nullsec.o)
 .rodata.nullsec_driver
                0x000000000000717c        0xe contiki-rm090.a(nullsec.o)
                0x000000000000717c                nullsec_driver
 .rodata.vuprintf
                0x000000000000718a        0x7 /opt/msp430-47-expr/bin/../lib/gcc/msp430/4.7.0/../../../../msp430/lib/mcpu-430x/mmpy-16/msr20/mc20/libc.a(vuprintf.o)
 *(.near.rodata .near.rodata.*)
                0x0000000000007192                . = ALIGN (0x2)
                0x0000000000007192                _etext = .

.data           0x0000000000001c00      0x26e load address 0x0000000000007192
                0x0000000000001c00                . = ALIGN (0x2)
                0x0000000000001c00                __data_start = .
 *(.data .data.* .gnu.linkonce.d.*)
 .data.CORAL_latency
                0x0000000000001c00        0xc udp-server.co
                0x0000000000001c00                CORAL_latency
 .data.CORAL_icmp_recv_total_sink
                0x0000000000001c0c        0xc udp-server.co
                0x0000000000001c0c                CORAL_icmp_recv_total_sink
 .data.CORAL_icmp_send_total_sink
                0x0000000000001c18        0xc udp-server.co
                0x0000000000001c18                CORAL_icmp_send_total_sink
 .data.CORAL_udp_recv_total_sink
                0x0000000000001c24        0xc udp-server.co
                0x0000000000001c24                CORAL_udp_recv_total_sink
 .data.CORAL_udp_send_total_sink
                0x0000000000001c30        0xc udp-server.co
                0x0000000000001c30                CORAL_udp_send_total_sink
 .data.CORAL_icmp_recv
                0x0000000000001c3c        0xc udp-server.co
                0x0000000000001c3c                CORAL_icmp_recv
 .data.CORAL_icmp_send
                0x0000000000001c48        0xc udp-server.co
                0x0000000000001c48                CORAL_icmp_send
 .data.CORAL_udp_recv
                0x0000000000001c54        0xc udp-server.co
                0x0000000000001c54                CORAL_udp_recv
 .data.CORAL_udp_send
                0x0000000000001c60        0xc udp-server.co
                0x0000000000001c60                CORAL_udp_send
 .data.IEEE802154_phyCurrentChannel
                0x0000000000001c6c        0xc udp-server.co
                0x0000000000001c6c                IEEE802154_phyCurrentChannel
 .data.IEEE802154_RPL_Imin
                0x0000000000001c78        0xc udp-server.co
                0x0000000000001c78                IEEE802154_RPL_Imin
 .data.CORAL_signal_rssi
                0x0000000000001c84        0xc udp-server.co
                0x0000000000001c84                CORAL_signal_rssi
 .data.IEEE802154_macShortAddress
                0x0000000000001c90        0xc udp-server.co
                0x0000000000001c90                IEEE802154_macShortAddress
 .data.curChannel
                0x0000000000001c9c        0x1 udp-server.co
                0x0000000000001c9c                curChannel
 *fill*         0x0000000000001c9d        0x1 00
 .data.udp_server_process
                0x0000000000001c9e        0xc udp-server.co
                0x0000000000001c9e                udp_server_process
 .data.rtimer_secs
                0x0000000000001caa        0x2 udp-server.co
                0x0000000000001caa                rtimer_secs
 .data.node_id  0x0000000000001cac        0x2 obj_rm090/contiki-rm090-main.o
                0x0000000000001cac                node_id
 .data.serial_control_process
                0x0000000000001cae        0xc contiki-rm090.a(serial-control-)
                0x0000000000001cae                serial_control_process
 .data.sensors  0x0000000000001cba        0x4 contiki-rm090.a(contiki-rm090-p)
                0x0000000000001cba                sensors
 .data.sensors_process
                0x0000000000001cbe        0xc contiki-rm090.a(sensors.o)
                0x0000000000001cbe                sensors_process
 .data.cc2520_process
                0x0000000000001cca        0xc contiki-rm090.a(cc2520.o)
                0x0000000000001cca                cc2520_process
 .data.cur_break
                0x0000000000001cd6        0x2 contiki-rm090.a(msp430.o)
 .data.ctimer_process
                0x0000000000001cd8        0xc contiki-rm090.a(ctimer.o)
                0x0000000000001cd8                ctimer_process
 .data.etimer_process
                0x0000000000001ce4        0xc contiki-rm090.a(etimer.o)
                0x0000000000001ce4                etimer_process
 .data.serial_line_process
                0x0000000000001cf0        0xc contiki-rm090.a(serial-line.o)
                0x0000000000001cf0                serial_line_process
 .data.nbr_routes
                0x0000000000001cfc        0x2 contiki-rm090.a(uip-ds6-route.o)
                0x0000000000001cfc                nbr_routes
 .data.routememb
                0x0000000000001cfe        0x8 contiki-rm090.a(uip-ds6-route.o)
 .data.defaultroutermemb
                0x0000000000001d06        0x8 contiki-rm090.a(uip-ds6-route.o)
 .data.neighborroutememb
                0x0000000000001d0e        0x8 contiki-rm090.a(uip-ds6-route.o)
 .data.nbr_routes_struct
                0x0000000000001d16        0xa contiki-rm090.a(uip-ds6-route.o)
 .data.ds6_neighbors
                0x0000000000001d20        0x2 contiki-rm090.a(uip-ds6-nbr.o)
                0x0000000000001d20                ds6_neighbors
 .data.ds6_neighbors_struct
                0x0000000000001d22        0xa contiki-rm090.a(uip-ds6-nbr.o)
 .data.tcpip_process
                0x0000000000001d2c        0xc contiki-rm090.a(tcpip.o)
                0x0000000000001d2c                tcpip_process
 .data.rpl_default_lifetime
                0x0000000000001d38        0x1 contiki-rm090.a(rpl-control.o)
                0x0000000000001d38                rpl_default_lifetime
 .data.rpl_dio_redundancy
                0x0000000000001d39        0x1 contiki-rm090.a(rpl-control.o)
                0x0000000000001d39                rpl_dio_redundancy
 .data.rpl_dio_interval_doublings
                0x0000000000001d3a        0x1 contiki-rm090.a(rpl-control.o)
                0x0000000000001d3a                rpl_dio_interval_doublings
 .data.rpl_dio_interval_min
                0x0000000000001d3b        0x1 contiki-rm090.a(rpl-control.o)
                0x0000000000001d3b                rpl_dio_interval_min
 .data.rpl_parents
                0x0000000000001d3c        0x2 contiki-rm090.a(rpl-dag.o)
                0x0000000000001d3c                rpl_parents
 .data.rpl_parents_struct
                0x0000000000001d3e        0xa contiki-rm090.a(rpl-dag.o)
 .data.buframmem
                0x0000000000001d48        0x8 contiki-rm090.a(queuebuf.o)
 .data.bufmem   0x0000000000001d50        0x8 contiki-rm090.a(queuebuf.o)
 .data.neighbor_addr_mem
                0x0000000000001d58        0x8 contiki-rm090.a(nbr-table.o)
 .data.link_stats_struct
                0x0000000000001d60        0xa contiki-rm090.a(link-stats.o)
 .data.CSMA_MAX_MAX_FRAME_RETRIES
                0x0000000000001d6a        0x1 contiki-rm090.a(csma.o)
                0x0000000000001d6a                CSMA_MAX_MAX_FRAME_RETRIES
 .data.CSMA_MAX_BACKOFF
                0x0000000000001d6b        0x1 contiki-rm090.a(csma.o)
                0x0000000000001d6b                CSMA_MAX_BACKOFF
 .data.CSMA_MAX_BE
                0x0000000000001d6c        0x1 contiki-rm090.a(csma.o)
                0x0000000000001d6c                CSMA_MAX_BE
 *fill*         0x0000000000001d6d        0x1 00
 .data.CSMA_CW  0x0000000000001d6e        0x4 contiki-rm090.a(csma.o)
                0x0000000000001d6e                CSMA_CW
 .data.neighbor_memb
                0x0000000000001d72        0x8 contiki-rm090.a(csma.o)
 .data.packet_memb
                0x0000000000001d7a        0x8 contiki-rm090.a(csma.o)
 .data.metadata_memb
                0x0000000000001d82        0x8 contiki-rm090.a(csma.o)
 .data.node_address
                0x0000000000001d8a        0xc contiki-rm090.a(csma.o)
 .data.mac_pan_id
                0x0000000000001d96        0x2 contiki-rm090.a(frame802154.o)
 .data.macstats_event_process
                0x0000000000001d98        0xc contiki-rm090.a(macstats.o)
                0x0000000000001d98                macstats_event_process
 .data.IEEE802154_event_macStats
                0x0000000000001da4        0xa contiki-rm090.a(macstats.o)
                0x0000000000001da4                IEEE802154_event_macStats
 .data.event_interval
                0x0000000000001dae        0x4 contiki-rm090.a(macstats.o)
                0x0000000000001dae                event_interval
 .data.base64chars
                0x0000000000001db2       0x41 contiki-rm090.a(base64.o)
                0x0000000000001db2                base64chars
 *fill*         0x0000000000001df3        0x1 00
 .data.echo_request_handler
                0x0000000000001df4        0x8 contiki-rm090.a(uip-icmp6.o)
 .data.echo_reply_handler
                0x0000000000001dfc        0x8 contiki-rm090.a(uip-icmp6.o)
 .data.dao_sequence
                0x0000000000001e04        0x1 contiki-rm090.a(rpl-icmp6.o)
 *fill*         0x0000000000001e05        0x1 00
 .data.dis_handler
                0x0000000000001e06        0x8 contiki-rm090.a(rpl-icmp6.o)
 .data.dio_handler
                0x0000000000001e0e        0x8 contiki-rm090.a(rpl-icmp6.o)
 .data.dao_handler
                0x0000000000001e16        0x8 contiki-rm090.a(rpl-icmp6.o)
 .data.dao_ack_handler
                0x0000000000001e1e        0x8 contiki-rm090.a(rpl-icmp6.o)
 .data.rpl_of0  0x0000000000001e26       0x22 contiki-rm090.a(rpl-of0.o)
                0x0000000000001e26                rpl_of0
 .data.rpl_mrhof
                0x0000000000001e48       0x22 contiki-rm090.a(rpl-mrhof.o)
                0x0000000000001e48                rpl_mrhof
 .data.next     0x0000000000001e6a        0x4 /opt/msp430-47-expr/bin/../lib/gcc/msp430/4.7.0/../../../../msp430/lib/mcpu-430x/mmpy-16/msr20/mc20/libc.a(rand.o)
 *(.near.data .near.data.*)
                0x0000000000001e6e                . = ALIGN (0x2)
                0x0000000000001e6e                _edata = .
                0x0000000000007192                __data_load_start = LOADADDR (.data)
                0x000000000000026e                __data_size = SIZEOF (.data)

.bss            0x0000000000001e6e     0x1e1e load address 0x0000000000007400
                0x0000000000001e6e                __bss_start = .
 *(.bss .bss.*)
 .bss.rc        0x0000000000001e6e        0x2 udp-server.co
                0x0000000000001e6e                rc
 .bss.sc        0x0000000000001e70        0x2 udp-server.co
                0x0000000000001e70                sc
 .bss.sd        0x0000000000001e72        0x2 udp-server.co
                0x0000000000001e72                sd
 .bss.myaddress
                0x0000000000001e74        0x1 udp-server.co
                0x0000000000001e74                myaddress
 .bss.rssi      0x0000000000001e75        0x1 udp-server.co
                0x0000000000001e75                rssi
 .bss.SD        0x0000000000001e76       0x1e udp-server.co
 .bss.RD        0x0000000000001e94       0x1e udp-server.co
 .bss.SC        0x0000000000001eb2       0x1e udp-server.co
 .bss.RC        0x0000000000001ed0       0x1e udp-server.co
 .bss.server_conn
                0x0000000000001eee        0x2 udp-server.co
 .bss.TT        0x0000000000001ef0       0x1e udp-server.co
 .bss.irq_energest.4734
                0x0000000000001f0e        0x4 obj_rm090/contiki-rm090-main.o
 .bss.timer_ctimer
                0x0000000000001f12       0x16 contiki-rm090.a(param-repo.o)
 .bss.transaction_in_progress
                0x0000000000001f28        0x2 contiki-rm090.a(serial-control-)
                0x0000000000001f28                transaction_in_progress
 .bss.transmitting
                0x0000000000001f2a        0x1 contiki-rm090.a(uart1.o)
 *fill*         0x0000000000001f2b        0x1 00
 .bss.uart1_input_handler
                0x0000000000001f2c        0x4 contiki-rm090.a(uart1.o)
 .bss.num_sensors
                0x0000000000001f30        0x1 contiki-rm090.a(sensors.o)
 *fill*         0x0000000000001f31        0x1 00
 .bss.i.2756    0x0000000000001f32        0x2 contiki-rm090.a(sensors.o)
 .bss.events.2757
                0x0000000000001f34        0x2 contiki-rm090.a(sensors.o)
 .bss.debouncetimer
                0x0000000000001f36        0x8 contiki-rm090.a(button-sensor.o)
 .bss.last_packet_timestamp
                0x0000000000001f3e        0x2 contiki-rm090.a(cc2520.o)
 .bss.receive_on
                0x0000000000001f40        0x1 contiki-rm090.a(cc2520.o)
 .bss.locked    0x0000000000001f41        0x1 contiki-rm090.a(cc2520.o)
 .bss.lock_off  0x0000000000001f42        0x1 contiki-rm090.a(cc2520.o)
 .bss.lock_on   0x0000000000001f43        0x1 contiki-rm090.a(cc2520.o)
 .bss.channel   0x0000000000001f44        0x2 contiki-rm090.a(cc2520.o)
 .bss.last_tar  0x0000000000001f46        0x2 contiki-rm090.a(clock.o)
 .bss.count     0x0000000000001f48        0x4 contiki-rm090.a(clock.o)
 .bss.usecs     0x0000000000001f4c        0x4 contiki-rm090.a(clock.o)
 .bss.seconds   0x0000000000001f50        0x4 contiki-rm090.a(clock.o)
 .bss.leds      0x0000000000001f54        0x1 contiki-rm090.a(leds.o)
 *fill*         0x0000000000001f55        0x1 00
 .bss.counter   0x0000000000001f56        0x2 contiki-rm090.a(watchdog.o)
 .bss.initialized
                0x0000000000001f58        0x1 contiki-rm090.a(ctimer.o)
 *fill*         0x0000000000001f59        0x1 00
 .bss.ctimer_list_list
                0x0000000000001f5a        0x2 contiki-rm090.a(ctimer.o)
 .bss.timerlist
                0x0000000000001f5c        0x2 contiki-rm090.a(etimer.o)
 .bss.next_expiration
                0x0000000000001f5e        0x4 contiki-rm090.a(etimer.o)
 .bss.poll_requested
                0x0000000000001f62        0x1 contiki-rm090.a(process.o)
 *fill*         0x0000000000001f63        0x1 00
 .bss.process_current
                0x0000000000001f64        0x2 contiki-rm090.a(process.o)
                0x0000000000001f64                process_current
 .bss.process_list
                0x0000000000001f66        0x2 contiki-rm090.a(process.o)
                0x0000000000001f66                process_list
 .bss.lastevent
                0x0000000000001f68        0x1 contiki-rm090.a(process.o)
 .bss.fevent    0x0000000000001f69        0x1 contiki-rm090.a(process.o)
 .bss.nevents   0x0000000000001f6a        0x1 contiki-rm090.a(process.o)
 *fill*         0x0000000000001f6b        0x1 00
 .bss.events    0x0000000000001f6c       0x30 contiki-rm090.a(process.o)
 .bss.next_rtimer
                0x0000000000001f9c        0x2 contiki-rm090.a(rtimer.o)
 .bss.overflow.2734
                0x0000000000001f9e        0x1 contiki-rm090.a(serial-line.o)
 *fill*         0x0000000000001f9f        0x1 00
 .bss.rxbuf     0x0000000000001fa0        0x6 contiki-rm090.a(serial-line.o)
 .bss.ptr.2741  0x0000000000001fa6        0x2 contiki-rm090.a(serial-line.o)
 .bss.buf.2740  0x0000000000001fa8       0x80 contiki-rm090.a(serial-line.o)
 .bss.rxbuf_data
                0x0000000000002028       0x80 contiki-rm090.a(serial-line.o)
 .bss.loc_fipaddr
                0x00000000000020a8       0x10 contiki-rm090.a(uip-ds6.o)
 .bss.locaddr   0x00000000000020b8        0x2 contiki-rm090.a(uip-ds6.o)
 .bss.locprefix
                0x00000000000020ba        0x2 contiki-rm090.a(uip-ds6.o)
 .bss.locmaddr  0x00000000000020bc        0x2 contiki-rm090.a(uip-ds6.o)
 .bss.notificationlist_list
                0x00000000000020be        0x2 contiki-rm090.a(uip-ds6-route.o)
 .bss.defaultrouterlist_list
                0x00000000000020c0        0x2 contiki-rm090.a(uip-ds6-route.o)
 .bss.routelist_list
                0x00000000000020c2        0x2 contiki-rm090.a(uip-ds6-route.o)
 .bss.num_routes
                0x00000000000020c4        0x2 contiki-rm090.a(uip-ds6-route.o)
 .bss.routememb_memb_count
                0x00000000000020c6        0xa contiki-rm090.a(uip-ds6-route.o)
 .bss.routememb_memb_mem
                0x00000000000020d0      0x140 contiki-rm090.a(uip-ds6-route.o)
 .bss.defaultroutermemb_memb_count
                0x0000000000002210        0x2 contiki-rm090.a(uip-ds6-route.o)
 .bss.defaultroutermemb_memb_mem
                0x0000000000002212       0x38 contiki-rm090.a(uip-ds6-route.o)
 .bss.neighborroutememb_memb_count
                0x000000000000224a        0xa contiki-rm090.a(uip-ds6-route.o)
 .bss.neighborroutememb_memb_mem
                0x0000000000002254       0x28 contiki-rm090.a(uip-ds6-route.o)
 .bss._nbr_routes_mem
                0x000000000000227c       0x28 contiki-rm090.a(uip-ds6-route.o)
 .bss.uip_ext_opt_offset
                0x00000000000022a4        0x1 contiki-rm090.a(uip6.o)
                0x00000000000022a4                uip_ext_opt_offset
 .bss.uip_ext_len
                0x00000000000022a5        0x1 contiki-rm090.a(uip6.o)
                0x00000000000022a5                uip_ext_len
 .bss.uip_ext_bitmap
                0x00000000000022a6        0x1 contiki-rm090.a(uip6.o)
                0x00000000000022a6                uip_ext_bitmap
 *fill*         0x00000000000022a7        0x1 00
 .bss.lastport  0x00000000000022a8        0x2 contiki-rm090.a(uip6.o)
 .bss.iss       0x00000000000022aa        0x4 contiki-rm090.a(uip6.o)
 .bss._ds6_neighbors_mem
                0x00000000000022ae       0xb4 contiki-rm090.a(uip-ds6-nbr.o)
 .bss.callback  0x0000000000002362        0x2 contiki-rm090.a(sicslowpan.o)
 .bss.addr_contexts
                0x0000000000002364       0x14 contiki-rm090.a(sicslowpan.o)
 .bss.uncomp_hdr_len
                0x0000000000002378        0x1 contiki-rm090.a(sicslowpan.o)
 .bss.packetbuf_hdr_len
                0x0000000000002379        0x1 contiki-rm090.a(sicslowpan.o)
 .bss.packetbuf_ptr
                0x000000000000237a        0x2 contiki-rm090.a(sicslowpan.o)
 .bss.last_tx_status
                0x000000000000237c        0x2 contiki-rm090.a(sicslowpan.o)
 .bss.my_tag    0x000000000000237e        0x2 contiki-rm090.a(sicslowpan.o)
 .bss.packetbuf_payload_len
                0x0000000000002380        0x2 contiki-rm090.a(sicslowpan.o)
 .bss.hc06_ptr  0x0000000000002382        0x2 contiki-rm090.a(sicslowpan.o)
 .bss.context   0x0000000000002384        0x2 contiki-rm090.a(sicslowpan.o)
 .bss.last_rssi
                0x0000000000002386        0x2 contiki-rm090.a(sicslowpan.o)
 .bss.frag_info
                0x0000000000002388      0x168 contiki-rm090.a(sicslowpan.o)
 .bss.frag_buf  0x00000000000024f0      0x558 contiki-rm090.a(sicslowpan.o)
 .bss.outputfunc
                0x0000000000002a48        0x4 contiki-rm090.a(tcpip.o)
 .bss.s         0x0000000000002a4c       0x22 contiki-rm090.a(tcpip.o)
 .bss.periodic  0x0000000000002a6e        0xc contiki-rm090.a(tcpip.o)
 .bss.mode      0x0000000000002a7a        0x2 contiki-rm090.a(rpl.o)
 .bss._rpl_parents_mem
                0x0000000000002a7c       0x3c contiki-rm090.a(rpl-dag.o)
 .bss.buframmem_memb_count
                0x0000000000002ab8        0x8 contiki-rm090.a(queuebuf.o)
 .bss.buframmem_memb_mem
                0x0000000000002ac0      0x580 contiki-rm090.a(queuebuf.o)
 .bss.bufmem_memb_count
                0x0000000000003040        0x8 contiki-rm090.a(queuebuf.o)
 .bss.bufmem_memb_mem
                0x0000000000003048       0x10 contiki-rm090.a(queuebuf.o)
 .bss.num_tables
                0x0000000000003058        0x2 contiki-rm090.a(nbr-table.o)
 .bss.all_tables
                0x000000000000305a       0x10 contiki-rm090.a(nbr-table.o)
 .bss.used_map  0x000000000000306a        0xa contiki-rm090.a(nbr-table.o)
 .bss.nbr_table_keys_list
                0x0000000000003074        0x2 contiki-rm090.a(nbr-table.o)
 .bss.locked_map
                0x0000000000003076        0xa contiki-rm090.a(nbr-table.o)
 .bss.neighbor_addr_mem_memb_count
                0x0000000000003080        0xa contiki-rm090.a(nbr-table.o)
 .bss.neighbor_addr_mem_memb_mem
                0x000000000000308a       0x64 contiki-rm090.a(nbr-table.o)
 .bss.bufptr    0x00000000000030ee        0x2 contiki-rm090.a(packetbuf.o)
 .bss.buflen    0x00000000000030f0        0x2 contiki-rm090.a(packetbuf.o)
 .bss.hdrlen    0x00000000000030f2        0x1 contiki-rm090.a(packetbuf.o)
 *fill*         0x00000000000030f3        0x1 00
 .bss.packetbuf_aligned
                0x00000000000030f4       0x80 contiki-rm090.a(packetbuf.o)
 .bss._link_stats_mem
                0x0000000000003174       0x64 contiki-rm090.a(link-stats.o)
 .bss.initialized
                0x00000000000031d8        0x1 contiki-rm090.a(framer-802154.o)
 .bss.mac_dsn   0x00000000000031d9        0x1 contiki-rm090.a(framer-802154.o)
 .bss.CSMA_MIN_BE
                0x00000000000031da        0x1 contiki-rm090.a(csma.o)
                0x00000000000031da                CSMA_MIN_BE
 .bss.backoff_algorithm
                0x00000000000031db        0x1 contiki-rm090.a(csma.o)
                0x00000000000031db                backoff_algorithm
 .bss.prevTimestamp
                0x00000000000031dc        0x4 contiki-rm090.a(csma.o)
                0x00000000000031dc                prevTimestamp
 .bss.initialized.3700
                0x00000000000031e0        0x1 contiki-rm090.a(csma.o)
 *fill*         0x00000000000031e1        0x1 00
 .bss.seqno.3701
                0x00000000000031e2        0x2 contiki-rm090.a(csma.o)
 .bss.neighbor_list_list
                0x00000000000031e4        0x2 contiki-rm090.a(csma.o)
 .bss.nodeAddr  0x00000000000031e6        0x2 contiki-rm090.a(csma.o)
 .bss.neighbor_memb_memb_count
                0x00000000000031e8        0x2 contiki-rm090.a(csma.o)
 .bss.neighbor_memb_memb_mem
                0x00000000000031ea       0x4c contiki-rm090.a(csma.o)
 .bss.packet_memb_memb_count
                0x0000000000003236        0x8 contiki-rm090.a(csma.o)
 .bss.packet_memb_memb_mem
                0x000000000000323e       0x30 contiki-rm090.a(csma.o)
 .bss.metadata_memb_memb_count
                0x000000000000326e        0x8 contiki-rm090.a(csma.o)
 .bss.metadata_memb_memb_mem
                0x0000000000003276       0x40 contiki-rm090.a(csma.o)
 .bss.report_counter
                0x00000000000032b6        0x4 contiki-rm090.a(macstats.o)
                0x00000000000032b6                report_counter
 .bss.num_events
                0x00000000000032ba        0x1 contiki-rm090.a(macstats.o)
                0x00000000000032ba                num_events
 .bss.is_pauzed
                0x00000000000032bb        0x1 contiki-rm090.a(macstats.o)
                0x00000000000032bb                is_pauzed
 .bss.et.2697   0x00000000000032bc        0xc contiki-rm090.a(macstats.o)
 .bss.input_handler_list_list
                0x00000000000032c8        0x2 contiki-rm090.a(uip-icmp6.o)
 .bss.tmp_ipaddr
                0x00000000000032ca       0x10 contiki-rm090.a(uip-icmp6.o)
 .bss.echo_reply_callback_list_list
                0x00000000000032da        0x2 contiki-rm090.a(uip-icmp6.o)
 .bss.next_dis  0x00000000000032dc        0x2 contiki-rm090.a(rpl-timers.o)
 .bss.periodic_timer
                0x00000000000032de       0x16 contiki-rm090.a(rpl-timers.o)
 .bss.dio_send_ok
                0x00000000000032f4        0x1 contiki-rm090.a(rpl-timers.o)
 *fill*         0x00000000000032f5        0x1 00
 .bss.num_children
                0x00000000000032f6        0x2 contiki-rm090.a(rpl-nbr-policy.)
 .bss.worst_rank_nbr
                0x00000000000032f8        0x2 contiki-rm090.a(rpl-nbr-policy.)
 .bss.timer_init
                0x00000000000032fa        0x2 contiki-rm090.a(rpl-nbr-policy.)
 .bss.periodic_timer
                0x00000000000032fc       0x16 contiki-rm090.a(rpl-nbr-policy.)
 .bss.worst_rank
                0x0000000000003312        0x2 contiki-rm090.a(rpl-nbr-policy.)
 .bss.num_parents
                0x0000000000003314        0x2 contiki-rm090.a(rpl-nbr-policy.)
 .bss.num_free  0x0000000000003316        0x2 contiki-rm090.a(rpl-nbr-policy.)
 .bss.received_seqnos
                0x0000000000003318       0xe0 contiki-rm090.a(mac-sequence.o)
 *(.near.bss .near.bss.*)
 *(COMMON)
 COMMON         0x00000000000033f8       0xcc contiki-rm090.a(param-repo.o)
                0x00000000000033f8                params
                0x00000000000034c0                events
 COMMON         0x00000000000034c4      0x16e contiki-rm090.a(serial-control-)
                0x00000000000034c4                args
                0x00000000000034d2                rx_buffer
                0x0000000000003552                tx_buffer
                0x00000000000035b2                collect_buffer
 COMMON         0x0000000000003632        0x2 contiki-rm090.a(contiki-rm090-p)
                0x0000000000003632                sensors_flags
 COMMON         0x0000000000003634        0x1 contiki-rm090.a(sensors.o)
                0x0000000000003634                sensors_event
 *fill*         0x0000000000003635        0x1 00
 COMMON         0x0000000000003636       0x13 contiki-rm090.a(cc2520.o)
                0x0000000000003636                cc2520_sfd_counter
                0x0000000000003638                cc2520_sfd_start_time
                0x000000000000363a                cc2520_sfd_end_time
                0x000000000000363c                cc2520_time_of_departure
                0x000000000000363e                cc2520_packets_seen
                0x0000000000003640                cc2520_packets_read
                0x0000000000003642                cc2520_last_rssi
                0x0000000000003644                cc2520_time_of_arrival
                0x0000000000003646                cc2520_authority_level_of_sender
                0x0000000000003648                cc2520_last_correlation
 *fill*         0x0000000000003649        0x1 00
 COMMON         0x000000000000364a        0x2 contiki-rm090.a(msp430.o)
                0x000000000000364a                msp430_dco_required
 COMMON         0x000000000000364c        0x1 contiki-rm090.a(process.o)
                0x000000000000364c                process_maxevents
 COMMON         0x000000000000364d        0x1 contiki-rm090.a(serial-line.o)
                0x000000000000364d                serial_line_event_message
 COMMON         0x000000000000364e      0x15c contiki-rm090.a(uip-ds6.o)
                0x000000000000364e                uip_ds6_timer_ra
                0x0000000000003656                uip_ds6_if
                0x0000000000003742                uip_ds6_netif_addr_list_offset
                0x0000000000003743                uip_ds6_addr_size
                0x0000000000003744                uip_ds6_prefix_list
                0x000000000000379e                uip_ds6_timer_periodic
 COMMON         0x00000000000037aa      0x342 contiki-rm090.a(uip6.o)
                0x00000000000037aa                uip_len
                0x00000000000037ac                uip_sappdata
                0x00000000000037ae                uip_acc32
                0x00000000000037b2                uip_lladdr
                0x00000000000037ba                uip_aligned_buf
                0x00000000000038aa                uip_flags
                0x00000000000038ac                uip_next_hdr
                0x00000000000038ae                uip_udp_conn
                0x00000000000038b0                uip_appdata
                0x00000000000038b2                uip_conn
                0x00000000000038b4                uip_conns
                0x0000000000003964                uip_listenports
                0x0000000000003974                uip_stat
                0x00000000000039b2                uip_slen
                0x00000000000039b4                uip_udp_conns
 COMMON         0x0000000000003aec        0x1 contiki-rm090.a(tcpip.o)
                0x0000000000003aec                tcpip_event
 *fill*         0x0000000000003aed        0x1 00
 COMMON         0x0000000000003aee       0x14 contiki-rm090.a(rpl.o)
                0x0000000000003aee                rpl_stats
 COMMON         0x0000000000003b02      0x110 contiki-rm090.a(rpl-dag.o)
                0x0000000000003b02                default_instance
                0x0000000000003b04                instance_table
 COMMON         0x0000000000003c12       0x2e contiki-rm090.a(packetbuf.o)
                0x0000000000003c12                packetbuf_addrs
                0x0000000000003c22                packetbuf_attrs
 COMMON         0x0000000000003c40        0x8 contiki-rm090.a(linkaddr.o)
                0x0000000000003c40                linkaddr_node_addr
 COMMON         0x0000000000003c48       0x16 contiki-rm090.a(link-stats.o)
                0x0000000000003c48                periodic_timer
 COMMON         0x0000000000003c5e       0x2c contiki-rm090.a(csma.o)
                0x0000000000003c5e                stats
 COMMON         0x0000000000003c8a        0x2 /opt/msp430-47-expr/bin/../lib/gcc/msp430/4.7.0/../../../../msp430/lib/mcpu-430x/mmpy-16/msr20/mc20/libc.a(errno.o)
                0x0000000000003c8a                errno
                0x0000000000003c8c                . = ALIGN (0x2)
                0x0000000000003c8c                __bss_end = .
                0x0000000000001e1e                __bss_size = SIZEOF (.bss)

.noinit         0x0000000000003c8c        0x2 load address 0x0000000000007400
                0x0000000000003c8c                . = ALIGN (0x2)
                0x0000000000003c8c                __noinit_start = .
 *(.noinit .noinit.*)
 .noinit.crt0   0x0000000000003c8c        0x2 /opt/msp430-47-expr/bin/../lib/gcc/msp430/4.7.0/mcpu-430x/mmpy-16/msr20/mc20/libcrt0.a(__watchdog_support.o)
                0x0000000000003c8c                __wdt_clear_value
                0x0000000000003c8e                . = ALIGN (0x2)
                0x0000000000003c8e                __noinit_end = .
                0x0000000000003c8e                . = ALIGN (0x2)
                0x0000000000003c8e                _end = .

.infomem        0x0000000000001800        0x0
                0x0000000000001800                . = ALIGN (0x2)
 *(.infomem .infomem.*)

.infomemnobits  0x0000000000001800        0x0
                0x0000000000001800                . = ALIGN (0x2)
 *(.infomemnobits .infomemnobits.*)

.infoa          0x0000000000001980        0x0
                0x0000000000001980                . = ALIGN (0x2)
 *(.infoa .infoa.*)

.infob          0x0000000000001900        0x0
                0x0000000000001900                . = ALIGN (0x2)
 *(.infob .infob.*)

.infoc          0x0000000000001880        0x0
                0x0000000000001880                . = ALIGN (0x2)
 *(.infoc .infoc.*)

.infod          0x0000000000001800        0x0
                0x0000000000001800                . = ALIGN (0x2)
 *(.infod .infod.*)
                0x000000000000ffff                PROVIDE (__vte_0, 0xffff)
                0x000000000000ffff                PROVIDE (__vte_1, 0xffff)
                0x000000000000ffff                PROVIDE (__vte_2, 0xffff)
                0x000000000000ffff                PROVIDE (__vte_3, 0xffff)
                0x000000000000ffff                PROVIDE (__vte_4, 0xffff)
                0x000000000000ffff                PROVIDE (__vte_5, 0xffff)
                0x000000000000ffff                PROVIDE (__vte_6, 0xffff)
                0x000000000000ffff                PROVIDE (__vte_7, 0xffff)
                0x000000000000ffff                PROVIDE (__vte_8, 0xffff)
                0x000000000000ffff                PROVIDE (__vte_9, 0xffff)
                0x000000000000ffff                PROVIDE (__vte_10, 0xffff)
                0x000000000000ffff                PROVIDE (__vte_11, 0xffff)
                0x000000000000ffff                PROVIDE (__vte_12, 0xffff)
                0x000000000000ffff                PROVIDE (__vte_13, 0xffff)
                0x000000000000ffff                PROVIDE (__vte_14, 0xffff)
                0x000000000000ffff                PROVIDE (__vte_15, 0xffff)
                0x000000000000ffff                PROVIDE (__vte_16, 0xffff)
                0x000000000000ffff                PROVIDE (__vte_17, 0xffff)
                0x000000000000ffff                PROVIDE (__vte_18, 0xffff)
                0x000000000000ffff                PROVIDE (__vte_19, 0xffff)
                0x000000000000ffff                PROVIDE (__vte_20, 0xffff)
                0x000000000000ffff                PROVIDE (__vte_21, 0xffff)
                0x000000000000ffff                PROVIDE (__vte_22, 0xffff)
                0x000000000000ffff                PROVIDE (__vte_23, 0xffff)
                0x000000000000ffff                PROVIDE (__vte_24, 0xffff)
                0x000000000000ffff                PROVIDE (__vte_25, 0xffff)
                0x000000000000ffff                PROVIDE (__vte_26, 0xffff)
                0x000000000000ffff                PROVIDE (__vte_27, 0xffff)
                0x000000000000ffff                PROVIDE (__vte_28, 0xffff)
                0x000000000000ffff                PROVIDE (__vte_29, 0xffff)
                0x000000000000ffff                PROVIDE (__vte_30, 0xffff)
                0x000000000000ffff                PROVIDE (__vte_31, 0xffff)

.vectors        0x000000000000ff80       0x80
                0x000000000000ff80                __vectors_start = .
 *(.vectors*)
 .vectors       0x000000000000ff80       0x80 /opt/msp430-47-expr/bin/../lib/gcc/msp430/4.7.0/mcpu-430x/mmpy-16/msr20/mc20/crt0ivtbl64.o
                0x000000000000ff80                __ivtbl_64
                0x0000000000010000                _vectors_end = .

.fartext        0x0000000000010000        0x0
                0x0000000000010000                . = ALIGN (0x2)
 *(.fartext .fartext.*)

.far.text       0x0000000000010000     0x9cea
                0x0000000000010000                . = ALIGN (0x2)
 *(.far.text .far.text.*)
 .far.text.getParameter
                0x0000000000010000      0x10e udp-server.co
 .far.text.setParameter
                0x000000000001010e       0x22 udp-server.co
 .far.text.getfromjson
                0x0000000000010130       0x8a udp-server.co
                0x0000000000010130                getfromjson
 .far.text.process_thread_udp_server_process
                0x00000000000101ba      0x2fc udp-server.co
 .far.text.stop_event
                0x00000000000104b6       0x10 contiki-rm090.a(param-repo.o)
 .far.text.param_repo_init
                0x00000000000104c6       0x10 contiki-rm090.a(param-repo.o)
                0x00000000000104c6                param_repo_init
 .far.text.param_repo_get_parameter
                0x00000000000104d6       0x18 contiki-rm090.a(param-repo.o)
                0x00000000000104d6                param_repo_get_parameter
 .far.text.param_repo_add_parameter
                0x00000000000104ee       0x20 contiki-rm090.a(param-repo.o)
                0x00000000000104ee                param_repo_add_parameter
 .far.text.param_repo_add_event
                0x000000000001050e       0x20 contiki-rm090.a(param-repo.o)
                0x000000000001050e                param_repo_add_event
 .far.text.param_repo_register_eventlistener
                0x000000000001052e       0x46 contiki-rm090.a(param-repo.o)
                0x000000000001052e                param_repo_register_eventlistener
 .far.text.send_serial_response.constprop.1
                0x0000000000010574      0x106 contiki-rm090.a(serial-control-)
 .far.text.event_listener
                0x000000000001067a       0x7a contiki-rm090.a(serial-control-)
                0x000000000001067a                event_listener
 .far.text.check_serial_header
                0x00000000000106f4       0x1c contiki-rm090.a(serial-control-)
                0x00000000000106f4                check_serial_header
 .far.text.send_error_message
                0x0000000000010710       0x28 contiki-rm090.a(serial-control-)
                0x0000000000010710                send_error_message
 .far.text.process_thread_serial_control_process
                0x0000000000010738      0x278 contiki-rm090.a(serial-control-)
 .far.text.serial_control_interface_init
                0x00000000000109b0       0x14 contiki-rm090.a(serial-control-)
                0x00000000000109b0                serial_control_interface_init
 .far.text.init_platform
                0x00000000000109c4       0x20 contiki-rm090.a(contiki-rm090-p)
                0x00000000000109c4                init_platform
 .far.text.uart1_active